Component: Arm Compiler for Embedded 6.22 Tool: armlink [5ee90200]

==============================================================================

Section Cross References

    startup_stm32f407xx.o(STACK) refers (Special) to heapauxi.o(.text) for __use_two_region_memory
    startup_stm32f407xx.o(HEAP) refers (Special) to heapauxi.o(.text) for __use_two_region_memory
    startup_stm32f407xx.o(RESET) refers (Special) to heapauxi.o(.text) for __use_two_region_memory
    startup_stm32f407xx.o(RESET) refers to startup_stm32f407xx.o(STACK) for __initial_sp
    startup_stm32f407xx.o(RESET) refers to startup_stm32f407xx.o(.text) for Reset_Handler
    startup_stm32f407xx.o(RESET) refers to stm32f4xx_it.o(.text.NMI_Handler) for NMI_Handler
    startup_stm32f407xx.o(RESET) refers to stm32f4xx_it.o(.text.HardFault_Handler) for HardFault_Handler
    startup_stm32f407xx.o(RESET) refers to stm32f4xx_it.o(.text.MemManage_Handler) for MemManage_Handler
    startup_stm32f407xx.o(RESET) refers to stm32f4xx_it.o(.text.BusFault_Handler) for BusFault_Handler
    startup_stm32f407xx.o(RESET) refers to stm32f4xx_it.o(.text.UsageFault_Handler) for UsageFault_Handler
    startup_stm32f407xx.o(RESET) refers to port.o(.text.SVC_Handler) for SVC_Handler
    startup_stm32f407xx.o(RESET) refers to stm32f4xx_it.o(.text.DebugMon_Handler) for DebugMon_Handler
    startup_stm32f407xx.o(RESET) refers to port.o(.text.PendSV_Handler) for PendSV_Handler
    startup_stm32f407xx.o(RESET) refers to port.o(.text.SysTick_Handler) for SysTick_Handler
    startup_stm32f407xx.o(RESET) refers to stm32f4xx_it.o(.text.ADC_IRQHandler) for ADC_IRQHandler
    startup_stm32f407xx.o(RESET) refers to stm32f4xx_it.o(.text.TIM1_UP_TIM10_IRQHandler) for TIM1_UP_TIM10_IRQHandler
    startup_stm32f407xx.o(RESET) refers to stm32f4xx_it.o(.text.TIM3_IRQHandler) for TIM3_IRQHandler
    startup_stm32f407xx.o(RESET) refers to stm32f4xx_it.o(.text.USART1_IRQHandler) for USART1_IRQHandler
    startup_stm32f407xx.o(RESET) refers to stm32f4xx_it.o(.text.USART3_IRQHandler) for USART3_IRQHandler
    startup_stm32f407xx.o(RESET) refers to stm32f4xx_it.o(.text.TIM8_BRK_TIM12_IRQHandler) for TIM8_BRK_TIM12_IRQHandler
    startup_stm32f407xx.o(RESET) refers to stm32f4xx_it.o(.text.TIM8_UP_TIM13_IRQHandler) for TIM8_UP_TIM13_IRQHandler
    startup_stm32f407xx.o(RESET) refers to stm32f4xx_it.o(.text.TIM8_TRG_COM_TIM14_IRQHandler) for TIM8_TRG_COM_TIM14_IRQHandler
    startup_stm32f407xx.o(RESET) refers to stm32f4xx_it.o(.text.TIM6_DAC_IRQHandler) for TIM6_DAC_IRQHandler
    startup_stm32f407xx.o(RESET) refers to stm32f4xx_it.o(.text.USART6_IRQHandler) for USART6_IRQHandler
    startup_stm32f407xx.o(.text) refers (Special) to heapauxi.o(.text) for __use_two_region_memory
    startup_stm32f407xx.o(.text) refers to system_stm32f4xx.o(.text.SystemInit) for SystemInit
    startup_stm32f407xx.o(.text) refers to __main.o(!!!main) for __main
    startup_stm32f407xx.o(.text) refers to startup_stm32f407xx.o(HEAP) for Heap_Mem
    startup_stm32f407xx.o(.text) refers to startup_stm32f407xx.o(STACK) for Stack_Mem
    main.o(.ARM.exidx.text.vApplicationIdleHook) refers to main.o(.text.vApplicationIdleHook) for [Anonymous Symbol]
    main.o(.ARM.exidx.text.vApplicationTickHook) refers to main.o(.text.vApplicationTickHook) for [Anonymous Symbol]
    main.o(.ARM.exidx.text.vApplicationStackOverflowHook) refers to main.o(.text.vApplicationStackOverflowHook) for [Anonymous Symbol]
    main.o(.ARM.exidx.text.vApplicationMallocFailedHook) refers to main.o(.text.vApplicationMallocFailedHook) for [Anonymous Symbol]
    main.o(.text.main) refers to stm32f4xx_hal.o(.text.HAL_Init) for HAL_Init
    main.o(.text.main) refers to main.o(.text.SystemClock_Config) for SystemClock_Config
    main.o(.text.main) refers to gpio.o(.text.MX_GPIO_Init) for MX_GPIO_Init
    main.o(.text.main) refers to tim.o(.text.MX_TIM3_Init) for MX_TIM3_Init
    main.o(.text.main) refers to tim.o(.text.MX_TIM8_Init) for MX_TIM8_Init
    main.o(.text.main) refers to tim.o(.text.MX_TIM12_Init) for MX_TIM12_Init
    main.o(.text.main) refers to tim.o(.text.MX_TIM13_Init) for MX_TIM13_Init
    main.o(.text.main) refers to tim.o(.text.MX_TIM14_Init) for MX_TIM14_Init
    main.o(.text.main) refers to usart.o(.text.MX_USART1_UART_Init) for MX_USART1_UART_Init
    main.o(.text.main) refers to usart.o(.text.MX_USART3_UART_Init) for MX_USART3_UART_Init
    main.o(.text.main) refers to usart.o(.text.MX_USART6_UART_Init) for MX_USART6_UART_Init
    main.o(.text.main) refers to adc.o(.text.MX_ADC1_Init) for MX_ADC1_Init
    main.o(.text.main) refers to adc.o(.text.MX_ADC2_Init) for MX_ADC2_Init
    main.o(.text.main) refers to adc.o(.text.MX_ADC3_Init) for MX_ADC3_Init
    main.o(.text.main) refers to tim.o(.text.MX_TIM10_Init) for MX_TIM10_Init
    main.o(.text.main) refers to tim.o(.text.MX_TIM6_Init) for MX_TIM6_Init
    main.o(.text.main) refers to motor.o(.text.Pwm_Init) for Pwm_Init
[...]
    __cxa_finalize                            - Undefined Weak Reference
    __sigvec_lookup                           - Undefined Weak Reference
    _atexit_init                              - Undefined Weak Reference
    _call_atexit_fns                          - Undefined Weak Reference
    _clock_init                               - Undefined Weak Reference
    _fp_trap_init                             - Undefined Weak Reference
    _fp_trap_shutdown                         - Undefined Weak Reference
    _get_lc_collate                           - Undefined Weak Reference
    _get_lc_monetary                          - Undefined Weak Reference
    _get_lc_time                              - Undefined Weak Reference
    _getenv_init                              - Undefined Weak Reference
    _handle_redirection                       - Undefined Weak Reference
    _init_alloc                               - Undefined Weak Reference
    _init_user_alloc                          - Undefined Weak Reference
    _initio                                   - Undefined Weak Reference
    _printf_post_padding                      - Undefined Weak Reference
    _printf_pre_padding                       - Undefined Weak Reference
    _rand_init                                - Undefined Weak Reference
    _signal_finish                            - Undefined Weak Reference
    _signal_init                              - Undefined Weak Reference
    _terminate_alloc                          - Undefined Weak Reference
    _terminate_user_alloc                     - Undefined Weak Reference
    _terminateio                              - Undefined Weak Reference
    __Vectors_Size                           0x00000188   Number         0  startup_stm32f407xx.o ABSOLUTE
    __Vectors                                0x08000000   Data           4  startup_stm32f407xx.o(RESET)
    __Vectors_End                            0x08000188   Data           0  startup_stm32f407xx.o(RESET)
    __main                                   0x08000189   Thumb Code     8  __main.o(!!!main)
    __scatterload                            0x08000191   Thumb Code     0  __scatter.o(!!!scatter)
    __scatterload_rt2                        0x08000191   Thumb Code    84  __scatter.o(!!!scatter)
    __scatterload_rt2_thumb_only             0x08000191   Thumb Code     0  __scatter.o(!!!scatter)
    __scatterload_loop                       0x0800019b   Thumb Code     0  __scatter.o(!!!scatter)
    __scatterload_copy                       0x080001ed   Thumb Code    26  __scatter_copy.o(!!handler_copy)
    __scatterload_null                       0x08000209   Thumb Code     2  __scatter.o(!!handler_null)
    __scatterload_zeroinit                   0x0800020d   Thumb Code    28  __scatter_zi.o(!!handler_zi)
    _printf_f                                0x08000229   Thumb Code     0  _printf_f.o(.ARM.Collect$$_printf_percent$$00000003)
    _printf_percent                          0x08000229   Thumb Code     0  _printf_percent.o(.ARM.Collect$$_printf_percent$$00000000)
    _printf_percent_end                      0x0800022f   Thumb Code     0  _printf_percent_end.o(.ARM.Collect$$_printf_percent$$00000017)
    __rt_lib_init                            0x08000233   Thumb Code     0  libinit.o(.ARM.Collect$$libinit$$00000000)
    __rt_lib_init_fp_1                       0x08000235   Thumb Code     0  libinit2.o(.ARM.Collect$$libinit$$00000001)
    __rt_lib_init_heap_1                     0x08000239   Thumb Code     0  libinit2.o(.ARM.Collect$$libinit$$0000000C)
    __rt_lib_init_lc_common                  0x08000239   Thumb Code     0  libinit2.o(.ARM.Collect$$libinit$$00000011)
    __rt_lib_init_preinit_1                  0x08000239   Thumb Code     0  libinit2.o(.ARM.Collect$$libinit$$00000006)
    __rt_lib_init_rand_1                     0x08000239   Thumb Code     0  libinit2.o(.ARM.Collect$$libinit$$00000010)
    __rt_lib_init_relocate_pie_1             0x08000239   Thumb Code     0  libinit2.o(.ARM.Collect$$libinit$$00000004)
    __rt_lib_init_user_alloc_1               0x08000239   Thumb Code     0  libinit2.o(.ARM.Collect$$libinit$$0000000E)
    __rt_lib_init_lc_collate_1               0x0800023f   Thumb Code     0  libinit2.o(.ARM.Collect$$libinit$$00000013)
    __rt_lib_init_lc_ctype_1                 0x0800023f   Thumb Code     0  libinit2.o(.ARM.Collect$$libinit$$00000015)
    __rt_lib_init_lc_monetary_1              0x0800023f   Thumb Code     0  libinit2.o(.ARM.Collect$$libinit$$00000017)
    __rt_lib_init_lc_numeric_2               0x0800023f   Thumb Code     0  libinit2.o(.ARM.Collect$$libinit$$00000018)
    __rt_lib_init_alloca_1                   0x08000249   Thumb Code     0  libinit2.o(.ARM.Collect$$libinit$$00000030)
    __rt_lib_init_argv_1                     0x08000249   Thumb Code     0  libinit2.o(.ARM.Collect$$libinit$$0000002E)
    __rt_lib_init_atexit_1                   0x08000249   Thumb Code     0  libinit2.o(.ARM.Collect$$libinit$$0000001D)
    __rt_lib_init_clock_1                    0x08000249   Thumb Code     0  libinit2.o(.ARM.Collect$$libinit$$00000023)
    __rt_lib_init_cpp_1                      0x08000249   Thumb Code     0  libinit2.o(.ARM.Collect$$libinit$$00000034)
    __rt_lib_init_exceptions_1               0x08000249   Thumb Code     0  libinit2.o(.ARM.Collect$$libinit$$00000032)
    __rt_lib_init_fp_trap_1                  0x08000249   Thumb Code     0  libinit2.o(.ARM.Collect$$libinit$$00000021)
    __rt_lib_init_getenv_1                   0x08000249   Thumb Code     0  libinit2.o(.ARM.Collect$$libinit$$00000025)
    __rt_lib_init_lc_numeric_1               0x08000249   Thumb Code     0  libinit2.o(.ARM.Collect$$libinit$$00000019)
    __rt_lib_init_lc_time_1                  0x08000249   Thumb Code     0  libinit2.o(.ARM.Collect$$libinit$$0000001B)
    __rt_lib_init_return                     0x08000249   Thumb Code     0  libinit2.o(.ARM.Collect$$libinit$$00000035)
    __rt_lib_init_signal_1                   0x08000249   Thumb Code     0  libinit2.o(.ARM.Collect$$libinit$$0000001F)
    __rt_lib_init_stdio_1                    0x08000249   Thumb Code     0  libinit2.o(.ARM.Collect$$libinit$$00000027)
    __rt_lib_shutdown                        0x0800024b   Thumb Code     0  libshutdown.o(.ARM.Collect$$libshutdown$$00000000)
    __rt_lib_shutdown_cpp_1                  0x0800024d   Thumb Code     0  libshutdown2.o(.ARM.Collect$$libshutdown$$00000002)
    __rt_lib_shutdown_fp_trap_1              0x0800024d   Thumb Code     0  libshutdown2.o(.ARM.Collect$$libshutdown$$00000007)
    __rt_lib_shutdown_heap_1                 0x0800024d   Thumb Code     0  libshutdown2.o(.ARM.Collect$$libshutdown$$0000000F)
    __rt_lib_shutdown_return                 0x0800024d   Thumb Code     0  libshutdown2.o(.ARM.Collect$$libshutdown$$00000010)
    __rt_lib_shutdown_signal_1               0x0800024d   Thumb Code     0  libshutdown2.o(.ARM.Collect$$libshutdown$$0000000A)
    __rt_lib_shutdown_stdio_1                0x0800024d   Thumb Code     0  libshutdown2.o(.ARM.Collect$$libshutdown$$00000004)
    __rt_lib_shutdown_user_alloc_1           0x0800024d   Thumb Code     0  libshutdown2.o(.ARM.Collect$$libshutdown$$0000000C)
    __rt_entry                               0x0800024f   Thumb Code     0  __rtentry.o(.ARM.Collect$$rtentry$$00000000)
    __rt_entry_presh_1                       0x0800024f   Thumb Code     0  __rtentry2.o(.ARM.Collect$$rtentry$$00000002)
    __rt_entry_sh                            0x0800024f   Thumb Code     0  __rtentry4.o(.ARM.Collect$$rtentry$$00000004)
    __rt_entry_li                            0x08000255   Thumb Code     0  __rtentry2.o(.ARM.Collect$$rtentry$$0000000A)
    __rt_entry_postsh_1                      0x08000255   Thumb Code     0  __rtentry2.o(.ARM.Collect$$rtentry$$00000009)
    __rt_entry_main                          0x08000259   Thumb Code     0  __rtentry2.o(.ARM.Collect$$rtentry$$0000000D)
    __rt_entry_postli_1                      0x08000259   Thumb Code     0  __rtentry2.o(.ARM.Collect$$rtentry$$0000000C)
    __rt_exit                                0x08000261   Thumb Code     0  rtexit.o(.ARM.Collect$$rtexit$$00000000)
    __rt_exit_ls                             0x08000263   Thumb Code     0  rtexit2.o(.ARM.Collect$$rtexit$$00000003)
    __rt_exit_prels_1                        0x08000263   Thumb Code     0  rtexit2.o(.ARM.Collect$$rtexit$$00000002)
    __rt_exit_exit                           0x08000267   Thumb Code     0  rtexit2.o(.ARM.Collect$$rtexit$$00000004)
    Reset_Handler                            0x0800026d   Thumb Code     8  startup_stm32f407xx.o(.text)
    CAN1_RX0_IRQHandler                      0x08000287   Thumb Code     0  startup_stm32f407xx.o(.text)
    CAN1_RX1_IRQHandler                      0x08000287   Thumb Code     0  startup_stm32f407xx.o(.text)
    CAN1_SCE_IRQHandler                      0x08000287   Thumb Code     0  startup_stm32f407xx.o(.text)
    CAN1_TX_IRQHandler                       0x08000287   Thumb Code     0  startup_stm32f407xx.o(.text)
    CAN2_RX0_IRQHandler                      0x08000287   Thumb Code     0  startup_stm32f407xx.o(.text)
    CAN2_RX1_IRQHandler                      0x08000287   Thumb Code     0  startup_stm32f407xx.o(.text)
    CAN2_SCE_IRQHandler                      0x08000287   Thumb Code     0  startup_stm32f407xx.o(.text)
    CAN2_TX_IRQHandler                       0x08000287   Thumb Code     0  startup_stm32f407xx.o(.text)
    DCMI_IRQHandler                          0x08000287   Thumb Code     0  startup_stm32f407xx.o(.text)
    DMA1_Stream0_IRQHandler                  0x08000287   Thumb Code     0  startup_stm32f407xx.o(.text)
    DMA1_Stream1_IRQHandler                  0x08000287   Thumb Code     0  startup_stm32f407xx.o(.text)
    DMA1_Stream2_IRQHandler                  0x08000287   Thumb Code     0  startup_stm32f407xx.o(.text)
    DMA1_Stream3_IRQHandler                  0x08000287   Thumb Code     0  startup_stm32f407xx.o(.text)
    DMA1_Stream4_IRQHandler                  0x08000287   Thumb Code     0  startup_stm32f407xx.o(.text)
    DMA1_Stream5_IRQHandler                  0x08000287   Thumb Code     0  startup_stm32f407xx.o(.text)
    DMA1_Stream6_IRQHandler                  0x08000287   Thumb Code     0  startup_stm32f407xx.o(.text)
    DMA1_Stream7_IRQHandler                  0x08000287   Thumb Code     0  startup_stm32f407xx.o(.text)
    DMA2_Stream0_IRQHandler                  0x08000287   Thumb Code     0  startup_stm32f407xx.o(.text)
    DMA2_Stream1_IRQHandler                  0x08000287   Thumb Code     0  startup_stm32f407xx.o(.text)
    DMA2_Stream2_IRQHandler                  0x08000287   Thumb Code     0  startup_stm32f407xx.o(.text)
    DMA2_Stream3_IRQHandler                  0x08000287   Thumb Code     0  startup_stm32f407xx.o(.text)
    DMA2_Stream4_IRQHandler                  0x08000287   Thumb Code     0  startup_stm32f407xx.o(.text)
    DMA2_Stream5_IRQHandler                  0x08000287   Thumb Code     0  startup_stm32f407xx.o(.text)
    DMA2_Stream6_IRQHandler                  0x08000287   Thumb Code     0  startup_stm32f407xx.o(.text)
    DMA2_Stream7_IRQHandler                  0x08000287   Thumb Code     0  startup_stm32f407xx.o(.text)
    ETH_IRQHandler                           0x08000287   Thumb Code     0  startup_stm32f407xx.o(.text)
    ETH_WKUP_IRQHandler                      0x08000287   Thumb Code     0  startup_stm32f407xx.o(.text)
    EXTI0_IRQHandler                         0x08000287   Thumb Code     0  startup_stm32f407xx.o(.text)
    EXTI15_10_IRQHandler                     0x08000287   Thumb Code     0  startup_stm32f407xx.o(.text)
    EXTI1_IRQHandler                         0x08000287   Thumb Code     0  startup_stm32f407xx.o(.text)
    EXTI2_IRQHandler                         0x08000287   Thumb Code     0  startup_stm32f407xx.o(.text)
    EXTI3_IRQHandler                         0x08000287   Thumb Code     0  startup_stm32f407xx.o(.text)
    EXTI4_IRQHandler                         0x08000287   Thumb Code     0  startup_stm32f407xx.o(.text)
    EXTI9_5_IRQHandler                       0x08000287   Thumb Code     0  startup_stm32f407xx.o(.text)
    FLASH_IRQHandler                         0x08000287   Thumb Code     0  startup_stm32f407xx.o(.text)
    FMC_IRQHandler                           0x08000287   Thumb Code     0  startup_stm32f407xx.o(.text)
    FPU_IRQHandler                           0x08000287   Thumb Code     0  startup_stm32f407xx.o(.text)
    HASH_RNG_IRQHandler                      0x08000287   Thumb Code     0  startup_stm32f407xx.o(.text)
    I2C1_ER_IRQHandler                       0x08000287   Thumb Code     0  startup_stm32f407xx.o(.text)
    I2C1_EV_IRQHandler                       0x08000287   Thumb Code     0  startup_stm32f407xx.o(.text)
    I2C2_ER_IRQHandler                       0x08000287   Thumb Code     0  startup_stm32f407xx.o(.text)
    I2C2_EV_IRQHandler                       0x08000287   Thumb Code     0  startup_stm32f407xx.o(.text)
    I2C3_ER_IRQHandler                       0x08000287   Thumb Code     0  startup_stm32f407xx.o(.text)
    I2C3_EV_IRQHandler                       0x08000287   Thumb Code     0  startup_stm32f407xx.o(.text)
    OTG_FS_IRQHandler                        0x08000287   Thumb Code     0  startup_stm32f407xx.o(.text)
    OTG_FS_WKUP_IRQHandler                   0x08000287   Thumb Code     0  startup_stm32f407xx.o(.text)
    OTG_HS_EP1_IN_IRQHandler                 0x08000287   Thumb Code     0  startup_stm32f407xx.o(.text)
    OTG_HS_EP1_OUT_IRQHandler                0x08000287   Thumb Code     0  startup_stm32f407xx.o(.text)
    OTG_HS_IRQHandler                        0x08000287   Thumb Code     0  startup_stm32f407xx.o(.text)
    OTG_HS_WKUP_IRQHandler                   0x08000287   Thumb Code     0  startup_stm32f407xx.o(.text)
    PVD_IRQHandler                           0x08000287   Thumb Code     0  startup_stm32f407xx.o(.text)
    RCC_IRQHandler                           0x08000287   Thumb Code     0  startup_stm32f407xx.o(.text)
    RTC_Alarm_IRQHandler                     0x08000287   Thumb Code     0  startup_stm32f407xx.o(.text)
    RTC_WKUP_IRQHandler                      0x08000287   Thumb Code     0  startup_stm32f407xx.o(.text)
    SDIO_IRQHandler                          0x08000287   Thumb Code     0  startup_stm32f407xx.o(.text)
    SPI1_IRQHandler                          0x08000287   Thumb Code     0  startup_stm32f407xx.o(.text)
    SPI2_IRQHandler                          0x08000287   Thumb Code     0  startup_stm32f407xx.o(.text)
    SPI3_IRQHandler                          0x08000287   Thumb Code     0  startup_stm32f407xx.o(.text)
    TAMP_STAMP_IRQHandler                    0x08000287   Thumb Code     0  startup_stm32f407xx.o(.text)
    TIM1_BRK_TIM9_IRQHandler                 0x08000287   Thumb Code     0  startup_stm32f407xx.o(.text)
    TIM1_CC_IRQHandler                       0x08000287   Thumb Code     0  startup_stm32f407xx.o(.text)
    TIM1_TRG_COM_TIM11_IRQHandler            0x08000287   Thumb Code     0  startup_stm32f407xx.o(.text)
    TIM2_IRQHandler                          0x08000287   Thumb Code     0  startup_stm32f407xx.o(.text)
    TIM4_IRQHandler                          0x08000287   Thumb Code     0  startup_stm32f407xx.o(.text)
    TIM5_IRQHandler                          0x08000287   Thumb Code     0  startup_stm32f407xx.o(.text)
    TIM7_IRQHandler                          0x08000287   Thumb Code     0  startup_stm32f407xx.o(.text)
    TIM8_CC_IRQHandler                       0x08000287   Thumb Code     0  startup_stm32f407xx.o(.text)
    UART4_IRQHandler                         0x08000287   Thumb Code     0  startup_stm32f407xx.o(.text)
    UART5_IRQHandler                         0x08000287   Thumb Code     0  startup_stm32f407xx.o(.text)
    USART2_IRQHandler                        0x08000287   Thumb Code     0  startup_stm32f407xx.o(.text)
    WWDG_IRQHandler                          0x08000287   Thumb Code     0  startup_stm32f407xx.o(.text)
    __user_initial_stackheap                 0x08000289   Thumb Code     0  startup_stm32f407xx.o(.text)
    __aeabi_uldivmod                         0x080002ad   Thumb Code     0  lludivv7m.o(.text)
    _ll_udiv                                 0x080002ad   Thumb Code   240  lludivv7m.o(.text)
    __2sprintf                               0x0800039d   Thumb Code    34  noretval__2sprintf.o(.text)
    __printf                                 0x080003c5   Thumb Code   270  __printf_wp.o(.text)
    strlen                                   0x080004d3   Thumb Code    62  strlen.o(.text)
    __aeabi_memcpy                           0x08000511   Thumb Code     0  rt_memcpy_v6.o(.text)
    __rt_memcpy                              0x08000511   Thumb Code   138  rt_memcpy_v6.o(.text)
    _memcpy_lastbytes                        0x08000577   Thumb Code     0  rt_memcpy_v6.o(.text)
    __aeabi_memset4                          0x0800059b   Thumb Code    16  aeabi_memset4.o(.text)
    __aeabi_memset8                          0x0800059b   Thumb Code     0  aeabi_memset4.o(.text)
    __aeabi_memclr                           0x080005ab   Thumb Code     0  rt_memclr.o(.text)
    __rt_memclr                              0x080005ab   Thumb Code     0  rt_memclr.o(.text)
    _memset                                  0x080005af   Thumb Code    64  rt_memclr.o(.text)
    __aeabi_memclr4                          0x080005ef   Thumb Code     0  rt_memclr_w.o(.text)
    __aeabi_memclr8                          0x080005ef   Thumb Code     0  rt_memclr_w.o(.text)
    __rt_memclr_w                            0x080005ef   Thumb Code     0  rt_memclr_w.o(.text)
    _memset_w                                0x080005f3   Thumb Code    74  rt_memclr_w.o(.text)
    __use_two_region_memory                  0x0800063d   Thumb Code     2  heapauxi.o(.text)
    __rt_heap_escrow$2region                 0x0800063f   Thumb Code     2  heapauxi.o(.text)
    __rt_heap_expand$2region                 0x08000641   Thumb Code     2  heapauxi.o(.text)
    _printf_fp_dec_real                      0x080007f3   Thumb Code   620  _printf_fp_dec.o(.text)
    _printf_char_common                      0x08000a6b   Thumb Code    32  _printf_char_common.o(.text)
    _sputc                                   0x08000a91   Thumb Code    10  _sputc.o(.text)
    __aeabi_memcpy4                          0x08000a9b   Thumb Code     0  rt_memcpy_w.o(.text)
    __aeabi_memcpy8                          0x08000a9b   Thumb Code     0  rt_memcpy_w.o(.text)
    __rt_memcpy_w                            0x08000a9b   Thumb Code   100  rt_memcpy_w.o(.text)
    _memcpy_lastbytes_aligned                0x08000ae3   Thumb Code     0  rt_memcpy_w.o(.text)
    __user_libspace                          0x08000b01   Thumb Code     8  libspace.o(.text)
    __user_perproc_libspace                  0x08000b01   Thumb Code     0  libspace.o(.text)
    __user_perthread_libspace                0x08000b01   Thumb Code     0  libspace.o(.text)
    __rt_locale                              0x08000b09   Thumb Code     8  rt_locale_intlibspace.o(.text)
    _ll_udiv10                               0x08000b11   Thumb Code   138  lludiv10.o(.text)
    _printf_fp_infnan                        0x08000b9d   Thumb Code   112  _printf_fp_infnan.o(.text)
    _btod_etento                             0x08000c1d   Thumb Code   224  bigflt0.o(.text)
    __user_setup_stackheap                   0x08000d01   Thumb Code    74  sys_stackheap_outer.o(.text)
    exit                                     0x08000d4b   Thumb Code    18  exit.o(.text)
    strcmp                                   0x08000d61   Thumb Code   124  strcmpv7em.o(.text)
    _sys_exit                                0x08000ddd   Thumb Code     8  sys_exit.o(.text)
    __I$use$semihosting                      0x08000de9   Thumb Code     0  use_no_semi.o(.text)
    __use_no_semihosting_swi                 0x08000de9   Thumb Code     2  use_no_semi.o(.text)
    __semihosting_library_function           0x08000deb   Thumb Code     0  indicate_semi.o(.text)
    ADC_IRQHandler                           0x08000ded   Thumb Code    42  stm32f4xx_it.o(.text.ADC_IRQHandler)
    BusFault_Handler                         0x08000e19   Thumb Code     2  stm32f4xx_it.o(.text.BusFault_Handler)
    DS18B20_Check                            0x08000e1d   Thumb Code   454  ds18b20.o(.text.DS18B20_Check)
    DS18B20_Read_Byte                        0x08000fe5   Thumb Code   396  ds18b20.o(.text.DS18B20_Read_Byte)
    DS18B20_Write_Byte                       0x08001171   Thumb Code   642  ds18b20.o(.text.DS18B20_Write_Byte)
    DebugMon_Handler                         0x080013f5   Thumb Code     2  stm32f4xx_it.o(.text.DebugMon_Handler)
    Error_Handler                            0x080013f9   Thumb Code     6  main.o(.text.Error_Handler)
    HAL_ADCEx_InjectedConvCpltCallback       0x08001401   Thumb Code     2  stm32f4xx_hal_adc_ex.o(.text.HAL_ADCEx_InjectedConvCpltCallback)
    HAL_ADC_ConfigChannel                    0x08001405   Thumb Code   324  stm32f4xx_hal_adc.o(.text.HAL_ADC_ConfigChannel)
    HAL_ADC_ConvCpltCallback                 0x08001549   Thumb Code     2  stm32f4xx_hal_adc.o(.text.HAL_ADC_ConvCpltCallback)
    HAL_ADC_ErrorCallback                    0x0800154d   Thumb Code     2  stm32f4xx_hal_adc.o(.text.HAL_ADC_ErrorCallback)
    HAL_ADC_GetValue                         0x08001551   Thumb Code     6  stm32f4xx_hal_adc.o(.text.HAL_ADC_GetValue)
    HAL_ADC_IRQHandler                       0x08001559   Thumb Code   310  stm32f4xx_hal_adc.o(.text.HAL_ADC_IRQHandler)
    HAL_ADC_Init                             0x08001691   Thumb Code   348  stm32f4xx_hal_adc.o(.text.HAL_ADC_Init)
    HAL_ADC_LevelOutOfWindowCallback         0x080017ed   Thumb Code     2  stm32f4xx_hal_adc.o(.text.HAL_ADC_LevelOutOfWindowCallback)
    HAL_ADC_MspInit                          0x080017f1   Thumb Code   256  adc.o(.text.HAL_ADC_MspInit)
    HAL_ADC_Start                            0x080018f1   Thumb Code   346  stm32f4xx_hal_adc.o(.text.HAL_ADC_Start)
    HAL_DMA_Abort                            0x08001a4d   Thumb Code   142  stm32f4xx_hal_dma.o(.text.HAL_DMA_Abort)
    HAL_DMA_Abort_IT                         0x08001add   Thumb Code    36  stm32f4xx_hal_dma.o(.text.HAL_DMA_Abort_IT)
    HAL_GPIO_Init                            0x08001b01   Thumb Code   414  stm32f4xx_hal_gpio.o(.text.HAL_GPIO_Init)
    HAL_GPIO_ReadPin                         0x08001ca1   Thumb Code    10  stm32f4xx_hal_gpio.o(.text.HAL_GPIO_ReadPin)
    HAL_GPIO_WritePin                        0x08001cad   Thumb Code    10  stm32f4xx_hal_gpio.o(.text.HAL_GPIO_WritePin)
    HAL_GetTick                              0x08001cb9   Thumb Code    12  stm32f4xx_hal.o(.text.HAL_GetTick)
    HAL_Init                                 0x08001cc5   Thumb Code    54  stm32f4xx_hal.o(.text.HAL_Init)
    HAL_InitTick                             0x08001cfd   Thumb Code    72  stm32f4xx_hal.o(.text.HAL_InitTick)
    HAL_MspInit                              0x08001d45   Thumb Code    56  stm32f4xx_hal_msp.o(.text.HAL_MspInit)
    HAL_NVIC_EnableIRQ                       0x08001d7d   Thumb Code    34  stm32f4xx_hal_cortex.o(.text.HAL_NVIC_EnableIRQ)
    HAL_NVIC_SetPriority                     0x08001da1   Thumb Code    86  stm32f4xx_hal_cortex.o(.text.HAL_NVIC_SetPriority)
    HAL_NVIC_SetPriorityGrouping             0x08001df9   Thumb Code    32  stm32f4xx_hal_cortex.o(.text.HAL_NVIC_SetPriorityGrouping)
    HAL_RCC_ClockConfig                      0x08001e19   Thumb Code   356  stm32f4xx_hal_rcc.o(.text.HAL_RCC_ClockConfig)
    HAL_RCC_GetPCLK1Freq                     0x08001f7d   Thumb Code    38  stm32f4xx_hal_rcc.o(.text.HAL_RCC_GetPCLK1Freq)
    HAL_RCC_GetPCLK2Freq                     0x08001fa5   Thumb Code    38  stm32f4xx_hal_rcc.o(.text.HAL_RCC_GetPCLK2Freq)
    HAL_RCC_GetSysClockFreq                  0x08001fcd   Thumb Code   108  stm32f4xx_hal_rcc.o(.text.HAL_RCC_GetSysClockFreq)
    HAL_RCC_OscConfig                        0x08002039   Thumb Code   940  stm32f4xx_hal_rcc.o(.text.HAL_RCC_OscConfig)
    HAL_SYSTICK_Config                       0x080023e5   Thumb Code    44  stm32f4xx_hal_cortex.o(.text.HAL_SYSTICK_Config)
    HAL_TIMEx_BreakCallback                  0x08002411   Thumb Code     2  stm32f4xx_hal_tim_ex.o(.text.HAL_TIMEx_BreakCallback)
    HAL_TIMEx_CommutCallback                 0x08002415   Thumb Code     2  stm32f4xx_hal_tim_ex.o(.text.HAL_TIMEx_CommutCallback)
    HAL_TIMEx_ConfigBreakDeadTime            0x08002419   Thumb Code    76  stm32f4xx_hal_tim_ex.o(.text.HAL_TIMEx_ConfigBreakDeadTime)
    HAL_TIMEx_MasterConfigSynchronization    0x08002465   Thumb Code   186  stm32f4xx_hal_tim_ex.o(.text.HAL_TIMEx_MasterConfigSynchronization)
    HAL_TIM_Base_Init                        0x08002521   Thumb Code    90  stm32f4xx_hal_tim.o(.text.HAL_TIM_Base_Init)
    HAL_TIM_Base_MspInit                     0x0800257d   Thumb Code   398  tim.o(.text.HAL_TIM_Base_MspInit)
    HAL_TIM_Base_Start                       0x0800270d   Thumb Code   162  stm32f4xx_hal_tim.o(.text.HAL_TIM_Base_Start)
    HAL_TIM_Base_Start_IT                    0x080027b1   Thumb Code   170  stm32f4xx_hal_tim.o(.text.HAL_TIM_Base_Start_IT)
    HAL_TIM_Base_Stop                        0x0800285d   Thumb Code    52  stm32f4xx_hal_tim.o(.text.HAL_TIM_Base_Stop)
    HAL_TIM_ConfigClockSource                0x08002891   Thumb Code   416  stm32f4xx_hal_tim.o(.text.HAL_TIM_ConfigClockSource)
    HAL_TIM_IC_CaptureCallback               0x08002a31   Thumb Code     2  stm32f4xx_hal_tim.o(.text.HAL_TIM_IC_CaptureCallback)
    HAL_TIM_IRQHandler                       0x08002a35   Thumb Code   334  stm32f4xx_hal_tim.o(.text.HAL_TIM_IRQHandler)
    HAL_TIM_MspPostInit                      0x08002b85   Thumb Code   332  tim.o(.text.HAL_TIM_MspPostInit)
    HAL_TIM_OC_DelayElapsedCallback          0x08002cd1   Thumb Code     2  stm32f4xx_hal_tim.o(.text.HAL_TIM_OC_DelayElapsedCallback)
    HAL_TIM_PWM_ConfigChannel                0x08002cd5   Thumb Code   544  stm32f4xx_hal_tim.o(.text.HAL_TIM_PWM_ConfigChannel)
    HAL_TIM_PWM_Init                         0x08002ef5   Thumb Code    90  stm32f4xx_hal_tim.o(.text.HAL_TIM_PWM_Init)
    HAL_TIM_PWM_MspInit                      0x08002f51   Thumb Code     2  stm32f4xx_hal_tim.o(.text.HAL_TIM_PWM_MspInit)
    HAL_TIM_PWM_PulseFinishedCallback        0x08002f55   Thumb Code     2  stm32f4xx_hal_tim.o(.text.HAL_TIM_PWM_PulseFinishedCallback)
    HAL_TIM_PWM_Start                        0x08002f59   Thumb Code   270  stm32f4xx_hal_tim.o(.text.HAL_TIM_PWM_Start)
    HAL_TIM_PeriodElapsedCallback            0x08003069   Thumb Code   456  sensor.o(.text.HAL_TIM_PeriodElapsedCallback)
    HAL_TIM_TriggerCallback                  0x0800327d   Thumb Code     2  stm32f4xx_hal_tim.o(.text.HAL_TIM_TriggerCallback)
    HAL_UARTEx_RxEventCallback               0x08003281   Thumb Code     2  stm32f4xx_hal_uart.o(.text.HAL_UARTEx_RxEventCallback)
    HAL_UART_ErrorCallback                   0x08003285   Thumb Code     2  stm32f4xx_hal_uart.o(.text.HAL_UART_ErrorCallback)
    HAL_UART_INTERRUPT                       0x08003289   Thumb Code    24  4gdtu.o(.text.HAL_UART_INTERRUPT)
    HAL_UART_IRQHandler                      0x080032a1   Thumb Code  1392  stm32f4xx_hal_uart.o(.text.HAL_UART_IRQHandler)
    HAL_UART_Init                            0x08003811   Thumb Code    96  stm32f4xx_hal_uart.o(.text.HAL_UART_Init)
    HAL_UART_MspInit                         0x08003871   Thumb Code   304  usart.o(.text.HAL_UART_MspInit)
    HAL_UART_Receive_IT                      0x080039a1   Thumb Code    84  stm32f4xx_hal_uart.o(.text.HAL_UART_Receive_IT)
    HAL_UART_RxCpltCallback                  0x080039f5   Thumb Code    78  4gdtu.o(.text.HAL_UART_RxCpltCallback)
    HAL_UART_Transmit                        0x08003a45   Thumb Code   402  stm32f4xx_hal_uart.o(.text.HAL_UART_Transmit)
    HAL_UART_TxCpltCallback                  0x08003bd9   Thumb Code     2  stm32f4xx_hal_uart.o(.text.HAL_UART_TxCpltCallback)
    HardFault_Handler                        0x08003bdd   Thumb Code     2  stm32f4xx_it.o(.text.HardFault_Handler)
    MX_ADC1_Init                             0x08003be1   Thumb Code   106  adc.o(.text.MX_ADC1_Init)
    MX_ADC2_Init                             0x08003c4d   Thumb Code   108  adc.o(.text.MX_ADC2_Init)
    MX_ADC3_Init                             0x08003cb9   Thumb Code   108  adc.o(.text.MX_ADC3_Init)
    MX_GPIO_Init                             0x08003d25   Thumb Code   170  gpio.o(.text.MX_GPIO_Init)
    MX_TIM10_Init                            0x08003dd1   Thumb Code    54  tim.o(.text.MX_TIM10_Init)
    MX_TIM12_Init                            0x08003e09   Thumb Code   198  tim.o(.text.MX_TIM12_Init)
    MX_TIM13_Init                            0x08003ed1   Thumb Code   134  tim.o(.text.MX_TIM13_Init)
    MX_TIM14_Init                            0x08003f59   Thumb Code   134  tim.o(.text.MX_TIM14_Init)
    MX_TIM3_Init                             0x08003fe1   Thumb Code   226  tim.o(.text.MX_TIM3_Init)
    MX_TIM6_Init                             0x080040c5   Thumb Code    80  tim.o(.text.MX_TIM6_Init)
    MX_TIM8_Init                             0x08004115   Thumb Code   292  tim.o(.text.MX_TIM8_Init)
    MX_USART1_UART_Init                      0x08004239   Thumb Code    60  usart.o(.text.MX_USART1_UART_Init)
    MX_USART3_UART_Init                      0x08004275   Thumb Code    60  usart.o(.text.MX_USART3_UART_Init)
    MX_USART6_UART_Init                      0x080042b1   Thumb Code    60  usart.o(.text.MX_USART6_UART_Init)
    MemManage_Handler                        0x080042ed   Thumb Code     2  stm32f4xx_it.o(.text.MemManage_Handler)
    NMI_Handler                              0x080042f1   Thumb Code     2  stm32f4xx_it.o(.text.NMI_Handler)
    PendSV_Handler                           0x08004301   Thumb Code   100  port.o(.text.PendSV_Handler)
    Pwm_Init                                 0x08004365   Thumb Code   106  motor.o(.text.Pwm_Init)
    SVC_Handler                              0x080043d1   Thumb Code    36  port.o(.text.SVC_Handler)
    SysTick_Handler                          0x080043f5   Thumb Code    46  port.o(.text.SysTick_Handler)
    SystemClock_Config                       0x08004425   Thumb Code   168  main.o(.text.SystemClock_Config)
    SystemInit                               0x080044cd   Thumb Code    18  system_stm32f4xx.o(.text.SystemInit)
    TIM1_UP_TIM10_IRQHandler                 0x080044e1   Thumb Code    12  stm32f4xx_it.o(.text.TIM1_UP_TIM10_IRQHandler)
    TIM3_IRQHandler                          0x080044ed   Thumb Code    12  stm32f4xx_it.o(.text.TIM3_IRQHandler)
    TIM6_DAC_IRQHandler                      0x080044f9   Thumb Code    12  stm32f4xx_it.o(.text.TIM6_DAC_IRQHandler)
    TIM8_BRK_TIM12_IRQHandler                0x08004505   Thumb Code    30  stm32f4xx_it.o(.text.TIM8_BRK_TIM12_IRQHandler)
    TIM8_TRG_COM_TIM14_IRQHandler            0x08004525   Thumb Code    30  stm32f4xx_it.o(.text.TIM8_TRG_COM_TIM14_IRQHandler)
    TIM8_UP_TIM13_IRQHandler                 0x08004545   Thumb Code    30  stm32f4xx_it.o(.text.TIM8_UP_TIM13_IRQHandler)
    TIM_Base_SetConfig                       0x08004565   Thumb Code   324  stm32f4xx_hal_tim.o(.text.TIM_Base_SetConfig)
    USART1_IRQHandler                        0x0800489d   Thumb Code    12  stm32f4xx_it.o(.text.USART1_IRQHandler)
    USART3_IRQHandler                        0x080048a9   Thumb Code    12  stm32f4xx_it.o(.text.USART3_IRQHandler)
    USART6_IRQHandler                        0x080048b5   Thumb Code    12  stm32f4xx_it.o(.text.USART6_IRQHandler)
    UsageFault_Handler                       0x080048c1   Thumb Code     2  stm32f4xx_it.o(.text.UsageFault_Handler)
    delay_us                                 0x080048c5   Thumb Code    92  delay.o(.text.delay_us)
    main                                     0x08004921   Thumb Code   288  main.o(.text.main)
    pvPortMalloc                             0x08004f79   Thumb Code   454  heap_4.o(.text.pvPortMalloc)
    pxPortInitialiseStack                    0x08005141   Thumb Code    36  port.o(.text.pxPortInitialiseStack)
    uxListRemove                             0x08005165   Thumb Code    34  list.o(.text.uxListRemove)
    vApplicationIdleHook                     0x08005189   Thumb Code     2  main.o(.text.vApplicationIdleHook)
    vApplicationMallocFailedHook             0x0800518d   Thumb Code     2  main.o(.text.vApplicationMallocFailedHook)
    vApplicationStackOverflowHook            0x08005191   Thumb Code     2  main.o(.text.vApplicationStackOverflowHook)
    vApplicationTickHook                     0x08005195   Thumb Code     2  main.o(.text.vApplicationTickHook)
    vListInitialise                          0x08005199   Thumb Code    22  list.o(.text.vListInitialise)
    vListInitialiseItem                      0x080051b1   Thumb Code     6  list.o(.text.vListInitialiseItem)
    vListInsert                              0x080051b9   Thumb Code    98  list.o(.text.vListInsert)
    vPortEnterCritical                       0x08005231   Thumb Code    70  port.o(.text.vPortEnterCritical)
    vPortExitCritical                        0x08005279   Thumb Code    46  port.o(.text.vPortExitCritical)
    vPortFree                                0x080052a9   Thumb Code   212  heap_4.o(.text.vPortFree)
    vPortSetupTimerInterrupt                 0x0800537d   Thumb Code    30  port.o(.text.vPortSetupTimerInterrupt)
    vQueueAddToRegistry                      0x0800539d   Thumb Code   370  queue.o(.text.vQueueAddToRegistry)
    vQueueWaitForMessageRestricted           0x08005511   Thumb Code    82  queue.o(.text.vQueueWaitForMessageRestricted)
    vTaskDS18B20Print                        0x08005569   Thumb Code   208  ds18b20.o(.text.vTaskDS18B20Print)
    vTaskDelay                               0x08005661   Thumb Code   178  tasks.o(.text.vTaskDelay)
    vTaskInternalSetTimeOutState             0x08005715   Thumb Code    18  tasks.o(.text.vTaskInternalSetTimeOutState)
    vTaskMissedYield                         0x08005729   Thumb Code    14  tasks.o(.text.vTaskMissedYield)
    vTaskPlaceOnEventList                    0x08005739   Thumb Code    54  tasks.o(.text.vTaskPlaceOnEventList)
    vTaskPlaceOnEventListRestricted          0x08005771   Thumb Code   188  tasks.o(.text.vTaskPlaceOnEventListRestricted)
    vTaskStartScheduler                      0x0800582d   Thumb Code   124  tasks.o(.text.vTaskStartScheduler)
    vTaskSuspendAll                          0x080058b1   Thumb Code    16  tasks.o(.text.vTaskSuspendAll)
    vTaskSwitchContext                       0x080058c1   Thumb Code   162  tasks.o(.text.vTaskSwitchContext)
    vTaskTDS                                 0x08005965   Thumb Code    72  sensor.o(.text.vTaskTDS)
    vTaskTur                                 0x080059b5   Thumb Code    72  sensor.o(.text.vTaskTur)
    vTaskpH                                  0x08005a09   Thumb Code    72  sensor.o(.text.vTaskpH)
    xPortStartScheduler                      0x08005a59   Thumb Code   392  port.o(.text.xPortStartScheduler)
    xQueueGenericCreate                      0x08005be1   Thumb Code   142  queue.o(.text.xQueueGenericCreate)
    xQueueReceive                            0x08005c71   Thumb Code   574  queue.o(.text.xQueueReceive)
    xTaskCheckForTimeOut                     0x08005eb1   Thumb Code   154  tasks.o(.text.xTaskCheckForTimeOut)
    xTaskCreate                              0x08005f4d   Thumb Code   530  tasks.o(.text.xTaskCreate)
    xTaskGetSchedulerState                   0x08006161   Thumb Code    30  tasks.o(.text.xTaskGetSchedulerState)
    xTaskGetTickCount                        0x08006181   Thumb Code    12  tasks.o(.text.xTaskGetTickCount)
    xTaskIncrementTick                       0x0800618d   Thumb Code   406  tasks.o(.text.xTaskIncrementTick)
    xTaskRemoveFromEventList                 0x08006325   Thumb Code   226  tasks.o(.text.xTaskRemoveFromEventList)
    xTaskResumeAll                           0x08006409   Thumb Code   318  tasks.o(.text.xTaskResumeAll)
    xTimerCreateTimerTask                    0x08006549   Thumb Code   136  timers.o(.text.xTimerCreateTimerTask)
    _btod_d2e                                0x080065d9   Thumb Code    62  btod.o(CL$$btod_d2e)
    _d2e_denorm_low                          0x08006617   Thumb Code    70  btod.o(CL$$btod_d2e_denorm_low)
    _d2e_norm_op1                            0x0800665d   Thumb Code    96  btod.o(CL$$btod_d2e_norm_op1)
    __btod_div_common                        0x080066bd   Thumb Code   696  btod.o(CL$$btod_div_common)
    _e2e                                     0x080069f5   Thumb Code   220  btod.o(CL$$btod_e2e)
    _btod_ediv                               0x08006ad1   Thumb Code    42  btod.o(CL$$btod_ediv)
    _btod_emul                               0x08006afb   Thumb Code    42  btod.o(CL$$btod_emul)
    __btod_mult_common                       0x08006b25   Thumb Code   580  btod.o(CL$$btod_mult_common)
    __ARM_fpclassify                         0x08006d69   Thumb Code    48  fpclassify.o(i.__ARM_fpclassify)
    _is_digit                                0x08006d99   Thumb Code    14  __printf_wp.o(i._is_digit)
    _get_lc_numeric                          0x08006da9   Thumb Code    44  lc_numeric_c.o(locale$$code)
    __aeabi_d2f                              0x08006dd5   Thumb Code     0  d2f.o(x$fpl$d2f)
    _d2f                                     0x08006dd5   Thumb Code    98  d2f.o(x$fpl$d2f)
    __aeabi_dadd                             0x08006e39   Thumb Code     0  daddsub_clz.o(x$fpl$dadd)
    _dadd                                    0x08006e39   Thumb Code   332  daddsub_clz.o(x$fpl$dadd)
    __fpl_dcmp_Inf                           0x08006f89   Thumb Code    24  dcmpi.o(x$fpl$dcmpinf)
    __aeabi_ddiv                             0x08006fa1   Thumb Code     0  ddiv.o(x$fpl$ddiv)
    _ddiv                                    0x08006fa1   Thumb Code   560  ddiv.o(x$fpl$ddiv)
    __aeabi_cdcmpeq                          0x08007259   Thumb Code     0  deqf.o(x$fpl$deqf)
    _dcmpeq                                  0x08007259   Thumb Code   120  deqf.o(x$fpl$deqf)
    __aeabi_i2d                              0x080072d1   Thumb Code     0  dflt_clz.o(x$fpl$dflt)
    _dflt                                    0x080072d1   Thumb Code    46  dflt_clz.o(x$fpl$dflt)
    __aeabi_ui2d                             0x080072ff   Thumb Code     0  dflt_clz.o(x$fpl$dfltu)
    _dfltu                                   0x080072ff   Thumb Code    38  dflt_clz.o(x$fpl$dfltu)
    __aeabi_cdcmpge                          0x08007325   Thumb Code     0  dgeqf.o(x$fpl$dgeqf)
    _dcmpge                                  0x08007325   Thumb Code   120  dgeqf.o(x$fpl$dgeqf)
    __aeabi_cdcmple                          0x0800739d   Thumb Code     0  dleqf.o(x$fpl$dleqf)
    _dcmple                                  0x0800739d   Thumb Code   120  dleqf.o(x$fpl$dleqf)
    __fpl_dcmple_InfNaN                      0x080073ff   Thumb Code     0  dleqf.o(x$fpl$dleqf)
    __aeabi_dmul                             0x08007415   Thumb Code     0  dmul.o(x$fpl$dmul)
    _dmul                                    0x08007415   Thumb Code   332  dmul.o(x$fpl$dmul)
    __fpl_dnaninf                            0x08007569   Thumb Code   156  dnaninf.o(x$fpl$dnaninf)
    __fpl_dretinf                            0x08007605   Thumb Code    12  dretinf.o(x$fpl$dretinf)
    __aeabi_dsub                             0x08007611   Thumb Code     0  daddsub_clz.o(x$fpl$dsub)
    _dsub                                    0x08007611   Thumb Code   472  daddsub_clz.o(x$fpl$dsub)
    __aeabi_f2d                              0x080077ed   Thumb Code     0  f2d.o(x$fpl$f2d)
    _f2d                                     0x080077ed   Thumb Code    86  f2d.o(x$fpl$f2d)
    __aeabi_dcmpeq                           0x08007843   Thumb Code     0  dcmp.o(x$fpl$fcmp)
    _deq                                     0x08007843   Thumb Code    14  dcmp.o(x$fpl$fcmp)
    _dneq                                    0x08007851   Thumb Code    14  dcmp.o(x$fpl$fcmp)
    __aeabi_dcmpgt                           0x0800785f   Thumb Code     0  dcmp.o(x$fpl$fcmp)
    _dgr                                     0x0800785f   Thumb Code    14  dcmp.o(x$fpl$fcmp)
    __aeabi_dcmpge                           0x0800786d   Thumb Code     0  dcmp.o(x$fpl$fcmp)
    _dgeq                                    0x0800786d   Thumb Code    14  dcmp.o(x$fpl$fcmp)
    __aeabi_dcmple                           0x0800787b   Thumb Code     0  dcmp.o(x$fpl$fcmp)
    _dleq                                    0x0800787b   Thumb Code    14  dcmp.o(x$fpl$fcmp)
    __aeabi_dcmplt                           0x08007889   Thumb Code     0  dcmp.o(x$fpl$fcmp)
    _dls                                     0x08007889   Thumb Code    14  dcmp.o(x$fpl$fcmp)
    __fpl_fnaninf                            0x08007897   Thumb Code   140  fnaninf.o(x$fpl$fnaninf)
    _fp_init                                 0x08007923   Thumb Code    26  fpinit.o(x$fpl$fpinit)
    __fplib_config_fpu_vfp                   0x0800793b   Thumb Code     0  fpinit.o(x$fpl$fpinit)
    __fplib_config_pureend_doubles           0x0800793b   Thumb Code     0  fpinit.o(x$fpl$fpinit)
    __fpl_fretinf                            0x0800793d   Thumb Code    10  fretinf.o(x$fpl$fretinf)
    _printf_fp_dec                           0x08007947   Thumb Code     4  printf1.o(x$fpl$printf1)
    __I$use$fp                               0x0800794a   Number         0  usenofp.o(x$fpl$usenofp)
    AHBPrescTable                            0x080079e0   Data          16  system_stm32f4xx.o(.rodata.AHBPrescTable)
    APBPrescTable                            0x080079f0   Data           8  system_stm32f4xx.o(.rodata.APBPrescTable)
    uxTopUsedPriority                        0x08007a00   Data           4  tasks.o(.rodata.uxTopUsedPriority)
    Region$$Table$$Base                      0x08007a04   Number         0  anon$$obj.o(Region$$Table)
    Region$$Table$$Limit                     0x08007a24   Number         0  anon$$obj.o(Region$$Table)
    uwTickFreq                               0x20000000   Data           1  stm32f4xx_hal.o(.data..L_MergedGlobals)
    uwTickPrio                               0x20000004   Data           4  stm32f4xx_hal.o(.data..L_MergedGlobals)
    SystemCoreClock                          0x20000008   Data           4  system_stm32f4xx.o(.data.SystemCoreClock)
    __libspace_start                         0x20000010   Data          96  libspace.o(.bss)
    TaskDS18B20_Handle                       0x20000070   Data           4  main.o(.bss..L_MergedGlobals)
    __temporary_stack_top$libspace           0x20000070   Data           0  libspace.o(.bss)
    TaskTur_Handle                           0x20000074   Data           4  main.o(.bss..L_MergedGlobals)
    TaskpH_Handle                            0x20000078   Data           4  main.o(.bss..L_MergedGlobals)
    TaskTDS_Handle                           0x2000007c   Data           4  main.o(.bss..L_MergedGlobals)
    Tx                                       0x20000080   Data          20  main.o(.bss..L_MergedGlobals)
    adc_raw_value                            0x20000098   Data           4  sensor.o(.bss..L_MergedGlobals)
    ADC_ConvertedValueLocal                  0x200000a0   Data           8  sensor.o(.bss..L_MergedGlobals)
    pH                                       0x200000a8   Data          16  sensor.o(.bss..L_MergedGlobals)
    tur                                      0x200000b8   Data          16  sensor.o(.bss..L_MergedGlobals)
    tds                                      0x200000c8   Data          16  sensor.o(.bss..L_MergedGlobals)
    Sensor_Tx                                0x200000d8   Data          30  sensor.o(.bss..L_MergedGlobals)
    i                                        0x200000f8   Data           1  4gdtu.o(.bss..L_MergedGlobals)
    receivedData                             0x200000f9   Data           1  4gdtu.o(.bss..L_MergedGlobals)
    uartQueue                                0x200000fc   Data           4  4gdtu.o(.bss..L_MergedGlobals)
    value                                    0x20000100   Data          28  4gdtu.o(.bss..L_MergedGlobals)
    QueueReceive                             0x2000011c   Data          28  4gdtu.o(.bss..L_MergedGlobals)
    ds18b20_tx                               0x20000234   Data         150  ds18b20.o(.bss.ds18b20_tx)
    hadc1                                    0x200002cc   Data          72  adc.o(.bss.hadc1)
    hadc2                                    0x20000314   Data          72  adc.o(.bss.hadc2)
    hadc3                                    0x2000035c   Data          72  adc.o(.bss.hadc3)
    htim10                                   0x200003a4   Data          72  tim.o(.bss.htim10)
    htim12                                   0x200003ec   Data          72  tim.o(.bss.htim12)
    htim13                                   0x20000434   Data          72  tim.o(.bss.htim13)
    htim14                                   0x2000047c   Data          72  tim.o(.bss.htim14)
    htim3                                    0x200004c4   Data          72  tim.o(.bss.htim3)
    htim6                                    0x2000050c   Data          72  tim.o(.bss.htim6)
    htim8                                    0x20000554   Data          72  tim.o(.bss.htim8)
    huart1                                   0x2000059c   Data          72  usart.o(.bss.huart1)
    huart3                                   0x200005e4   Data          72  usart.o(.bss.huart3)
    huart6                                   0x2000062c   Data          72  usart.o(.bss.huart6)
    pxCurrentTCB                             0x20000674   Data           4  tasks.o(.bss.pxCurrentTCB)
    receivedString                           0x200006dc   Data         350  4gdtu.o(.bss.receivedString)
    uwTick                                   0x2001343c   Data           4  stm32f4xx_hal.o(.bss.uwTick)
    xQueueRegistry                           0x20013440   Data          64  queue.o(.bss.xQueueRegistry)



==============================================================================

Memory Map of the image

  Image Entry point : 0x08000189

  Load Region LR_IROM1 (Base: 0x08000000, Size: 0x00007a50, Max: 0x00080000, ABSOLUTE)

    Execution Region ER_IROM1 (Exec base: 0x08000000, Load base: 0x08000000, Size: 0x00007a40, Max: 0x00080000, ABSOLUTE)

    Exec Addr    Load Addr    Size         Type   Attr      Idx    E Section Name        Object

    0x08000000   0x08000000   0x00000188   Data   RO            3    RESET               startup_stm32f407xx.o
    0x08000188   0x08000188   0x00000008   Code   RO         1676  * !!!main             c_w.l(__main.o)
    0x08000190   0x08000190   0x0000005c   Code   RO         1972    !!!scatter          c_w.l(__scatter.o)
    0x080001ec   0x080001ec   0x0000001a   Code   RO         1976    !!handler_copy      c_w.l(__scatter_copy.o)
    0x08000206   0x08000206   0x00000002   PAD
    0x08000208   0x08000208   0x00000002   Code   RO         1973    !!handler_null      c_w.l(__scatter.o)
    0x0800020a   0x0800020a   0x00000002   PAD
    0x0800020c   0x0800020c   0x0000001c   Code   RO         1978    !!handler_zi        c_w.l(__scatter_zi.o)
    0x08000228   0x08000228   0x00000000   Code   RO         1657    .ARM.Collect$$_printf_percent$$00000000  c_w.l(_printf_percent.o)
    0x08000228   0x08000228   0x00000006   Code   RO         1656    .ARM.Collect$$_printf_percent$$00000003  c_w.l(_printf_f.o)
    0x0800022e   0x0800022e   0x00000004   Code   RO         1722    .ARM.Collect$$_printf_percent$$00000017  c_w.l(_printf_percent_end.o)
    0x08000232   0x08000232   0x00000002   Code   RO         1835    .ARM.Collect$$libinit$$00000000  c_w.l(libinit.o)
    0x08000234   0x08000234   0x00000004   Code   RO         1836    .ARM.Collect$$libinit$$00000001  c_w.l(libinit2.o)
    0x08000238   0x08000238   0x00000000   Code   RO         1839    .ARM.Collect$$libinit$$00000004  c_w.l(libinit2.o)
    0x08000238   0x08000238   0x00000000   Code   RO         1841    .ARM.Collect$$libinit$$00000006  c_w.l(libinit2.o)
    0x08000238   0x08000238   0x00000000   Code   RO         1844    .ARM.Collect$$libinit$$0000000C  c_w.l(libinit2.o)
    0x08000238   0x08000238   0x00000000   Code   RO         1846    .ARM.Collect$$libinit$$0000000E  c_w.l(libinit2.o)
    0x08000238   0x08000238   0x00000000   Code   RO         1848    .ARM.Collect$$libinit$$00000010  c_w.l(libinit2.o)
    0x08000238   0x08000238   0x00000006   Code   RO         1849    .ARM.Collect$$libinit$$00000011  c_w.l(libinit2.o)
    0x0800023e   0x0800023e   0x00000000   Code   RO         1851    .ARM.Collect$$libinit$$00000013  c_w.l(libinit2.o)
    0x0800023e   0x0800023e   0x00000000   Code   RO         1853    .ARM.Collect$$libinit$$00000015  c_w.l(libinit2.o)
    0x0800023e   0x0800023e   0x00000000   Code   RO         1855    .ARM.Collect$$libinit$$00000017  c_w.l(libinit2.o)
    0x0800023e   0x0800023e   0x0000000a   Code   RO         1856    .ARM.Collect$$libinit$$00000018  c_w.l(libinit2.o)
    0x08000248   0x08000248   0x00000000   Code   RO         1857    .ARM.Collect$$libinit$$00000019  c_w.l(libinit2.o)
    0x08000248   0x08000248   0x00000000   Code   RO         1859    .ARM.Collect$$libinit$$0000001B  c_w.l(libinit2.o)
    0x08000248   0x08000248   0x00000000   Code   RO         1861    .ARM.Collect$$libinit$$0000001D  c_w.l(libinit2.o)
    0x08000248   0x08000248   0x00000000   Code   RO         1863    .ARM.Collect$$libinit$$0000001F  c_w.l(libinit2.o)
    0x08000248   0x08000248   0x00000000   Code   RO         1865    .ARM.Collect$$libinit$$00000021  c_w.l(libinit2.o)
    0x08000248   0x08000248   0x00000000   Code   RO         1867    .ARM.Collect$$libinit$$00000023  c_w.l(libinit2.o)
    0x08000248   0x08000248   0x00000000   Code   RO         1869    .ARM.Collect$$libinit$$00000025  c_w.l(libinit2.o)
    0x08000248   0x08000248   0x00000000   Code   RO         1871    .ARM.Collect$$libinit$$00000027  c_w.l(libinit2.o)
    0x08000248   0x08000248   0x00000000   Code   RO         1875    .ARM.Collect$$libinit$$0000002E  c_w.l(libinit2.o)
    0x08000248   0x08000248   0x00000000   Code   RO         1877    .ARM.Collect$$libinit$$00000030  c_w.l(libinit2.o)
    0x08000248   0x08000248   0x00000000   Code   RO         1879    .ARM.Collect$$libinit$$00000032  c_w.l(libinit2.o)
    0x08000248   0x08000248   0x00000000   Code   RO         1881    .ARM.Collect$$libinit$$00000034  c_w.l(libinit2.o)
    0x08000248   0x08000248   0x00000002   Code   RO         1882    .ARM.Collect$$libinit$$00000035  c_w.l(libinit2.o)
    0x0800024a   0x0800024a   0x00000002   Code   RO         1937    .ARM.Collect$$libshutdown$$00000000  c_w.l(libshutdown.o)
    0x0800024c   0x0800024c   0x00000000   Code   RO         1955    .ARM.Collect$$libshutdown$$00000002  c_w.l(libshutdown2.o)
    0x0800024c   0x0800024c   0x00000000   Code   RO         1957    .ARM.Collect$$libshutdown$$00000004  c_w.l(libshutdown2.o)
    0x0800024c   0x0800024c   0x00000000   Code   RO         1960    .ARM.Collect$$libshutdown$$00000007  c_w.l(libshutdown2.o)
    0x0800024c   0x0800024c   0x00000000   Code   RO         1963    .ARM.Collect$$libshutdown$$0000000A  c_w.l(libshutdown2.o)
    0x0800024c   0x0800024c   0x00000000   Code   RO         1965    .ARM.Collect$$libshutdown$$0000000C  c_w.l(libshutdown2.o)
    0x0800024c   0x0800024c   0x00000000   Code   RO         1968    .ARM.Collect$$libshutdown$$0000000F  c_w.l(libshutdown2.o)
    0x0800024c   0x0800024c   0x00000002   Code   RO         1969    .ARM.Collect$$libshutdown$$00000010  c_w.l(libshutdown2.o)
    0x0800024e   0x0800024e   0x00000000   Code   RO         1704    .ARM.Collect$$rtentry$$00000000  c_w.l(__rtentry.o)
    0x0800024e   0x0800024e   0x00000000   Code   RO         1746    .ARM.Collect$$rtentry$$00000002  c_w.l(__rtentry2.o)
    0x0800024e   0x0800024e   0x00000006   Code   RO         1758    .ARM.Collect$$rtentry$$00000004  c_w.l(__rtentry4.o)
    0x08000254   0x08000254   0x00000000   Code   RO         1748    .ARM.Collect$$rtentry$$00000009  c_w.l(__rtentry2.o)
    0x08000254   0x08000254   0x00000004   Code   RO         1749    .ARM.Collect$$rtentry$$0000000A  c_w.l(__rtentry2.o)
    0x08000258   0x08000258   0x00000000   Code   RO         1751    .ARM.Collect$$rtentry$$0000000C  c_w.l(__rtentry2.o)
    0x08000258   0x08000258   0x00000008   Code   RO         1752    .ARM.Collect$$rtentry$$0000000D  c_w.l(__rtentry2.o)
    0x08000260   0x08000260   0x00000002   Code   RO         1883    .ARM.Collect$$rtexit$$00000000  c_w.l(rtexit.o)
    0x08000262   0x08000262   0x00000000   Code   RO         1902    .ARM.Collect$$rtexit$$00000002  c_w.l(rtexit2.o)
    0x08000262   0x08000262   0x00000004   Code   RO         1903    .ARM.Collect$$rtexit$$00000003  c_w.l(rtexit2.o)
    0x08000266   0x08000266   0x00000006   Code   RO         1904    .ARM.Collect$$rtexit$$00000004  c_w.l(rtexit2.o)
    0x0800026c   0x0800026c   0x00000040   Code   RO            4    .text               startup_stm32f407xx.o
    0x080002ac   0x080002ac   0x000000f0   Code   RO         1628    .text               c_w.l(lludivv7m.o)
    0x0800039c   0x0800039c   0x00000028   Code   RO         1632    .text               c_w.l(noretval__2sprintf.o)
    0x080003c4   0x080003c4   0x0000010e   Code   RO         1644    .text               c_w.l(__printf_wp.o)
    0x080004d2   0x080004d2   0x0000003e   Code   RO         1662    .text               c_w.l(strlen.o)
    0x08000510   0x08000510   0x0000008a   Code   RO         1664    .text               c_w.l(rt_memcpy_v6.o)
    0x0800059a   0x0800059a   0x00000010   Code   RO         1668    .text               c_w.l(aeabi_memset4.o)
    0x080005aa   0x080005aa   0x00000044   Code   RO         1670    .text               c_w.l(rt_memclr.o)
    0x080005ee   0x080005ee   0x0000004e   Code   RO         1672    .text               c_w.l(rt_memclr_w.o)
    0x0800063c   0x0800063c   0x00000006   Code   RO         1674    .text               c_w.l(heapauxi.o)
    0x08000642   0x08000642   0x0000041c   Code   RO         1714    .text               c_w.l(_printf_fp_dec.o)
    0x08000a5e   0x08000a5e   0x00000002   PAD
    0x08000a60   0x08000a60   0x00000030   Code   RO         1718    .text               c_w.l(_printf_char_common.o)
    0x08000a90   0x08000a90   0x0000000a   Code   RO         1720    .text               c_w.l(_sputc.o)
    0x08000a9a   0x08000a9a   0x00000064   Code   RO         1725    .text               c_w.l(rt_memcpy_w.o)
    0x08000afe   0x08000afe   0x00000002   PAD
    0x08000b00   0x08000b00   0x00000008   Code   RO         1742    .text               c_w.l(libspace.o)
    0x08000b08   0x08000b08   0x00000008   Code   RO         1767    .text               c_w.l(rt_locale_intlibspace.o)
    0x08000b10   0x08000b10   0x0000008a   Code   RO         1769    .text               c_w.l(lludiv10.o)
    0x08000b9a   0x08000b9a   0x00000002   PAD
    0x08000b9c   0x08000b9c   0x00000080   Code   RO         1771    .text               c_w.l(_printf_fp_infnan.o)
    0x08000c1c   0x08000c1c   0x000000e4   Code   RO         1777    .text               c_w.l(bigflt0.o)
    0x08000d00   0x08000d00   0x0000004a   Code   RO         1813    .text               c_w.l(sys_stackheap_outer.o)
    0x08000d4a   0x08000d4a   0x00000012   Code   RO         1822    .text               c_w.l(exit.o)
    0x08000d5c   0x08000d5c   0x00000004   PAD
    0x08000d60   0x08000d60   0x0000007c   Code   RO         1828    .text               c_w.l(strcmpv7em.o)
    0x08000ddc   0x08000ddc   0x0000000c   Code   RO         1897    .text               c_w.l(sys_exit.o)
    0x08000de8   0x08000de8   0x00000002   Code   RO         1924    .text               c_w.l(use_no_semi.o)
    0x08000dea   0x08000dea   0x00000000   Code   RO         1926    .text               c_w.l(indicate_semi.o)
    0x08000dea   0x08000dea   0x00000002   PAD
    0x08000dec   0x08000dec   0x0000002a   Code   RO          134    .text.ADC_IRQHandler  stm32f4xx_it.o
    0x08000e16   0x08000e16   0x00000002   PAD
    0x08000e18   0x08000e18   0x00000002   Code   RO          128    .text.BusFault_Handler  stm32f4xx_it.o
    0x08000e1a   0x08000e1a   0x00000002   PAD
    0x08000e1c   0x08000e1c   0x000001c6   Code   RO         1192    .text.DS18B20_Check  ds18b20.o
    0x08000fe2   0x08000fe2   0x00000002   PAD
    0x08000fe4   0x08000fe4   0x0000018c   Code   RO         1188    .text.DS18B20_Read_Byte  ds18b20.o
    0x08001170   0x08001170   0x00000282   Code   RO         1190    .text.DS18B20_Write_Byte  ds18b20.o
    0x080013f2   0x080013f2   0x00000002   PAD
    0x080013f4   0x080013f4   0x00000002   Code   RO          132    .text.DebugMon_Handler  stm32f4xx_it.o
    0x080013f6   0x080013f6   0x00000002   PAD
    0x080013f8   0x080013f8   0x00000006   Code   RO           23    .text.Error_Handler  main.o
    0x080013fe   0x080013fe   0x00000002   PAD
    0x08001400   0x08001400   0x00000002   Code   RO          251    .text.HAL_ADCEx_InjectedConvCpltCallback  stm32f4xx_hal_adc_ex.o
    0x08001402   0x08001402   0x00000002   PAD
    0x08001404   0x08001404   0x00000144   Code   RO          211    .text.HAL_ADC_ConfigChannel  stm32f4xx_hal_adc.o
    0x08001548   0x08001548   0x00000002   Code   RO          191    .text.HAL_ADC_ConvCpltCallback  stm32f4xx_hal_adc.o
    0x0800154a   0x0800154a   0x00000002   PAD
    0x0800154c   0x0800154c   0x00000002   Code   RO          195    .text.HAL_ADC_ErrorCallback  stm32f4xx_hal_adc.o
    0x0800154e   0x0800154e   0x00000002   PAD
    0x08001550   0x08001550   0x00000006   Code   RO          207    .text.HAL_ADC_GetValue  stm32f4xx_hal_adc.o
    0x08001556   0x08001556   0x00000002   PAD
    0x08001558   0x08001558   0x00000136   Code   RO          189    .text.HAL_ADC_IRQHandler  stm32f4xx_hal_adc.o
    0x0800168e   0x0800168e   0x00000002   PAD
    0x08001690   0x08001690   0x0000015c   Code   RO          169    .text.HAL_ADC_Init  stm32f4xx_hal_adc.o
    0x080017ec   0x080017ec   0x00000002   Code   RO          193    .text.HAL_ADC_LevelOutOfWindowCallback  stm32f4xx_hal_adc.o
    0x080017ee   0x080017ee   0x00000002   PAD
    0x080017f0   0x080017f0   0x00000100   Code   RO           51    .text.HAL_ADC_MspInit  adc.o
    0x080018f0   0x080018f0   0x0000015a   Code   RO          177    .text.HAL_ADC_Start  stm32f4xx_hal_adc.o
    0x08001a4a   0x08001a4a   0x00000002   PAD
    0x08001a4c   0x08001a4c   0x0000008e   Code   RO          422    .text.HAL_DMA_Abort  stm32f4xx_hal_dma.o
    0x08001ada   0x08001ada   0x00000002   PAD
    0x08001adc   0x08001adc   0x00000024   Code   RO          424    .text.HAL_DMA_Abort_IT  stm32f4xx_hal_dma.o
    0x08001b00   0x08001b00   0x0000019e   Code   RO          376    .text.HAL_GPIO_Init  stm32f4xx_hal_gpio.o
    0x08001c9e   0x08001c9e   0x00000002   PAD
    0x08001ca0   0x08001ca0   0x0000000a   Code   RO          380    .text.HAL_GPIO_ReadPin  stm32f4xx_hal_gpio.o
    0x08001caa   0x08001caa   0x00000002   PAD
    0x08001cac   0x08001cac   0x0000000a   Code   RO          382    .text.HAL_GPIO_WritePin  stm32f4xx_hal_gpio.o
    0x08001cb6   0x08001cb6   0x00000002   PAD
    0x08001cb8   0x08001cb8   0x0000000c   Code   RO          573    .text.HAL_GetTick   stm32f4xx_hal.o
    0x08001cc4   0x08001cc4   0x00000036   Code   RO          561    .text.HAL_Init      stm32f4xx_hal.o
    0x08001cfa   0x08001cfa   0x00000002   PAD
    0x08001cfc   0x08001cfc   0x00000048   Code   RO          563    .text.HAL_InitTick  stm32f4xx_hal.o
    0x08001d44   0x08001d44   0x00000038   Code   RO          161    .text.HAL_MspInit   stm32f4xx_hal_msp.o
    0x08001d7c   0x08001d7c   0x00000022   Code   RO          513    .text.HAL_NVIC_EnableIRQ  stm32f4xx_hal_cortex.o
    0x08001d9e   0x08001d9e   0x00000002   PAD
    0x08001da0   0x08001da0   0x00000056   Code   RO          511    .text.HAL_NVIC_SetPriority  stm32f4xx_hal_cortex.o
    0x08001df6   0x08001df6   0x00000002   PAD
    0x08001df8   0x08001df8   0x00000020   Code   RO          509    .text.HAL_NVIC_SetPriorityGrouping  stm32f4xx_hal_cortex.o
    0x08001e18   0x08001e18   0x00000164   Code   RO          270    .text.HAL_RCC_ClockConfig  stm32f4xx_hal_rcc.o
    0x08001f7c   0x08001f7c   0x00000026   Code   RO          282    .text.HAL_RCC_GetPCLK1Freq  stm32f4xx_hal_rcc.o
    0x08001fa2   0x08001fa2   0x00000002   PAD
    0x08001fa4   0x08001fa4   0x00000026   Code   RO          284    .text.HAL_RCC_GetPCLK2Freq  stm32f4xx_hal_rcc.o
    0x08001fca   0x08001fca   0x00000002   PAD
    0x08001fcc   0x08001fcc   0x0000006c   Code   RO          272    .text.HAL_RCC_GetSysClockFreq  stm32f4xx_hal_rcc.o
    0x08002038   0x08002038   0x000003ac   Code   RO          268    .text.HAL_RCC_OscConfig  stm32f4xx_hal_rcc.o
    0x080023e4   0x080023e4   0x0000002c   Code   RO          521    .text.HAL_SYSTICK_Config  stm32f4xx_hal_cortex.o
    0x08002410   0x08002410   0x00000002   Code   RO          956    .text.HAL_TIMEx_BreakCallback  stm32f4xx_hal_tim_ex.o
    0x08002412   0x08002412   0x00000002   PAD
    0x08002414   0x08002414   0x00000002   Code   RO          952    .text.HAL_TIMEx_CommutCallback  stm32f4xx_hal_tim_ex.o
    0x08002416   0x08002416   0x00000002   PAD
    0x08002418   0x08002418   0x0000004c   Code   RO          948    .text.HAL_TIMEx_ConfigBreakDeadTime  stm32f4xx_hal_tim_ex.o
    0x08002464   0x08002464   0x000000ba   Code   RO          946    .text.HAL_TIMEx_MasterConfigSynchronization  stm32f4xx_hal_tim_ex.o
    0x0800251e   0x0800251e   0x00000002   PAD
    0x08002520   0x08002520   0x0000005a   Code   RO          651    .text.HAL_TIM_Base_Init  stm32f4xx_hal_tim.o
    0x0800257a   0x0800257a   0x00000002   PAD
    0x0800257c   0x0800257c   0x0000018e   Code   RO           82    .text.HAL_TIM_Base_MspInit  tim.o
    0x0800270a   0x0800270a   0x00000002   PAD
    0x0800270c   0x0800270c   0x000000a2   Code   RO          661    .text.HAL_TIM_Base_Start  stm32f4xx_hal_tim.o
    0x080027ae   0x080027ae   0x00000002   PAD
    0x080027b0   0x080027b0   0x000000aa   Code   RO          665    .text.HAL_TIM_Base_Start_IT  stm32f4xx_hal_tim.o
    0x0800285a   0x0800285a   0x00000002   PAD
    0x0800285c   0x0800285c   0x00000034   Code   RO          663    .text.HAL_TIM_Base_Stop  stm32f4xx_hal_tim.o
    0x08002890   0x08002890   0x000001a0   Code   RO          831    .text.HAL_TIM_ConfigClockSource  stm32f4xx_hal_tim.o
    0x08002a30   0x08002a30   0x00000002   Code   RO          787    .text.HAL_TIM_IC_CaptureCallback  stm32f4xx_hal_tim.o
    0x08002a32   0x08002a32   0x00000002   PAD
    0x08002a34   0x08002a34   0x0000014e   Code   RO          785    .text.HAL_TIM_IRQHandler  stm32f4xx_hal_tim.o
    0x08002b82   0x08002b82   0x00000002   PAD
    0x08002b84   0x08002b84   0x0000014c   Code   RO           68    .text.HAL_TIM_MspPostInit  tim.o
    0x08002cd0   0x08002cd0   0x00000002   Code   RO          789    .text.HAL_TIM_OC_DelayElapsedCallback  stm32f4xx_hal_tim.o
    0x08002cd2   0x08002cd2   0x00000002   PAD
    0x08002cd4   0x08002cd4   0x00000220   Code   RO          805    .text.HAL_TIM_PWM_ConfigChannel  stm32f4xx_hal_tim.o
    0x08002ef4   0x08002ef4   0x0000005a   Code   RO          705    .text.HAL_TIM_PWM_Init  stm32f4xx_hal_tim.o
    0x08002f4e   0x08002f4e   0x00000002   PAD
    0x08002f50   0x08002f50   0x00000002   Code   RO          707    .text.HAL_TIM_PWM_MspInit  stm32f4xx_hal_tim.o
    0x08002f52   0x08002f52   0x00000002   PAD
    0x08002f54   0x08002f54   0x00000002   Code   RO          791    .text.HAL_TIM_PWM_PulseFinishedCallback  stm32f4xx_hal_tim.o
    0x08002f56   0x08002f56   0x00000002   PAD
    0x08002f58   0x08002f58   0x0000010e   Code   RO          713    .text.HAL_TIM_PWM_Start  stm32f4xx_hal_tim.o
    0x08003066   0x08003066   0x00000002   PAD
    0x08003068   0x08003068   0x00000214   Code   RO         1166    .text.HAL_TIM_PeriodElapsedCallback  sensor.o
    0x0800327c   0x0800327c   0x00000002   Code   RO          795    .text.HAL_TIM_TriggerCallback  stm32f4xx_hal_tim.o
    0x0800327e   0x0800327e   0x00000002   PAD
    0x08003280   0x08003280   0x00000002   Code   RO         1056    .text.HAL_UARTEx_RxEventCallback  stm32f4xx_hal_uart.o
    0x08003282   0x08003282   0x00000002   PAD
    0x08003284   0x08003284   0x00000002   Code   RO         1054    .text.HAL_UART_ErrorCallback  stm32f4xx_hal_uart.o
    0x08003286   0x08003286   0x00000002   PAD
    0x08003288   0x08003288   0x00000018   Code   RO         1224    .text.HAL_UART_INTERRUPT  4gdtu.o
    0x080032a0   0x080032a0   0x00000570   Code   RO         1048    .text.HAL_UART_IRQHandler  stm32f4xx_hal_uart.o
    0x08003810   0x08003810   0x00000060   Code   RO          970    .text.HAL_UART_Init  stm32f4xx_hal_uart.o
    0x08003870   0x08003870   0x00000130   Code   RO          107    .text.HAL_UART_MspInit  usart.o
    0x080039a0   0x080039a0   0x00000054   Code   RO          992    .text.HAL_UART_Receive_IT  stm32f4xx_hal_uart.o
    0x080039f4   0x080039f4   0x0000004e   Code   RO         1222    .text.HAL_UART_RxCpltCallback  4gdtu.o
    0x08003a42   0x08003a42   0x00000002   PAD
    0x08003a44   0x08003a44   0x00000192   Code   RO          986    .text.HAL_UART_Transmit  stm32f4xx_hal_uart.o
    0x08003bd6   0x08003bd6   0x00000002   PAD
    0x08003bd8   0x08003bd8   0x00000002   Code   RO         1058    .text.HAL_UART_TxCpltCallback  stm32f4xx_hal_uart.o
    0x08003bda   0x08003bda   0x00000002   PAD
    0x08003bdc   0x08003bdc   0x00000002   Code   RO          124    .text.HardFault_Handler  stm32f4xx_it.o
    0x08003bde   0x08003bde   0x00000002   PAD
    0x08003be0   0x08003be0   0x0000006a   Code   RO           45    .text.MX_ADC1_Init  adc.o
    0x08003c4a   0x08003c4a   0x00000002   PAD
    0x08003c4c   0x08003c4c   0x0000006c   Code   RO           47    .text.MX_ADC2_Init  adc.o
    0x08003cb8   0x08003cb8   0x0000006c   Code   RO           49    .text.MX_ADC3_Init  adc.o
    0x08003d24   0x08003d24   0x000000aa   Code   RO           36    .text.MX_GPIO_Init  gpio.o
    0x08003dce   0x08003dce   0x00000002   PAD
    0x08003dd0   0x08003dd0   0x00000036   Code   RO           74    .text.MX_TIM10_Init  tim.o
    0x08003e06   0x08003e06   0x00000002   PAD
    0x08003e08   0x08003e08   0x000000c6   Code   RO           76    .text.MX_TIM12_Init  tim.o
    0x08003ece   0x08003ece   0x00000002   PAD
    0x08003ed0   0x08003ed0   0x00000086   Code   RO           78    .text.MX_TIM13_Init  tim.o
    0x08003f56   0x08003f56   0x00000002   PAD
    0x08003f58   0x08003f58   0x00000086   Code   RO           80    .text.MX_TIM14_Init  tim.o
    0x08003fde   0x08003fde   0x00000002   PAD
    0x08003fe0   0x08003fe0   0x000000e2   Code   RO           66    .text.MX_TIM3_Init  tim.o
    0x080040c2   0x080040c2   0x00000002   PAD
    0x080040c4   0x080040c4   0x00000050   Code   RO           70    .text.MX_TIM6_Init  tim.o
    0x08004114   0x08004114   0x00000124   Code   RO           72    .text.MX_TIM8_Init  tim.o
    0x08004238   0x08004238   0x0000003c   Code   RO          101    .text.MX_USART1_UART_Init  usart.o
    0x08004274   0x08004274   0x0000003c   Code   RO          103    .text.MX_USART3_UART_Init  usart.o
    0x080042b0   0x080042b0   0x0000003c   Code   RO          105    .text.MX_USART6_UART_Init  usart.o
    0x080042ec   0x080042ec   0x00000002   Code   RO          126    .text.MemManage_Handler  stm32f4xx_it.o
    0x080042ee   0x080042ee   0x00000002   PAD
    0x080042f0   0x080042f0   0x00000002   Code   RO          122    .text.NMI_Handler   stm32f4xx_it.o
    0x080042f2   0x080042f2   0x0000000e   PAD
    0x08004300   0x08004300   0x00000064   Code   RO         1565    .text.PendSV_Handler  port.o
    0x08004364   0x08004364   0x0000006a   Code   RO         1133    .text.Pwm_Init      motor.o
    0x080043ce   0x080043ce   0x00000002   PAD
    0x080043d0   0x080043d0   0x00000024   Code   RO         1549    .text.SVC_Handler   port.o
    0x080043f4   0x080043f4   0x0000002e   Code   RO         1567    .text.SysTick_Handler  port.o
    0x08004422   0x08004422   0x00000002   PAD
    0x08004424   0x08004424   0x000000a8   Code   RO           21    .text.SystemClock_Config  main.o
    0x080044cc   0x080044cc   0x00000012   Code   RO         1104    .text.SystemInit    system_stm32f4xx.o
    0x080044de   0x080044de   0x00000002   PAD
    0x080044e0   0x080044e0   0x0000000c   Code   RO          136    .text.TIM1_UP_TIM10_IRQHandler  stm32f4xx_it.o
    0x080044ec   0x080044ec   0x0000000c   Code   RO          138    .text.TIM3_IRQHandler  stm32f4xx_it.o
    0x080044f8   0x080044f8   0x0000000c   Code   RO          150    .text.TIM6_DAC_IRQHandler  stm32f4xx_it.o
    0x08004504   0x08004504   0x0000001e   Code   RO          144    .text.TIM8_BRK_TIM12_IRQHandler  stm32f4xx_it.o
    0x08004522   0x08004522   0x00000002   PAD
    0x08004524   0x08004524   0x0000001e   Code   RO          148    .text.TIM8_TRG_COM_TIM14_IRQHandler  stm32f4xx_it.o
    0x08004542   0x08004542   0x00000002   PAD
    0x08004544   0x08004544   0x0000001e   Code   RO          146    .text.TIM8_UP_TIM13_IRQHandler  stm32f4xx_it.o
    0x08004562   0x08004562   0x00000002   PAD
    0x08004564   0x08004564   0x00000144   Code   RO          655    .text.TIM_Base_SetConfig  stm32f4xx_hal_tim.o
    0x080046a8   0x080046a8   0x0000000c   Code   RO         1052    .text.UART_DMAAbortOnError  stm32f4xx_hal_uart.o
    0x080046b4   0x080046b4   0x000000fe   Code   RO         1050    .text.UART_Receive_IT  stm32f4xx_hal_uart.o
    0x080047b2   0x080047b2   0x00000002   PAD
    0x080047b4   0x080047b4   0x000000e6   Code   RO          974    .text.UART_SetConfig  stm32f4xx_hal_uart.o
    0x0800489a   0x0800489a   0x00000002   PAD
    0x0800489c   0x0800489c   0x0000000c   Code   RO          140    .text.USART1_IRQHandler  stm32f4xx_it.o
    0x080048a8   0x080048a8   0x0000000c   Code   RO          142    .text.USART3_IRQHandler  stm32f4xx_it.o
    0x080048b4   0x080048b4   0x0000000c   Code   RO          152    .text.USART6_IRQHandler  stm32f4xx_it.o
    0x080048c0   0x080048c0   0x00000002   Code   RO          130    .text.UsageFault_Handler  stm32f4xx_it.o
    0x080048c2   0x080048c2   0x00000002   PAD
    0x080048c4   0x080048c4   0x0000005c   Code   RO         1209    .text.delay_us      delay.o
    0x08004920   0x08004920   0x00000148   Code   RO           19    .text.main          main.o
    0x08004a68   0x08004a68   0x0000009e   Code   RO         1372    .text.prvAddCurrentTaskToDelayedList  tasks.o
    0x08004b06   0x08004b06   0x00000002   PAD
    0x08004b08   0x08004b08   0x0000006e   Code   RO         1396    .text.prvIdleTask   tasks.o
    0x08004b76   0x08004b76   0x00000002   PAD
    0x08004b78   0x08004b78   0x00000028   Code   RO         1557    .text.prvPortStartFirstTask  port.o
    0x08004ba0   0x08004ba0   0x0000003e   Code   RO         1547    .text.prvTaskExitError  port.o
    0x08004bde   0x08004bde   0x00000002   PAD
    0x08004be0   0x08004be0   0x00000322   Code   RO         1481    .text.prvTimerTask  timers.o
    0x08004f02   0x08004f02   0x00000002   PAD
    0x08004f04   0x08004f04   0x00000074   Code   RO         1315    .text.prvUnlockQueue  queue.o
    0x08004f78   0x08004f78   0x000001c6   Code   RO         1521    .text.pvPortMalloc  heap_4.o
    0x0800513e   0x0800513e   0x00000002   PAD
    0x08005140   0x08005140   0x00000024   Code   RO         1545    .text.pxPortInitialiseStack  port.o
    0x08005164   0x08005164   0x00000022   Code   RO         1289    .text.uxListRemove  list.o
    0x08005186   0x08005186   0x00000002   PAD
    0x08005188   0x08005188   0x00000002   Code   RO           11    .text.vApplicationIdleHook  main.o
    0x0800518a   0x0800518a   0x00000002   PAD
    0x0800518c   0x0800518c   0x00000002   Code   RO           17    .text.vApplicationMallocFailedHook  main.o
    0x0800518e   0x0800518e   0x00000002   PAD
    0x08005190   0x08005190   0x00000002   Code   RO           15    .text.vApplicationStackOverflowHook  main.o
    0x08005192   0x08005192   0x00000002   PAD
    0x08005194   0x08005194   0x00000002   Code   RO           13    .text.vApplicationTickHook  main.o
    0x08005196   0x08005196   0x00000002   PAD
    0x08005198   0x08005198   0x00000016   Code   RO         1281    .text.vListInitialise  list.o
    0x080051ae   0x080051ae   0x00000002   PAD
    0x080051b0   0x080051b0   0x00000006   Code   RO         1283    .text.vListInitialiseItem  list.o
    0x080051b6   0x080051b6   0x00000002   PAD
    0x080051b8   0x080051b8   0x00000062   Code   RO         1287    .text.vListInsert   list.o
    0x0800521a   0x0800521a   0x00000002   PAD
    0x0800521c   0x0800521c   0x00000014   Code   RO         1555    .text.vPortEnableVFP  port.o
    0x08005230   0x08005230   0x00000046   Code   RO         1561    .text.vPortEnterCritical  port.o
    0x08005276   0x08005276   0x00000002   PAD
    0x08005278   0x08005278   0x0000002e   Code   RO         1563    .text.vPortExitCritical  port.o
    0x080052a6   0x080052a6   0x00000002   PAD
    0x080052a8   0x080052a8   0x000000d4   Code   RO         1523    .text.vPortFree     heap_4.o
    0x0800537c   0x0800537c   0x0000001e   Code   RO         1553    .text.vPortSetupTimerInterrupt  port.o
    0x0800539a   0x0800539a   0x00000002   PAD
    0x0800539c   0x0800539c   0x00000172   Code   RO         1349    .text.vQueueAddToRegistry  queue.o
    0x0800550e   0x0800550e   0x00000002   PAD
    0x08005510   0x08005510   0x00000052   Code   RO         1353    .text.vQueueWaitForMessageRestricted  queue.o
    0x08005562   0x08005562   0x00000006   PAD
    0x08005568   0x08005568   0x000000f8   Code   RO         1198    .text.vTaskDS18B20Print  ds18b20.o
    0x08005660   0x08005660   0x000000b2   Code   RO         1376    .text.vTaskDelay    tasks.o
    0x08005712   0x08005712   0x00000002   PAD
    0x08005714   0x08005714   0x00000012   Code   RO         1426    .text.vTaskInternalSetTimeOutState  tasks.o
    0x08005726   0x08005726   0x00000002   PAD
    0x08005728   0x08005728   0x0000000e   Code   RO         1430    .text.vTaskMissedYield  tasks.o
    0x08005736   0x08005736   0x00000002   PAD
    0x08005738   0x08005738   0x00000036   Code   RO         1414    .text.vTaskPlaceOnEventList  tasks.o
    0x0800576e   0x0800576e   0x00000002   PAD
    0x08005770   0x08005770   0x000000bc   Code   RO         1418    .text.vTaskPlaceOnEventListRestricted  tasks.o
    0x0800582c   0x0800582c   0x00000084   Code   RO         1394    .text.vTaskStartScheduler  tasks.o
    0x080058b0   0x080058b0   0x00000010   Code   RO         1370    .text.vTaskSuspendAll  tasks.o
    0x080058c0   0x080058c0   0x000000a2   Code   RO         1388    .text.vTaskSwitchContext  tasks.o
    0x08005962   0x08005962   0x00000002   PAD
    0x08005964   0x08005964   0x00000050   Code   RO         1172    .text.vTaskTDS      sensor.o
    0x080059b4   0x080059b4   0x00000054   Code   RO         1168    .text.vTaskTur      sensor.o
    0x08005a08   0x08005a08   0x00000050   Code   RO         1170    .text.vTaskpH       sensor.o
    0x08005a58   0x08005a58   0x00000188   Code   RO         1551    .text.xPortStartScheduler  port.o
    0x08005be0   0x08005be0   0x0000008e   Code   RO         1301    .text.xQueueGenericCreate  queue.o
    0x08005c6e   0x08005c6e   0x00000002   PAD
    0x08005c70   0x08005c70   0x0000023e   Code   RO         1321    .text.xQueueReceive  queue.o
    0x08005eae   0x08005eae   0x00000002   PAD
    0x08005eb0   0x08005eb0   0x0000009a   Code   RO         1428    .text.xTaskCheckForTimeOut  tasks.o
    0x08005f4a   0x08005f4a   0x00000002   PAD
    0x08005f4c   0x08005f4c   0x00000212   Code   RO         1364    .text.xTaskCreate   tasks.o
    0x0800615e   0x0800615e   0x00000002   PAD
    0x08006160   0x08006160   0x0000001e   Code   RO         1440    .text.xTaskGetSchedulerState  tasks.o
    0x0800617e   0x0800617e   0x00000002   PAD
    0x08006180   0x08006180   0x0000000c   Code   RO         1402    .text.xTaskGetTickCount  tasks.o
    0x0800618c   0x0800618c   0x00000196   Code   RO         1400    .text.xTaskIncrementTick  tasks.o
    0x08006322   0x08006322   0x00000002   PAD
    0x08006324   0x08006324   0x000000e2   Code   RO         1420    .text.xTaskRemoveFromEventList  tasks.o
    0x08006406   0x08006406   0x00000002   PAD
    0x08006408   0x08006408   0x0000013e   Code   RO         1374    .text.xTaskResumeAll  tasks.o
    0x08006546   0x08006546   0x00000002   PAD
    0x08006548   0x08006548   0x00000090   Code   RO         1479    .text.xTimerCreateTimerTask  timers.o
    0x080065d8   0x080065d8   0x0000003e   Code   RO         1780    CL$$btod_d2e        c_w.l(btod.o)
    0x08006616   0x08006616   0x00000046   Code   RO         1782    CL$$btod_d2e_denorm_low  c_w.l(btod.o)
    0x0800665c   0x0800665c   0x00000060   Code   RO         1781    CL$$btod_d2e_norm_op1  c_w.l(btod.o)
    0x080066bc   0x080066bc   0x00000338   Code   RO         1790    CL$$btod_div_common  c_w.l(btod.o)
    0x080069f4   0x080069f4   0x000000dc   Code   RO         1787    CL$$btod_e2e        c_w.l(btod.o)
    0x08006ad0   0x08006ad0   0x0000002a   Code   RO         1784    CL$$btod_ediv       c_w.l(btod.o)
    0x08006afa   0x08006afa   0x0000002a   Code   RO         1783    CL$$btod_emul       c_w.l(btod.o)
    0x08006b24   0x08006b24   0x00000244   Code   RO         1789    CL$$btod_mult_common  c_w.l(btod.o)
    0x08006d68   0x08006d68   0x00000030   Code   RO         1811    i.__ARM_fpclassify  m_wm.l(fpclassify.o)
    0x08006d98   0x08006d98   0x0000000e   Code   RO         1646    i._is_digit         c_w.l(__printf_wp.o)
    0x08006da6   0x08006da6   0x00000002   PAD
    0x08006da8   0x08006da8   0x0000002c   Code   RO         1805    locale$$code        c_w.l(lc_numeric_c.o)
    0x08006dd4   0x08006dd4   0x00000062   Code   RO         1678    x$fpl$d2f           fz_wm.l(d2f.o)
    0x08006e36   0x08006e36   0x00000002   PAD
    0x08006e38   0x08006e38   0x00000150   Code   RO         1680    x$fpl$dadd          fz_wm.l(daddsub_clz.o)
    0x08006f88   0x08006f88   0x00000018   Code   RO         1807    x$fpl$dcmpinf       fz_wm.l(dcmpi.o)
    0x08006fa0   0x08006fa0   0x000002b8   Code   RO         1689    x$fpl$ddiv          fz_wm.l(ddiv.o)
    0x08007258   0x08007258   0x00000078   Code   RO         1727    x$fpl$deqf          fz_wm.l(deqf.o)
    0x080072d0   0x080072d0   0x0000002e   Code   RO         1693    x$fpl$dflt          fz_wm.l(dflt_clz.o)
    0x080072fe   0x080072fe   0x00000026   Code   RO         1692    x$fpl$dfltu         fz_wm.l(dflt_clz.o)
    0x08007324   0x08007324   0x00000078   Code   RO         1729    x$fpl$dgeqf         fz_wm.l(dgeqf.o)
    0x0800739c   0x0800739c   0x00000078   Code   RO         1731    x$fpl$dleqf         fz_wm.l(dleqf.o)
    0x08007414   0x08007414   0x00000154   Code   RO         1698    x$fpl$dmul          fz_wm.l(dmul.o)
    0x08007568   0x08007568   0x0000009c   Code   RO         1733    x$fpl$dnaninf       fz_wm.l(dnaninf.o)
    0x08007604   0x08007604   0x0000000c   Code   RO         1735    x$fpl$dretinf       fz_wm.l(dretinf.o)
    0x08007610   0x08007610   0x000001dc   Code   RO         1682    x$fpl$dsub          fz_wm.l(daddsub_clz.o)
    0x080077ec   0x080077ec   0x00000056   Code   RO         1700    x$fpl$f2d           fz_wm.l(f2d.o)
    0x08007842   0x08007842   0x00000054   Code   RO         1686    x$fpl$fcmp          fz_wm.l(dcmp.o)
    0x08007896   0x08007896   0x0000008c   Code   RO         1737    x$fpl$fnaninf       fz_wm.l(fnaninf.o)
    0x08007922   0x08007922   0x0000001a   Code   RO         1895    x$fpl$fpinit        fz_wm.l(fpinit.o)
    0x0800793c   0x0800793c   0x0000000a   Code   RO         1739    x$fpl$fretinf       fz_wm.l(fretinf.o)
    0x08007946   0x08007946   0x00000004   Code   RO         1702    x$fpl$printf1       fz_wm.l(printf1.o)
    0x0800794a   0x0800794a   0x00000000   Code   RO         1741    x$fpl$usenofp       fz_wm.l(usenofp.o)
    0x0800794a   0x0800794a   0x00000002   PAD
    0x0800794c   0x0800794c   0x00000094   Data   RO         1778    .constdata          c_w.l(bigflt0.o)
    0x080079e0   0x080079e0   0x00000010   Data   RO         1109    .rodata.AHBPrescTable  system_stm32f4xx.o
    0x080079f0   0x080079f0   0x00000008   Data   RO         1110    .rodata.APBPrescTable  system_stm32f4xx.o
    0x080079f8   0x080079f8   0x00000005   Data   RO         1511    .rodata.str1.1      timers.o
    0x080079fd   0x080079fd   0x00000003   PAD
    0x08007a00   0x08007a00   0x00000004   Data   RO         1467    .rodata.uxTopUsedPriority  tasks.o
    0x08007a04   0x08007a04   0x00000020   Data   RO         1971    Region$$Table       anon$$obj.o
    0x08007a24   0x08007a24   0x0000001c   Data   RO         1804    locale$$data        c_w.l(lc_numeric_c.o)


    Execution Region RW_IRAM1 (Exec base: 0x20000000, Load base: 0x08007a40, Size: 0x00013a80, Max: 0x0001c000, ABSOLUTE)

    Exec Addr    Load Addr    Size         Type   Attr      Idx    E Section Name        Object

    0x20000000   0x08007a40   0x00000008   Data   RW          616    .data..L_MergedGlobals  stm32f4xx_hal.o
    0x20000008   0x08007a48   0x00000004   Data   RW         1108    .data.SystemCoreClock  system_stm32f4xx.o
    0x2000000c   0x08007a4c   0x00000004   Data   RW         1571    .data.uxCriticalNesting  port.o
    0x20000010        -       0x00000060   Zero   RW         1743    .bss                c_w.l(libspace.o)
    0x20000070        -       0x00000024   Zero   RW           28    .bss..L_MergedGlobals  main.o
    0x20000094   0x08007a50   0x00000004   PAD
    0x20000098        -       0x0000005e   Zero   RW         1175    .bss..L_MergedGlobals  sensor.o
    0x200000f6   0x08007a50   0x00000002   PAD
    0x200000f8        -       0x00000040   Zero   RW         1232    .bss..L_MergedGlobals  4gdtu.o
    0x20000138        -       0x00000074   Zero   RW         1469    .bss..L_MergedGlobals  tasks.o
    0x200001ac        -       0x0000003c   Zero   RW         1512    .bss..L_MergedGlobals  timers.o
    0x200001e8        -       0x0000001c   Zero   RW         1536    .bss..L_MergedGlobals  heap_4.o
    0x20000204        -       0x00000008   Zero   RW         1572    .bss..L_MergedGlobals  port.o
    0x2000020c        -       0x00000028   Zero   RW         1470    .bss..L_MergedGlobals.2  tasks.o
    0x20000234        -       0x00000096   Zero   RW         1200    .bss.ds18b20_tx     ds18b20.o
    0x200002ca   0x08007a50   0x00000002   PAD
    0x200002cc        -       0x00000048   Zero   RW           55    .bss.hadc1          adc.o
    0x20000314        -       0x00000048   Zero   RW           56    .bss.hadc2          adc.o
    0x2000035c        -       0x00000048   Zero   RW           57    .bss.hadc3          adc.o
    0x200003a4        -       0x00000048   Zero   RW           89    .bss.htim10         tim.o
    0x200003ec        -       0x00000048   Zero   RW           90    .bss.htim12         tim.o
    0x20000434        -       0x00000048   Zero   RW           91    .bss.htim13         tim.o
    0x2000047c        -       0x00000048   Zero   RW           92    .bss.htim14         tim.o
    0x200004c4        -       0x00000048   Zero   RW           86    .bss.htim3          tim.o
    0x2000050c        -       0x00000048   Zero   RW           87    .bss.htim6          tim.o
    0x20000554        -       0x00000048   Zero   RW           88    .bss.htim8          tim.o
    0x2000059c        -       0x00000048   Zero   RW          111    .bss.huart1         usart.o
    0x200005e4        -       0x00000048   Zero   RW          112    .bss.huart3         usart.o
    0x2000062c        -       0x00000048   Zero   RW          113    .bss.huart6         usart.o
    0x20000674        -       0x00000004   Zero   RW         1466    .bss.pxCurrentTCB   tasks.o
    0x20000678        -       0x00000064   Zero   RW         1468    .bss.pxReadyTasksLists  tasks.o
    0x200006dc        -       0x0000015e   Zero   RW         1230    .bss.receivedString  4gdtu.o
    0x2000083a        -       0x00012c00   Zero   RW         1535    .bss.ucHeap         heap_4.o
    0x2001343a   0x08007a50   0x00000002   PAD
    0x2001343c        -       0x00000004   Zero   RW          615    .bss.uwTick         stm32f4xx_hal.o
    0x20013440        -       0x00000040   Zero   RW         1355    .bss.xQueueRegistry  queue.o
    0x20013480        -       0x00000200   Zero   RW            2    HEAP                startup_stm32f407xx.o
    0x20013680        -       0x00000400   Zero   RW            1    STACK               startup_stm32f407xx.o


    Execution Region RW_IRAM2 (Exec base: 0x2001c000, Load base: 0x08007a50, Size: 0x00000000, Max: 0x00004000, ABSOLUTE)

    **** No section assigned to this execution region ****


==============================================================================

Image component sizes


      Code (inc. data)   RO Data    RW Data    ZI Data      Debug   Object Name

       102          0          0          0        414       5296   4gdtu.o
       578          0          0          0        216       7904   adc.o
        92          0          0          0          0       3935   delay.o
      1740         40          0          0        150       7233   ds18b20.o
       170          0          0          0          0       2177   gpio.o
       666          0          0          0      76828       5960   heap_4.o
       160          0          0          0          0       2188   list.o
       510         40          0          0         36       4933   main.o
       106          0          0          0          0       4360   motor.o
       878         16          0          4          8       4250   port.o
      1284          0          0          0         64      26895   queue.o
       776        104          0          0         94       7994   sensor.o
        64         26        392          0       1536        836   startup_stm32f407xx.o
       138          0          0          8          4       7292   stm32f4xx_hal.o
      1340          0          0          0          0      12260   stm32f4xx_hal_adc.o
         2          0          0          0          0      10085   stm32f4xx_hal_adc_ex.o
       196          0          0          0          0      10709   stm32f4xx_hal_cortex.o
       178          0          0          0          0      10521   stm32f4xx_hal_dma.o
       434          0          0          0          0       5339   stm32f4xx_hal_gpio.o
        56          0          0          0          0       1448   stm32f4xx_hal_msp.o
      1480          0          0          0          0       7436   stm32f4xx_hal_rcc.o
      2462          6          0          0          0      57327   stm32f4xx_hal_tim.o
       266          0          0          0          0      21474   stm32f4xx_hal_tim_ex.o
      2476          0          0          0          0      32131   stm32f4xx_hal_uart.o
       216          0          0          0          0       7300   stm32f4xx_it.o
        18          0         24          4          0       2636   system_stm32f4xx.o
      2706          8          4          0        260      42188   tasks.o
      1848          0          0          0        504      11580   tim.o
       946         20          5          0         60      13211   timers.o
       484          0          0          0        216       7718   usart.o

    ----------------------------------------------------------------------
     22572        260        460         16      80400     344616   Object Totals
         0          0         32          0          0          0   (incl. Generated)
       200          0          3          0         10          0   (incl. Padding)

    ----------------------------------------------------------------------

      Code (inc. data)   RO Data    RW Data    ZI Data      Debug   Library Member Name

         8          0          0          0          0         68   __main.o
       284          0          0          0          0        156   __printf_wp.o
         0          0          0          0          0          0   __rtentry.o
        12          0          0          0          0          0   __rtentry2.o
         6          0          0          0          0          0   __rtentry4.o
        94          8          0          0          0          0   __scatter.o
        26          0          0          0          0          0   __scatter_copy.o
        28          0          0          0          0          0   __scatter_zi.o
        48          6          0          0          0         96   _printf_char_common.o
         6          0          0          0          0          0   _printf_f.o
      1052          0          0          0          0        148   _printf_fp_dec.o
       128         16          0          0          0         84   _printf_fp_infnan.o
         0          0          0          0          0          0   _printf_percent.o
         4          0          0          0          0          0   _printf_percent_end.o
        10          0          0          0          0         68   _sputc.o
        16          0          0          0          0         68   aeabi_memset4.o
       228          4        148          0          0         96   bigflt0.o
      1936        128          0          0          0        668   btod.o
        18          0          0          0          0         80   exit.o
         6          0          0          0          0        152   heapauxi.o
         0          0          0          0          0          0   indicate_semi.o
        44         10         28          0          0         76   lc_numeric_c.o
         2          0          0          0          0          0   libinit.o
        22          0          0          0          0          0   libinit2.o
         2          0          0          0          0          0   libshutdown.o
         2          0          0          0          0          0   libshutdown2.o
         8          4          0          0         96         68   libspace.o
       138          0          0          0          0         80   lludiv10.o
       240          0          0          0          0        100   lludivv7m.o
        40          6          0          0          0         84   noretval__2sprintf.o
         8          4          0          0          0         68   rt_locale_intlibspace.o
        68          0          0          0          0         68   rt_memclr.o
        78          0          0          0          0         80   rt_memclr_w.o
       138          0          0          0          0         68   rt_memcpy_v6.o
       100          0          0          0          0         80   rt_memcpy_w.o
         2          0          0          0          0          0   rtexit.o
        10          0          0          0          0          0   rtexit2.o
       124          0          0          0          0         88   strcmpv7em.o
        62          0          0          0          0         76   strlen.o
        12          4          0          0          0         68   sys_exit.o
        74          0          0          0          0         80   sys_stackheap_outer.o
         2          0          0          0          0         68   use_no_semi.o
        98          4          0          0          0        140   d2f.o
       812         16          0          0          0        392   daddsub_clz.o
        84          0          0          0          0        244   dcmp.o
        24          0          0          0          0        116   dcmpi.o
       696        140          0          0          0        264   ddiv.o
       120          4          0          0          0        140   deqf.o
        84          0          0          0          0        232   dflt_clz.o
       120          4          0          0          0        140   dgeqf.o
       120          4          0          0          0        140   dleqf.o
       340         12          0          0          0        152   dmul.o
       156          4          0          0          0        140   dnaninf.o
        12          0          0          0          0        116   dretinf.o
        86          4          0          0          0        132   f2d.o
       140          4          0          0          0        132   fnaninf.o
        26          0          0          0          0        116   fpinit.o
        10          0          0          0          0        116   fretinf.o
         4          0          0          0          0        116   printf1.o
         0          0          0          0          0          0   usenofp.o
        48          0          0          0          0        124   fpclassify.o

    ----------------------------------------------------------------------
      8088        386        176          0         96       5788   Library Totals
        22          0          0          0          0          0   (incl. Padding)

    ----------------------------------------------------------------------

      Code (inc. data)   RO Data    RW Data    ZI Data      Debug   Library Name

      5086        190        176          0         96       2836   c_w.l
      2932        196          0          0          0       2828   fz_wm.l
        48          0          0          0          0        124   m_wm.l

    ----------------------------------------------------------------------
      8088        386        176          0         96       5788   Library Totals

    ----------------------------------------------------------------------

==============================================================================


      Code (inc. data)   RO Data    RW Data    ZI Data      Debug   

     30660        646        636         16      80496     346552   Grand Totals
     30660        646        636         16      80496     346552   ELF Image Totals
     30660        646        636         16          0          0   ROM Totals

==============================================================================

    Total RO  Size (Code + RO Data)                31296 (  30.56kB)
    Total RW  Size (RW Data + ZI Data)             80512 (  78.62kB)
    Total ROM Size (Code + RO Data + RW Data)      31312 (  30.58kB)

==============================================================================

