Component: Arm Compiler for Embedded 6.23 Tool: armlink [5f102400]

==============================================================================

Section Cross References

    startup_stm32f407xx.o(STACK) refers (Special) to heapauxi.o(.text) for __use_two_region_memory
    startup_stm32f407xx.o(HEAP) refers (Special) to heapauxi.o(.text) for __use_two_region_memory
    startup_stm32f407xx.o(RESET) refers (Special) to heapauxi.o(.text) for __use_two_region_memory
    startup_stm32f407xx.o(RESET) refers to startup_stm32f407xx.o(STACK) for __initial_sp
    startup_stm32f407xx.o(RESET) refers to startup_stm32f407xx.o(.text) for Reset_Handler
    startup_stm32f407xx.o(RESET) refers to stm32f4xx_it.o(.text.NMI_Handler) for NMI_Handler
    startup_stm32f407xx.o(RESET) refers to stm32f4xx_it.o(.text.HardFault_Handler) for HardFault_Handler
    startup_stm32f407xx.o(RESET) refers to stm32f4xx_it.o(.text.MemManage_Handler) for MemManage_Handler
    startup_stm32f407xx.o(RESET) refers to stm32f4xx_it.o(.text.BusFault_Handler) for BusFault_Handler
    startup_stm32f407xx.o(RESET) refers to stm32f4xx_it.o(.text.UsageFault_Handler) for UsageFault_Handler
    startup_stm32f407xx.o(RESET) refers to port.o(.text.SVC_Handler) for SVC_Handler
    startup_stm32f407xx.o(RESET) refers to stm32f4xx_it.o(.text.DebugMon_Handler) for DebugMon_Handler
    startup_stm32f407xx.o(RESET) refers to port.o(.text.PendSV_Handler) for PendSV_Handler
    startup_stm32f407xx.o(RESET) refers to port.o(.text.SysTick_Handler) for SysTick_Handler
    startup_stm32f407xx.o(RESET) refers to stm32f4xx_it.o(.text.ADC_IRQHandler) for ADC_IRQHandler
    startup_stm32f407xx.o(RESET) refers to stm32f4xx_it.o(.text.TIM1_UP_TIM10_IRQHandler) for TIM1_UP_TIM10_IRQHandler
    startup_stm32f407xx.o(RESET) refers to stm32f4xx_it.o(.text.TIM3_IRQHandler) for TIM3_IRQHandler
    startup_stm32f407xx.o(RESET) refers to stm32f4xx_it.o(.text.USART1_IRQHandler) for USART1_IRQHandler
    startup_stm32f407xx.o(RESET) refers to stm32f4xx_it.o(.text.USART3_IRQHandler) for USART3_IRQHandler
    startup_stm32f407xx.o(RESET) refers to stm32f4xx_it.o(.text.TIM8_BRK_TIM12_IRQHandler) for TIM8_BRK_TIM12_IRQHandler
    startup_stm32f407xx.o(RESET) refers to stm32f4xx_it.o(.text.TIM8_UP_TIM13_IRQHandler) for TIM8_UP_TIM13_IRQHandler
    startup_stm32f407xx.o(RESET) refers to stm32f4xx_it.o(.text.TIM8_TRG_COM_TIM14_IRQHandler) for TIM8_TRG_COM_TIM14_IRQHandler
    startup_stm32f407xx.o(RESET) refers to stm32f4xx_it.o(.text.TIM6_DAC_IRQHandler) for TIM6_DAC_IRQHandler
    startup_stm32f407xx.o(RESET) refers to stm32f4xx_it.o(.text.USART6_IRQHandler) for USART6_IRQHandler
    startup_stm32f407xx.o(.text) refers (Special) to heapauxi.o(.text) for __use_two_region_memory
    startup_stm32f407xx.o(.text) refers to system_stm32f4xx.o(.text.SystemInit) for SystemInit
    startup_stm32f407xx.o(.text) refers to __main.o(!!!main) for __main
    startup_stm32f407xx.o(.text) refers to startup_stm32f407xx.o(HEAP) for Heap_Mem
    startup_stm32f407xx.o(.text) refers to startup_stm32f407xx.o(STACK) for Stack_Mem
    main.o(.ARM.exidx.text.vApplicationIdleHook) refers to main.o(.text.vApplicationIdleHook) for [Anonymous Symbol]
    main.o(.ARM.exidx.text.vApplicationTickHook) refers to main.o(.text.vApplicationTickHook) for [Anonymous Symbol]
    main.o(.ARM.exidx.text.vApplicationStackOverflowHook) refers to main.o(.text.vApplicationStackOverflowHook) for [Anonymous Symbol]
    main.o(.ARM.exidx.text.vApplicationMallocFailedHook) refers to main.o(.text.vApplicationMallocFailedHook) for [Anonymous Symbol]
    main.o(.text.main) refers to stm32f4xx_hal.o(.text.HAL_Init) for HAL_Init
    main.o(.text.main) refers to main.o(.text.SystemClock_Config) for SystemClock_Config
    main.o(.text.main) refers to gpio.o(.text.MX_GPIO_Init) for MX_GPIO_Init
    main.o(.text.main) refers to tim.o(.text.MX_TIM3_Init) for MX_TIM3_Init
    main.o(.text.main) refers to tim.o(.text.MX_TIM8_Init) for MX_TIM8_Init
    main.o(.text.main) refers to tim.o(.text.MX_TIM12_Init) for MX_TIM12_Init
    main.o(.text.main) refers to tim.o(.text.MX_TIM13_Init) for MX_TIM13_Init
    main.o(.text.main) refers to tim.o(.text.MX_TIM14_Init) for MX_TIM14_Init
    main.o(.text.main) refers to usart.o(.text.MX_USART1_UART_Init) for MX_USART1_UART_Init
    main.o(.text.main) refers to usart.o(.text.MX_USART3_UART_Init) for MX_USART3_UART_Init
    main.o(.text.main) refers to usart.o(.text.MX_USART6_UART_Init) for MX_USART6_UART_Init
    main.o(.text.main) refers to adc.o(.text.MX_ADC1_Init) for MX_ADC1_Init
    main.o(.text.main) refers to adc.o(.text.MX_ADC2_Init) for MX_ADC2_Init
    main.o(.text.main) refers to adc.o(.text.MX_ADC3_Init) for MX_ADC3_Init
    main.o(.text.main) refers to tim.o(.text.MX_TIM10_Init) for MX_TIM10_Init
    main.o(.text.main) refers to tim.o(.text.MX_TIM6_Init) for MX_TIM6_Init
    main.o(.text.main) refers to motor.o(.text.Pwm_Init) for Pwm_Init
[...]
    __rt_lib_init_preinit_1                  0x08000239   Thumb Code     0  libinit2.o(.ARM.Collect$$libinit$$00000006)
    __rt_lib_init_rand_1                     0x08000239   Thumb Code     0  libinit2.o(.ARM.Collect$$libinit$$00000010)
    __rt_lib_init_relocate_pie_1             0x08000239   Thumb Code     0  libinit2.o(.ARM.Collect$$libinit$$00000004)
    __rt_lib_init_user_alloc_1               0x08000239   Thumb Code     0  libinit2.o(.ARM.Collect$$libinit$$0000000E)
    __rt_lib_init_lc_collate_1               0x0800023f   Thumb Code     0  libinit2.o(.ARM.Collect$$libinit$$00000013)
    __rt_lib_init_lc_ctype_1                 0x0800023f   Thumb Code     0  libinit2.o(.ARM.Collect$$libinit$$00000015)
    __rt_lib_init_lc_monetary_1              0x0800023f   Thumb Code     0  libinit2.o(.ARM.Collect$$libinit$$00000017)
    __rt_lib_init_lc_numeric_2               0x0800023f   Thumb Code     0  libinit2.o(.ARM.Collect$$libinit$$00000018)
    __rt_lib_init_alloca_1                   0x08000249   Thumb Code     0  libinit2.o(.ARM.Collect$$libinit$$00000030)
    __rt_lib_init_argv_1                     0x08000249   Thumb Code     0  libinit2.o(.ARM.Collect$$libinit$$0000002E)
    __rt_lib_init_atexit_1                   0x08000249   Thumb Code     0  libinit2.o(.ARM.Collect$$libinit$$0000001D)
    __rt_lib_init_clock_1                    0x08000249   Thumb Code     0  libinit2.o(.ARM.Collect$$libinit$$00000023)
    __rt_lib_init_cpp_1                      0x08000249   Thumb Code     0  libinit2.o(.ARM.Collect$$libinit$$00000034)
    __rt_lib_init_exceptions_1               0x08000249   Thumb Code     0  libinit2.o(.ARM.Collect$$libinit$$00000032)
    __rt_lib_init_fp_trap_1                  0x08000249   Thumb Code     0  libinit2.o(.ARM.Collect$$libinit$$00000021)
    __rt_lib_init_getenv_1                   0x08000249   Thumb Code     0  libinit2.o(.ARM.Collect$$libinit$$00000025)
    __rt_lib_init_lc_numeric_1               0x08000249   Thumb Code     0  libinit2.o(.ARM.Collect$$libinit$$00000019)
    __rt_lib_init_lc_time_1                  0x08000249   Thumb Code     0  libinit2.o(.ARM.Collect$$libinit$$0000001B)
    __rt_lib_init_return                     0x08000249   Thumb Code     0  libinit2.o(.ARM.Collect$$libinit$$00000035)
    __rt_lib_init_signal_1                   0x08000249   Thumb Code     0  libinit2.o(.ARM.Collect$$libinit$$0000001F)
    __rt_lib_init_stdio_1                    0x08000249   Thumb Code     0  libinit2.o(.ARM.Collect$$libinit$$00000027)
    __rt_lib_shutdown                        0x0800024b   Thumb Code     0  libshutdown.o(.ARM.Collect$$libshutdown$$00000000)
    __rt_lib_shutdown_cpp_1                  0x0800024d   Thumb Code     0  libshutdown2.o(.ARM.Collect$$libshutdown$$00000002)
    __rt_lib_shutdown_fp_trap_1              0x0800024d   Thumb Code     0  libshutdown2.o(.ARM.Collect$$libshutdown$$00000007)
    __rt_lib_shutdown_heap_1                 0x0800024d   Thumb Code     0  libshutdown2.o(.ARM.Collect$$libshutdown$$0000000F)
    __rt_lib_shutdown_return                 0x0800024d   Thumb Code     0  libshutdown2.o(.ARM.Collect$$libshutdown$$00000010)
    __rt_lib_shutdown_signal_1               0x0800024d   Thumb Code     0  libshutdown2.o(.ARM.Collect$$libshutdown$$0000000A)
    __rt_lib_shutdown_stdio_1                0x0800024d   Thumb Code     0  libshutdown2.o(.ARM.Collect$$libshutdown$$00000004)
    __rt_lib_shutdown_user_alloc_1           0x0800024d   Thumb Code     0  libshutdown2.o(.ARM.Collect$$libshutdown$$0000000C)
    __rt_entry                               0x0800024f   Thumb Code     0  __rtentry.o(.ARM.Collect$$rtentry$$00000000)
    __rt_entry_presh_1                       0x0800024f   Thumb Code     0  __rtentry2.o(.ARM.Collect$$rtentry$$00000002)
    __rt_entry_sh                            0x0800024f   Thumb Code     0  __rtentry4.o(.ARM.Collect$$rtentry$$00000004)
    __rt_entry_li                            0x08000255   Thumb Code     0  __rtentry2.o(.ARM.Collect$$rtentry$$0000000A)
    __rt_entry_postsh_1                      0x08000255   Thumb Code     0  __rtentry2.o(.ARM.Collect$$rtentry$$00000009)
    __rt_entry_main                          0x08000259   Thumb Code     0  __rtentry2.o(.ARM.Collect$$rtentry$$0000000D)
    __rt_entry_postli_1                      0x08000259   Thumb Code     0  __rtentry2.o(.ARM.Collect$$rtentry$$0000000C)
    __rt_exit                                0x08000261   Thumb Code     0  rtexit.o(.ARM.Collect$$rtexit$$00000000)
    __rt_exit_ls                             0x08000263   Thumb Code     0  rtexit2.o(.ARM.Collect$$rtexit$$00000003)
    __rt_exit_prels_1                        0x08000263   Thumb Code     0  rtexit2.o(.ARM.Collect$$rtexit$$00000002)
    __rt_exit_exit                           0x08000267   Thumb Code     0  rtexit2.o(.ARM.Collect$$rtexit$$00000004)
    Reset_Handler                            0x0800026d   Thumb Code     8  startup_stm32f407xx.o(.text)
    CAN1_RX0_IRQHandler                      0x08000287   Thumb Code     0  startup_stm32f407xx.o(.text)
    CAN1_RX1_IRQHandler                      0x08000287   Thumb Code     0  startup_stm32f407xx.o(.text)
    CAN1_SCE_IRQHandler                      0x08000287   Thumb Code     0  startup_stm32f407xx.o(.text)
    CAN1_TX_IRQHandler                       0x08000287   Thumb Code     0  startup_stm32f407xx.o(.text)
    CAN2_RX0_IRQHandler                      0x08000287   Thumb Code     0  startup_stm32f407xx.o(.text)
    CAN2_RX1_IRQHandler                      0x08000287   Thumb Code     0  startup_stm32f407xx.o(.text)
    CAN2_SCE_IRQHandler                      0x08000287   Thumb Code     0  startup_stm32f407xx.o(.text)
    CAN2_TX_IRQHandler                       0x08000287   Thumb Code     0  startup_stm32f407xx.o(.text)
    DCMI_IRQHandler                          0x08000287   Thumb Code     0  startup_stm32f407xx.o(.text)
    DMA1_Stream0_IRQHandler                  0x08000287   Thumb Code     0  startup_stm32f407xx.o(.text)
    DMA1_Stream1_IRQHandler                  0x08000287   Thumb Code     0  startup_stm32f407xx.o(.text)
    DMA1_Stream2_IRQHandler                  0x08000287   Thumb Code     0  startup_stm32f407xx.o(.text)
    DMA1_Stream3_IRQHandler                  0x08000287   Thumb Code     0  startup_stm32f407xx.o(.text)
    DMA1_Stream4_IRQHandler                  0x08000287   Thumb Code     0  startup_stm32f407xx.o(.text)
    DMA1_Stream5_IRQHandler                  0x08000287   Thumb Code     0  startup_stm32f407xx.o(.text)
    DMA1_Stream6_IRQHandler                  0x08000287   Thumb Code     0  startup_stm32f407xx.o(.text)
    DMA1_Stream7_IRQHandler                  0x08000287   Thumb Code     0  startup_stm32f407xx.o(.text)
    DMA2_Stream0_IRQHandler                  0x08000287   Thumb Code     0  startup_stm32f407xx.o(.text)
    DMA2_Stream1_IRQHandler                  0x08000287   Thumb Code     0  startup_stm32f407xx.o(.text)
    DMA2_Stream2_IRQHandler                  0x08000287   Thumb Code     0  startup_stm32f407xx.o(.text)
    DMA2_Stream3_IRQHandler                  0x08000287   Thumb Code     0  startup_stm32f407xx.o(.text)
    DMA2_Stream4_IRQHandler                  0x08000287   Thumb Code     0  startup_stm32f407xx.o(.text)
    DMA2_Stream5_IRQHandler                  0x08000287   Thumb Code     0  startup_stm32f407xx.o(.text)
    DMA2_Stream6_IRQHandler                  0x08000287   Thumb Code     0  startup_stm32f407xx.o(.text)
    DMA2_Stream7_IRQHandler                  0x08000287   Thumb Code     0  startup_stm32f407xx.o(.text)
    ETH_IRQHandler                           0x08000287   Thumb Code     0  startup_stm32f407xx.o(.text)
    ETH_WKUP_IRQHandler                      0x08000287   Thumb Code     0  startup_stm32f407xx.o(.text)
    EXTI0_IRQHandler                         0x08000287   Thumb Code     0  startup_stm32f407xx.o(.text)
    EXTI15_10_IRQHandler                     0x08000287   Thumb Code     0  startup_stm32f407xx.o(.text)
    EXTI1_IRQHandler                         0x08000287   Thumb Code     0  startup_stm32f407xx.o(.text)
    EXTI2_IRQHandler                         0x08000287   Thumb Code     0  startup_stm32f407xx.o(.text)
    EXTI3_IRQHandler                         0x08000287   Thumb Code     0  startup_stm32f407xx.o(.text)
    EXTI4_IRQHandler                         0x08000287   Thumb Code     0  startup_stm32f407xx.o(.text)
    EXTI9_5_IRQHandler                       0x08000287   Thumb Code     0  startup_stm32f407xx.o(.text)
    FLASH_IRQHandler                         0x08000287   Thumb Code     0  startup_stm32f407xx.o(.text)
    FMC_IRQHandler                           0x08000287   Thumb Code     0  startup_stm32f407xx.o(.text)
    FPU_IRQHandler                           0x08000287   Thumb Code     0  startup_stm32f407xx.o(.text)
    HASH_RNG_IRQHandler                      0x08000287   Thumb Code     0  startup_stm32f407xx.o(.text)
    I2C1_ER_IRQHandler                       0x08000287   Thumb Code     0  startup_stm32f407xx.o(.text)
    I2C1_EV_IRQHandler                       0x08000287   Thumb Code     0  startup_stm32f407xx.o(.text)
    I2C2_ER_IRQHandler                       0x08000287   Thumb Code     0  startup_stm32f407xx.o(.text)
    I2C2_EV_IRQHandler                       0x08000287   Thumb Code     0  startup_stm32f407xx.o(.text)
    I2C3_ER_IRQHandler                       0x08000287   Thumb Code     0  startup_stm32f407xx.o(.text)
    I2C3_EV_IRQHandler                       0x08000287   Thumb Code     0  startup_stm32f407xx.o(.text)
    OTG_FS_IRQHandler                        0x08000287   Thumb Code     0  startup_stm32f407xx.o(.text)
    OTG_FS_WKUP_IRQHandler                   0x08000287   Thumb Code     0  startup_stm32f407xx.o(.text)
    OTG_HS_EP1_IN_IRQHandler                 0x08000287   Thumb Code     0  startup_stm32f407xx.o(.text)
    OTG_HS_EP1_OUT_IRQHandler                0x08000287   Thumb Code     0  startup_stm32f407xx.o(.text)
    OTG_HS_IRQHandler                        0x08000287   Thumb Code     0  startup_stm32f407xx.o(.text)
    OTG_HS_WKUP_IRQHandler                   0x08000287   Thumb Code     0  startup_stm32f407xx.o(.text)
    PVD_IRQHandler                           0x08000287   Thumb Code     0  startup_stm32f407xx.o(.text)
    RCC_IRQHandler                           0x08000287   Thumb Code     0  startup_stm32f407xx.o(.text)
    RTC_Alarm_IRQHandler                     0x08000287   Thumb Code     0  startup_stm32f407xx.o(.text)
    RTC_WKUP_IRQHandler                      0x08000287   Thumb Code     0  startup_stm32f407xx.o(.text)
    SDIO_IRQHandler                          0x08000287   Thumb Code     0  startup_stm32f407xx.o(.text)
    SPI1_IRQHandler                          0x08000287   Thumb Code     0  startup_stm32f407xx.o(.text)
    SPI2_IRQHandler                          0x08000287   Thumb Code     0  startup_stm32f407xx.o(.text)
    SPI3_IRQHandler                          0x08000287   Thumb Code     0  startup_stm32f407xx.o(.text)
    TAMP_STAMP_IRQHandler                    0x08000287   Thumb Code     0  startup_stm32f407xx.o(.text)
    TIM1_BRK_TIM9_IRQHandler                 0x08000287   Thumb Code     0  startup_stm32f407xx.o(.text)
    TIM1_CC_IRQHandler                       0x08000287   Thumb Code     0  startup_stm32f407xx.o(.text)
    TIM1_TRG_COM_TIM11_IRQHandler            0x08000287   Thumb Code     0  startup_stm32f407xx.o(.text)
    TIM2_IRQHandler                          0x08000287   Thumb Code     0  startup_stm32f407xx.o(.text)
    TIM4_IRQHandler                          0x08000287   Thumb Code     0  startup_stm32f407xx.o(.text)
    TIM5_IRQHandler                          0x08000287   Thumb Code     0  startup_stm32f407xx.o(.text)
    TIM7_IRQHandler                          0x08000287   Thumb Code     0  startup_stm32f407xx.o(.text)
    TIM8_CC_IRQHandler                       0x08000287   Thumb Code     0  startup_stm32f407xx.o(.text)
    UART4_IRQHandler                         0x08000287   Thumb Code     0  startup_stm32f407xx.o(.text)
    UART5_IRQHandler                         0x08000287   Thumb Code     0  startup_stm32f407xx.o(.text)
    USART2_IRQHandler                        0x08000287   Thumb Code     0  startup_stm32f407xx.o(.text)
    WWDG_IRQHandler                          0x08000287   Thumb Code     0  startup_stm32f407xx.o(.text)
    __user_initial_stackheap                 0x08000289   Thumb Code     0  startup_stm32f407xx.o(.text)
    __aeabi_uldivmod                         0x080002ad   Thumb Code     0  lludivv7m.o(.text)
    _ll_udiv                                 0x080002ad   Thumb Code   240  lludivv7m.o(.text)
    __2sprintf                               0x0800039d   Thumb Code    34  noretval__2sprintf.o(.text)
    __printf                                 0x080003c5   Thumb Code   270  __printf_wp.o(.text)
    strlen                                   0x080004d3   Thumb Code    62  strlen.o(.text)
    __aeabi_memcpy                           0x08000511   Thumb Code     0  rt_memcpy_v6.o(.text)
    __rt_memcpy                              0x08000511   Thumb Code   138  rt_memcpy_v6.o(.text)
    _memcpy_lastbytes                        0x08000577   Thumb Code     0  rt_memcpy_v6.o(.text)
    __aeabi_memset4                          0x0800059b   Thumb Code    16  aeabi_memset4.o(.text)
    __aeabi_memset8                          0x0800059b   Thumb Code     0  aeabi_memset4.o(.text)
    __aeabi_memclr                           0x080005ab   Thumb Code     0  rt_memclr.o(.text)
    __rt_memclr                              0x080005ab   Thumb Code     0  rt_memclr.o(.text)
    _memset                                  0x080005af   Thumb Code    64  rt_memclr.o(.text)
    __aeabi_memclr4                          0x080005ef   Thumb Code     0  rt_memclr_w.o(.text)
    __aeabi_memclr8                          0x080005ef   Thumb Code     0  rt_memclr_w.o(.text)
    __rt_memclr_w                            0x080005ef   Thumb Code     0  rt_memclr_w.o(.text)
    _memset_w                                0x080005f3   Thumb Code    74  rt_memclr_w.o(.text)
    __use_two_region_memory                  0x0800063d   Thumb Code     2  heapauxi.o(.text)
    __rt_heap_escrow$2region                 0x0800063f   Thumb Code     2  heapauxi.o(.text)
    __rt_heap_expand$2region                 0x08000641   Thumb Code     2  heapauxi.o(.text)
    _printf_fp_dec_real                      0x080007f3   Thumb Code   620  _printf_fp_dec.o(.text)
    _printf_char_common                      0x08000a6b   Thumb Code    32  _printf_char_common.o(.text)
    _sputc                                   0x08000a91   Thumb Code    10  _sputc.o(.text)
    __aeabi_memcpy4                          0x08000a9b   Thumb Code     0  rt_memcpy_w.o(.text)
    __aeabi_memcpy8                          0x08000a9b   Thumb Code     0  rt_memcpy_w.o(.text)
    __rt_memcpy_w                            0x08000a9b   Thumb Code   100  rt_memcpy_w.o(.text)
    _memcpy_lastbytes_aligned                0x08000ae3   Thumb Code     0  rt_memcpy_w.o(.text)
    __user_libspace                          0x08000b01   Thumb Code     8  libspace.o(.text)
    __user_perproc_libspace                  0x08000b01   Thumb Code     0  libspace.o(.text)
    __user_perthread_libspace                0x08000b01   Thumb Code     0  libspace.o(.text)
    __rt_locale                              0x08000b09   Thumb Code     8  rt_locale_intlibspace.o(.text)
    _ll_udiv10                               0x08000b11   Thumb Code   138  lludiv10.o(.text)
    _printf_fp_infnan                        0x08000b9d   Thumb Code   112  _printf_fp_infnan.o(.text)
    _btod_etento                             0x08000c1d   Thumb Code   224  bigflt0.o(.text)
    __user_setup_stackheap                   0x08000d01   Thumb Code    74  sys_stackheap_outer.o(.text)
    exit                                     0x08000d4b   Thumb Code    18  exit.o(.text)
    strcmp                                   0x08000d61   Thumb Code   124  strcmpv7em.o(.text)
    _sys_exit                                0x08000ddd   Thumb Code     8  sys_exit.o(.text)
    __I$use$semihosting                      0x08000de9   Thumb Code     0  use_no_semi.o(.text)
    __use_no_semihosting_swi                 0x08000de9   Thumb Code     2  use_no_semi.o(.text)
    __semihosting_library_function           0x08000deb   Thumb Code     0  indicate_semi.o(.text)
    ADC_IRQHandler                           0x08000ded   Thumb Code    42  stm32f4xx_it.o(.text.ADC_IRQHandler)
    BusFault_Handler                         0x08000e19   Thumb Code     2  stm32f4xx_it.o(.text.BusFault_Handler)
    DS18B20_Check                            0x08000e1d   Thumb Code   454  ds18b20.o(.text.DS18B20_Check)
    DS18B20_GetTemperture                    0x08000fe9   Thumb Code   160  ds18b20.o(.text.DS18B20_GetTemperture)
    DS18B20_Read_Byte                        0x0800109d   Thumb Code   396  ds18b20.o(.text.DS18B20_Read_Byte)
    DS18B20_Write_Byte                       0x08001229   Thumb Code   238  ds18b20.o(.text.DS18B20_Write_Byte)
    DebugMon_Handler                         0x08001319   Thumb Code     2  stm32f4xx_it.o(.text.DebugMon_Handler)
    Error_Handler                            0x0800131d   Thumb Code     6  main.o(.text.Error_Handler)
    HAL_ADCEx_InjectedConvCpltCallback       0x08001325   Thumb Code     2  stm32f4xx_hal_adc_ex.o(.text.HAL_ADCEx_InjectedConvCpltCallback)
    HAL_ADC_ConfigChannel                    0x08001329   Thumb Code   306  stm32f4xx_hal_adc.o(.text.HAL_ADC_ConfigChannel)
    HAL_ADC_ConvCpltCallback                 0x0800145d   Thumb Code     2  stm32f4xx_hal_adc.o(.text.HAL_ADC_ConvCpltCallback)
    HAL_ADC_ErrorCallback                    0x08001461   Thumb Code     2  stm32f4xx_hal_adc.o(.text.HAL_ADC_ErrorCallback)
    HAL_ADC_GetValue                         0x08001465   Thumb Code     6  stm32f4xx_hal_adc.o(.text.HAL_ADC_GetValue)
    HAL_ADC_IRQHandler                       0x0800146d   Thumb Code   308  stm32f4xx_hal_adc.o(.text.HAL_ADC_IRQHandler)
    HAL_ADC_Init                             0x080015a1   Thumb Code   338  stm32f4xx_hal_adc.o(.text.HAL_ADC_Init)
    HAL_ADC_LevelOutOfWindowCallback         0x080016f5   Thumb Code     2  stm32f4xx_hal_adc.o(.text.HAL_ADC_LevelOutOfWindowCallback)
    HAL_ADC_MspInit                          0x080016f9   Thumb Code   254  adc.o(.text.HAL_ADC_MspInit)
    HAL_ADC_Start                            0x080017f9   Thumb Code   300  stm32f4xx_hal_adc.o(.text.HAL_ADC_Start)
    HAL_DMA_Abort                            0x08001925   Thumb Code   128  stm32f4xx_hal_dma.o(.text.HAL_DMA_Abort)
    HAL_DMA_Abort_IT                         0x080019a5   Thumb Code    36  stm32f4xx_hal_dma.o(.text.HAL_DMA_Abort_IT)
    HAL_GPIO_Init                            0x080019c9   Thumb Code   404  stm32f4xx_hal_gpio.o(.text.HAL_GPIO_Init)
    HAL_GPIO_ReadPin                         0x08001b5d   Thumb Code    10  stm32f4xx_hal_gpio.o(.text.HAL_GPIO_ReadPin)
    HAL_GPIO_WritePin                        0x08001b69   Thumb Code    10  stm32f4xx_hal_gpio.o(.text.HAL_GPIO_WritePin)
    HAL_GetTick                              0x08001b75   Thumb Code    12  stm32f4xx_hal.o(.text.HAL_GetTick)
    HAL_Init                                 0x08001b81   Thumb Code    54  stm32f4xx_hal.o(.text.HAL_Init)
    HAL_InitTick                             0x08001bb9   Thumb Code    80  stm32f4xx_hal.o(.text.HAL_InitTick)
    HAL_MspInit                              0x08001c09   Thumb Code    56  stm32f4xx_hal_msp.o(.text.HAL_MspInit)
    HAL_NVIC_EnableIRQ                       0x08001c41   Thumb Code    34  stm32f4xx_hal_cortex.o(.text.HAL_NVIC_EnableIRQ)
    HAL_NVIC_SetPriority                     0x08001c65   Thumb Code    86  stm32f4xx_hal_cortex.o(.text.HAL_NVIC_SetPriority)
    HAL_NVIC_SetPriorityGrouping             0x08001cbd   Thumb Code    32  stm32f4xx_hal_cortex.o(.text.HAL_NVIC_SetPriorityGrouping)
    HAL_RCC_ClockConfig                      0x08001cdd   Thumb Code   352  stm32f4xx_hal_rcc.o(.text.HAL_RCC_ClockConfig)
    HAL_RCC_GetPCLK1Freq                     0x08001e3d   Thumb Code    38  stm32f4xx_hal_rcc.o(.text.HAL_RCC_GetPCLK1Freq)
    HAL_RCC_GetPCLK2Freq                     0x08001e65   Thumb Code    38  stm32f4xx_hal_rcc.o(.text.HAL_RCC_GetPCLK2Freq)
    HAL_RCC_GetSysClockFreq                  0x08001e8d   Thumb Code   106  stm32f4xx_hal_rcc.o(.text.HAL_RCC_GetSysClockFreq)
    HAL_RCC_OscConfig                        0x08001ef9   Thumb Code   860  stm32f4xx_hal_rcc.o(.text.HAL_RCC_OscConfig)
    HAL_SYSTICK_Config                       0x08002255   Thumb Code    44  stm32f4xx_hal_cortex.o(.text.HAL_SYSTICK_Config)
    HAL_TIMEx_BreakCallback                  0x08002281   Thumb Code     2  stm32f4xx_hal_tim_ex.o(.text.HAL_TIMEx_BreakCallback)
    HAL_TIMEx_CommutCallback                 0x08002285   Thumb Code     2  stm32f4xx_hal_tim_ex.o(.text.HAL_TIMEx_CommutCallback)
    HAL_TIMEx_ConfigBreakDeadTime            0x08002289   Thumb Code    76  stm32f4xx_hal_tim_ex.o(.text.HAL_TIMEx_ConfigBreakDeadTime)
    HAL_TIMEx_MasterConfigSynchronization    0x080022d5   Thumb Code   188  stm32f4xx_hal_tim_ex.o(.text.HAL_TIMEx_MasterConfigSynchronization)
    HAL_TIM_Base_Init                        0x08002391   Thumb Code    90  stm32f4xx_hal_tim.o(.text.HAL_TIM_Base_Init)
    HAL_TIM_Base_MspInit                     0x080023ed   Thumb Code   388  tim.o(.text.HAL_TIM_Base_MspInit)
    HAL_TIM_Base_Start                       0x08002571   Thumb Code   160  stm32f4xx_hal_tim.o(.text.HAL_TIM_Base_Start)
    HAL_TIM_Base_Start_IT                    0x08002611   Thumb Code   168  stm32f4xx_hal_tim.o(.text.HAL_TIM_Base_Start_IT)
    HAL_TIM_Base_Stop                        0x080026b9   Thumb Code    42  stm32f4xx_hal_tim.o(.text.HAL_TIM_Base_Stop)
    HAL_TIM_ConfigClockSource                0x080026e5   Thumb Code   416  stm32f4xx_hal_tim.o(.text.HAL_TIM_ConfigClockSource)
    HAL_TIM_IC_CaptureCallback               0x08002885   Thumb Code     2  stm32f4xx_hal_tim.o(.text.HAL_TIM_IC_CaptureCallback)
    HAL_TIM_IRQHandler                       0x08002889   Thumb Code   330  stm32f4xx_hal_tim.o(.text.HAL_TIM_IRQHandler)
    HAL_TIM_MspPostInit                      0x080029d5   Thumb Code   298  tim.o(.text.HAL_TIM_MspPostInit)
    HAL_TIM_OC_DelayElapsedCallback          0x08002b01   Thumb Code     2  stm32f4xx_hal_tim.o(.text.HAL_TIM_OC_DelayElapsedCallback)
    HAL_TIM_PWM_ConfigChannel                0x08002b05   Thumb Code   534  stm32f4xx_hal_tim.o(.text.HAL_TIM_PWM_ConfigChannel)
    HAL_TIM_PWM_Init                         0x08002d1d   Thumb Code    90  stm32f4xx_hal_tim.o(.text.HAL_TIM_PWM_Init)
    HAL_TIM_PWM_MspInit                      0x08002d79   Thumb Code     2  stm32f4xx_hal_tim.o(.text.HAL_TIM_PWM_MspInit)
    HAL_TIM_PWM_PulseFinishedCallback        0x08002d7d   Thumb Code     2  stm32f4xx_hal_tim.o(.text.HAL_TIM_PWM_PulseFinishedCallback)
    HAL_TIM_PWM_Start                        0x08002d81   Thumb Code   284  stm32f4xx_hal_tim.o(.text.HAL_TIM_PWM_Start)
    HAL_TIM_PeriodElapsedCallback            0x08002ea1   Thumb Code   472  sensor.o(.text.HAL_TIM_PeriodElapsedCallback)
    HAL_TIM_TriggerCallback                  0x080030c5   Thumb Code     2  stm32f4xx_hal_tim.o(.text.HAL_TIM_TriggerCallback)
    HAL_UARTEx_RxEventCallback               0x080030c9   Thumb Code     2  stm32f4xx_hal_uart.o(.text.HAL_UARTEx_RxEventCallback)
    HAL_UART_ErrorCallback                   0x080030cd   Thumb Code     2  stm32f4xx_hal_uart.o(.text.HAL_UART_ErrorCallback)
    HAL_UART_INTERRUPT                       0x080030d1   Thumb Code    22  4gdtu.o(.text.HAL_UART_INTERRUPT)
    HAL_UART_IRQHandler                      0x080030e9   Thumb Code   770  stm32f4xx_hal_uart.o(.text.HAL_UART_IRQHandler)
    HAL_UART_Init                            0x080033ed   Thumb Code    96  stm32f4xx_hal_uart.o(.text.HAL_UART_Init)
    HAL_UART_MspInit                         0x0800344d   Thumb Code   296  usart.o(.text.HAL_UART_MspInit)
    HAL_UART_Receive_IT                      0x08003575   Thumb Code    84  stm32f4xx_hal_uart.o(.text.HAL_UART_Receive_IT)
    HAL_UART_RxCpltCallback                  0x080035c9   Thumb Code    90  4gdtu.o(.text.HAL_UART_RxCpltCallback)
    HAL_UART_Transmit                        0x08003625   Thumb Code   244  stm32f4xx_hal_uart.o(.text.HAL_UART_Transmit)
    HAL_UART_TxCpltCallback                  0x08003719   Thumb Code     2  stm32f4xx_hal_uart.o(.text.HAL_UART_TxCpltCallback)
    HardFault_Handler                        0x0800371d   Thumb Code     2  stm32f4xx_it.o(.text.HardFault_Handler)
    MX_ADC1_Init                             0x08003721   Thumb Code   112  adc.o(.text.MX_ADC1_Init)
    MX_ADC2_Init                             0x08003791   Thumb Code   114  adc.o(.text.MX_ADC2_Init)
    MX_ADC3_Init                             0x08003805   Thumb Code   114  adc.o(.text.MX_ADC3_Init)
    MX_GPIO_Init                             0x08003879   Thumb Code   170  gpio.o(.text.MX_GPIO_Init)
    MX_TIM10_Init                            0x08003925   Thumb Code    54  tim.o(.text.MX_TIM10_Init)
    MX_TIM12_Init                            0x0800395d   Thumb Code   200  tim.o(.text.MX_TIM12_Init)
    MX_TIM13_Init                            0x08003a25   Thumb Code   140  tim.o(.text.MX_TIM13_Init)
    MX_TIM14_Init                            0x08003ab1   Thumb Code   140  tim.o(.text.MX_TIM14_Init)
    MX_TIM3_Init                             0x08003b3d   Thumb Code   228  tim.o(.text.MX_TIM3_Init)
    MX_TIM6_Init                             0x08003c21   Thumb Code    82  tim.o(.text.MX_TIM6_Init)
    MX_TIM8_Init                             0x08003c75   Thumb Code   294  tim.o(.text.MX_TIM8_Init)
    MX_USART1_UART_Init                      0x08003d9d   Thumb Code    60  usart.o(.text.MX_USART1_UART_Init)
    MX_USART3_UART_Init                      0x08003dd9   Thumb Code    60  usart.o(.text.MX_USART3_UART_Init)
    MX_USART6_UART_Init                      0x08003e15   Thumb Code    60  usart.o(.text.MX_USART6_UART_Init)
    MemManage_Handler                        0x08003e51   Thumb Code     2  stm32f4xx_it.o(.text.MemManage_Handler)
    NMI_Handler                              0x08003e55   Thumb Code     2  stm32f4xx_it.o(.text.NMI_Handler)
    PendSV_Handler                           0x08003e61   Thumb Code   100  port.o(.text.PendSV_Handler)
    Pwm_Init                                 0x08003ec5   Thumb Code   106  motor.o(.text.Pwm_Init)
    SVC_Handler                              0x08003f31   Thumb Code    36  port.o(.text.SVC_Handler)
    SysTick_Handler                          0x08003f55   Thumb Code    46  port.o(.text.SysTick_Handler)
    SystemClock_Config                       0x08003f85   Thumb Code   166  main.o(.text.SystemClock_Config)
    SystemInit                               0x0800402d   Thumb Code    18  system_stm32f4xx.o(.text.SystemInit)
    TIM1_UP_TIM10_IRQHandler                 0x08004041   Thumb Code    12  stm32f4xx_it.o(.text.TIM1_UP_TIM10_IRQHandler)
    TIM3_IRQHandler                          0x0800404d   Thumb Code    12  stm32f4xx_it.o(.text.TIM3_IRQHandler)
    TIM6_DAC_IRQHandler                      0x08004059   Thumb Code    12  stm32f4xx_it.o(.text.TIM6_DAC_IRQHandler)
    TIM8_BRK_TIM12_IRQHandler                0x08004065   Thumb Code    30  stm32f4xx_it.o(.text.TIM8_BRK_TIM12_IRQHandler)
    TIM8_TRG_COM_TIM14_IRQHandler            0x08004085   Thumb Code    30  stm32f4xx_it.o(.text.TIM8_TRG_COM_TIM14_IRQHandler)
    TIM8_UP_TIM13_IRQHandler                 0x080040a5   Thumb Code    30  stm32f4xx_it.o(.text.TIM8_UP_TIM13_IRQHandler)
    TIM_Base_SetConfig                       0x080040c5   Thumb Code   308  stm32f4xx_hal_tim.o(.text.TIM_Base_SetConfig)
    USART1_IRQHandler                        0x080043a5   Thumb Code    12  stm32f4xx_it.o(.text.USART1_IRQHandler)
    USART3_IRQHandler                        0x080043b1   Thumb Code    12  stm32f4xx_it.o(.text.USART3_IRQHandler)
    USART6_IRQHandler                        0x080043bd   Thumb Code    12  stm32f4xx_it.o(.text.USART6_IRQHandler)
    UsageFault_Handler                       0x080043c9   Thumb Code     2  stm32f4xx_it.o(.text.UsageFault_Handler)
    delay_us                                 0x080043cd   Thumb Code    68  delay.o(.text.delay_us)
    main                                     0x08004411   Thumb Code   312  main.o(.text.main)
    pvPortMalloc                             0x08004a99   Thumb Code   394  heap_4.o(.text.pvPortMalloc)
    pxPortInitialiseStack                    0x08004c25   Thumb Code    36  port.o(.text.pxPortInitialiseStack)
    uxListRemove                             0x08004c49   Thumb Code    36  list.o(.text.uxListRemove)
    vApplicationIdleHook                     0x08004c6d   Thumb Code     2  main.o(.text.vApplicationIdleHook)
    vApplicationMallocFailedHook             0x08004c71   Thumb Code     2  main.o(.text.vApplicationMallocFailedHook)
    vApplicationStackOverflowHook            0x08004c75   Thumb Code     2  main.o(.text.vApplicationStackOverflowHook)
    vApplicationTickHook                     0x08004c79   Thumb Code     2  main.o(.text.vApplicationTickHook)
    vListInitialise                          0x08004c7d   Thumb Code    22  list.o(.text.vListInitialise)
    vListInitialiseItem                      0x08004c95   Thumb Code     6  list.o(.text.vListInitialiseItem)
    vListInsert                              0x08004c9d   Thumb Code    58  list.o(.text.vListInsert)
    vPortEnterCritical                       0x08004ced   Thumb Code    70  port.o(.text.vPortEnterCritical)
    vPortExitCritical                        0x08004d35   Thumb Code    46  port.o(.text.vPortExitCritical)
    vPortFree                                0x08004d65   Thumb Code   194  heap_4.o(.text.vPortFree)
    vPortSetupTimerInterrupt                 0x08004e29   Thumb Code    30  port.o(.text.vPortSetupTimerInterrupt)
    vQueueAddToRegistry                      0x08004e49   Thumb Code    90  queue.o(.text.vQueueAddToRegistry)
    vQueueWaitForMessageRestricted           0x08004ea5   Thumb Code    70  queue.o(.text.vQueueWaitForMessageRestricted)
    vTaskDS18B20Print                        0x08004eed   Thumb Code    76  ds18b20.o(.text.vTaskDS18B20Print)
    vTaskDelay                               0x08004f45   Thumb Code   196  tasks.o(.text.vTaskDelay)
    vTaskInternalSetTimeOutState             0x08005009   Thumb Code    26  tasks.o(.text.vTaskInternalSetTimeOutState)
    vTaskMissedYield                         0x08005025   Thumb Code    14  tasks.o(.text.vTaskMissedYield)
    vTaskPlaceOnEventList                    0x08005035   Thumb Code    54  tasks.o(.text.vTaskPlaceOnEventList)
    vTaskPlaceOnEventListRestricted          0x0800506d   Thumb Code   114  tasks.o(.text.vTaskPlaceOnEventListRestricted)
    vTaskStartScheduler                      0x080050e1   Thumb Code   148  tasks.o(.text.vTaskStartScheduler)
    vTaskSuspendAll                          0x0800517d   Thumb Code    16  tasks.o(.text.vTaskSuspendAll)
    vTaskSwitchContext                       0x0800518d   Thumb Code   182  tasks.o(.text.vTaskSwitchContext)
    vTaskTDS                                 0x08005245   Thumb Code    76  sensor.o(.text.vTaskTDS)
    vTaskTur                                 0x08005299   Thumb Code    76  sensor.o(.text.vTaskTur)
    vTaskpH                                  0x080052f1   Thumb Code    76  sensor.o(.text.vTaskpH)
    xPortStartScheduler                      0x08005345   Thumb Code   302  port.o(.text.xPortStartScheduler)
    xQueueGenericCreate                      0x08005475   Thumb Code   146  queue.o(.text.xQueueGenericCreate)
    xQueueReceive                            0x08005509   Thumb Code   424  queue.o(.text.xQueueReceive)
    xTaskCheckForTimeOut                     0x080056b1   Thumb Code   140  tasks.o(.text.xTaskCheckForTimeOut)
    xTaskCreate                              0x0800573d   Thumb Code   504  tasks.o(.text.xTaskCreate)
    xTaskGetSchedulerState                   0x08005935   Thumb Code    38  tasks.o(.text.xTaskGetSchedulerState)
    xTaskGetTickCount                        0x0800595d   Thumb Code    12  tasks.o(.text.xTaskGetTickCount)
    xTaskIncrementTick                       0x08005969   Thumb Code   472  tasks.o(.text.xTaskIncrementTick)
    xTaskRemoveFromEventList                 0x08005b41   Thumb Code   232  tasks.o(.text.xTaskRemoveFromEventList)
    xTaskResumeAll                           0x08005c29   Thumb Code   384  tasks.o(.text.xTaskResumeAll)
    xTimerCreateTimerTask                    0x08005da9   Thumb Code    88  timers.o(.text.xTimerCreateTimerTask)
    _btod_d2e                                0x08005e09   Thumb Code    62  btod.o(CL$$btod_d2e)
    _d2e_denorm_low                          0x08005e47   Thumb Code    70  btod.o(CL$$btod_d2e_denorm_low)
    _d2e_norm_op1                            0x08005e8d   Thumb Code    96  btod.o(CL$$btod_d2e_norm_op1)
    __btod_div_common                        0x08005eed   Thumb Code   696  btod.o(CL$$btod_div_common)
    _e2e                                     0x08006225   Thumb Code   220  btod.o(CL$$btod_e2e)
    _btod_ediv                               0x08006301   Thumb Code    42  btod.o(CL$$btod_ediv)
    _btod_emul                               0x0800632b   Thumb Code    42  btod.o(CL$$btod_emul)
    __btod_mult_common                       0x08006355   Thumb Code   580  btod.o(CL$$btod_mult_common)
    __ARM_fpclassify                         0x08006599   Thumb Code    48  fpclassify.o(i.__ARM_fpclassify)
    _is_digit                                0x080065c9   Thumb Code    14  __printf_wp.o(i._is_digit)
    _get_lc_numeric                          0x080065d9   Thumb Code    44  lc_numeric_c.o(locale$$code)
    __aeabi_d2f                              0x08006605   Thumb Code     0  d2f.o(x$fpl$d2f)
    _d2f                                     0x08006605   Thumb Code    98  d2f.o(x$fpl$d2f)
    __aeabi_dadd                             0x08006669   Thumb Code     0  daddsub_clz.o(x$fpl$dadd)
    _dadd                                    0x08006669   Thumb Code   332  daddsub_clz.o(x$fpl$dadd)
    __fpl_dcmp_Inf                           0x080067b9   Thumb Code    24  dcmpi.o(x$fpl$dcmpinf)
    __aeabi_ddiv                             0x080067d1   Thumb Code     0  ddiv.o(x$fpl$ddiv)
    _ddiv                                    0x080067d1   Thumb Code   560  ddiv.o(x$fpl$ddiv)
    __aeabi_cdcmpeq                          0x08006a89   Thumb Code     0  deqf.o(x$fpl$deqf)
    _dcmpeq                                  0x08006a89   Thumb Code   120  deqf.o(x$fpl$deqf)
    __aeabi_ui2d                             0x08006b01   Thumb Code     0  dflt_clz.o(x$fpl$dfltu)
    _dfltu                                   0x08006b01   Thumb Code    38  dflt_clz.o(x$fpl$dfltu)
    __aeabi_cdcmpge                          0x08006b29   Thumb Code     0  dgeqf.o(x$fpl$dgeqf)
    _dcmpge                                  0x08006b29   Thumb Code   120  dgeqf.o(x$fpl$dgeqf)
    __aeabi_cdcmple                          0x08006ba1   Thumb Code     0  dleqf.o(x$fpl$dleqf)
    _dcmple                                  0x08006ba1   Thumb Code   120  dleqf.o(x$fpl$dleqf)
    __fpl_dcmple_InfNaN                      0x08006c03   Thumb Code     0  dleqf.o(x$fpl$dleqf)
    __aeabi_dmul                             0x08006c19   Thumb Code     0  dmul.o(x$fpl$dmul)
    _dmul                                    0x08006c19   Thumb Code   332  dmul.o(x$fpl$dmul)
    __fpl_dnaninf                            0x08006d6d   Thumb Code   156  dnaninf.o(x$fpl$dnaninf)
    __fpl_dretinf                            0x08006e09   Thumb Code    12  dretinf.o(x$fpl$dretinf)
    __aeabi_dsub                             0x08006e15   Thumb Code     0  daddsub_clz.o(x$fpl$dsub)
    _dsub                                    0x08006e15   Thumb Code   472  daddsub_clz.o(x$fpl$dsub)
    __aeabi_f2d                              0x08006ff1   Thumb Code     0  f2d.o(x$fpl$f2d)
    _f2d                                     0x08006ff1   Thumb Code    86  f2d.o(x$fpl$f2d)
    __aeabi_dcmpeq                           0x08007047   Thumb Code     0  dcmp.o(x$fpl$fcmp)
    _deq                                     0x08007047   Thumb Code    14  dcmp.o(x$fpl$fcmp)
    _dneq                                    0x08007055   Thumb Code    14  dcmp.o(x$fpl$fcmp)
    __aeabi_dcmpgt                           0x08007063   Thumb Code     0  dcmp.o(x$fpl$fcmp)
    _dgr                                     0x08007063   Thumb Code    14  dcmp.o(x$fpl$fcmp)
    __aeabi_dcmpge                           0x08007071   Thumb Code     0  dcmp.o(x$fpl$fcmp)
    _dgeq                                    0x08007071   Thumb Code    14  dcmp.o(x$fpl$fcmp)
    __aeabi_dcmple                           0x0800707f   Thumb Code     0  dcmp.o(x$fpl$fcmp)
    _dleq                                    0x0800707f   Thumb Code    14  dcmp.o(x$fpl$fcmp)
    __aeabi_dcmplt                           0x0800708d   Thumb Code     0  dcmp.o(x$fpl$fcmp)
    _dls                                     0x0800708d   Thumb Code    14  dcmp.o(x$fpl$fcmp)
    __fpl_fnaninf                            0x0800709b   Thumb Code   140  fnaninf.o(x$fpl$fnaninf)
    _fp_init                                 0x08007127   Thumb Code    26  fpinit.o(x$fpl$fpinit)
    __fplib_config_fpu_vfp                   0x0800713f   Thumb Code     0  fpinit.o(x$fpl$fpinit)
    __fplib_config_pureend_doubles           0x0800713f   Thumb Code     0  fpinit.o(x$fpl$fpinit)
    __fpl_fretinf                            0x08007141   Thumb Code    10  fretinf.o(x$fpl$fretinf)
    _printf_fp_dec                           0x0800714b   Thumb Code     4  printf1.o(x$fpl$printf1)
    __I$use$fp                               0x0800714e   Number         0  usenofp.o(x$fpl$usenofp)
    AHBPrescTable                            0x080071e4   Data          16  system_stm32f4xx.o(.rodata.AHBPrescTable)
    APBPrescTable                            0x080071f4   Data           8  system_stm32f4xx.o(.rodata.APBPrescTable)
    uxTopUsedPriority                        0x080071fc   Data           4  tasks.o(.rodata.uxTopUsedPriority)
    Region$$Table$$Base                      0x08007200   Number         0  anon$$obj.o(Region$$Table)
    Region$$Table$$Limit                     0x08007220   Number         0  anon$$obj.o(Region$$Table)
    SystemCoreClock                          0x20000000   Data           4  system_stm32f4xx.o(.data.SystemCoreClock)
    uwTickFreq                               0x20000004   Data           1  stm32f4xx_hal.o(.data.uwTickFreq)
    uwTickPrio                               0x20000008   Data           4  stm32f4xx_hal.o(.data.uwTickPrio)
    __libspace_start                         0x20000010   Data          96  libspace.o(.bss)
    ADC_ConvertedValueLocal                  0x20000070   Data           8  sensor.o(.bss.ADC_ConvertedValueLocal)
    __temporary_stack_top$libspace           0x20000070   Data           0  libspace.o(.bss)
    Sensor_Tx                                0x20000078   Data          30  sensor.o(.bss.Sensor_Tx)
    TaskDS18B20_Handle                       0x20000098   Data           4  main.o(.bss.TaskDS18B20_Handle)
    TaskTDS_Handle                           0x2000009c   Data           4  main.o(.bss.TaskTDS_Handle)
    TaskTur_Handle                           0x200000a0   Data           4  main.o(.bss.TaskTur_Handle)
    TaskpH_Handle                            0x200000a4   Data           4  main.o(.bss.TaskpH_Handle)
    Tx                                       0x200000a8   Data          20  main.o(.bss.Tx)
    adc_raw_value                            0x200000bc   Data           4  sensor.o(.bss.adc_raw_value)
    ds18b20_tx                               0x200000c0   Data         150  ds18b20.o(.bss.ds18b20_tx)
    hadc1                                    0x20000158   Data          72  adc.o(.bss.hadc1)
    hadc2                                    0x200001a0   Data          72  adc.o(.bss.hadc2)
    hadc3                                    0x200001e8   Data          72  adc.o(.bss.hadc3)
    htim10                                   0x20000230   Data          72  tim.o(.bss.htim10)
    htim12                                   0x20000278   Data          72  tim.o(.bss.htim12)
    htim13                                   0x200002c0   Data          72  tim.o(.bss.htim13)
    htim14                                   0x20000308   Data          72  tim.o(.bss.htim14)
    htim3                                    0x20000350   Data          72  tim.o(.bss.htim3)
    htim6                                    0x20000398   Data          72  tim.o(.bss.htim6)
    htim8                                    0x200003e0   Data          72  tim.o(.bss.htim8)
    huart1                                   0x20000428   Data          72  usart.o(.bss.huart1)
    huart3                                   0x20000470   Data          72  usart.o(.bss.huart3)
    huart6                                   0x200004b8   Data          72  usart.o(.bss.huart6)
    i                                        0x20000500   Data           1  4gdtu.o(.bss.i)
    pH                                       0x20000508   Data          16  sensor.o(.bss.pH)
    pxCurrentTCB                             0x2000051c   Data           4  tasks.o(.bss.pxCurrentTCB)
    receivedData                             0x20000598   Data           1  4gdtu.o(.bss.receivedData)
    receivedString                           0x20000599   Data         350  4gdtu.o(.bss.receivedString)
    tds                                      0x200006f8   Data          16  sensor.o(.bss.tds)
    tur                                      0x20000708   Data          16  sensor.o(.bss.tur)
    uartQueue                                0x20000718   Data           4  4gdtu.o(.bss.uartQueue)
    uwTick                                   0x20013324   Data           4  stm32f4xx_hal.o(.bss.uwTick)
    xQueueRegistry                           0x200133c0   Data          64  queue.o(.bss.xQueueRegistry)



==============================================================================

Memory Map of the image

  Image Entry point : 0x08000189

  Load Region LR_IROM1 (Base: 0x08000000, Size: 0x00007250, Max: 0x00080000, ABSOLUTE)

    Execution Region ER_IROM1 (Exec base: 0x08000000, Load base: 0x08000000, Size: 0x0000723c, Max: 0x00080000, ABSOLUTE)

    Exec Addr    Load Addr    Size         Type   Attr      Idx    E Section Name        Object

    0x08000000   0x08000000   0x00000188   Data   RO            3    RESET               startup_stm32f407xx.o
    0x08000188   0x08000188   0x00000008   Code   RO         1722  * !!!main             c_w.l(__main.o)
    0x08000190   0x08000190   0x0000005c   Code   RO         2018    !!!scatter          c_w.l(__scatter.o)
    0x080001ec   0x080001ec   0x0000001a   Code   RO         2022    !!handler_copy      c_w.l(__scatter_copy.o)
    0x08000206   0x08000206   0x00000002   PAD
    0x08000208   0x08000208   0x00000002   Code   RO         2019    !!handler_null      c_w.l(__scatter.o)
    0x0800020a   0x0800020a   0x00000002   PAD
    0x0800020c   0x0800020c   0x0000001c   Code   RO         2024    !!handler_zi        c_w.l(__scatter_zi.o)
    0x08000228   0x08000228   0x00000000   Code   RO         1703    .ARM.Collect$$_printf_percent$$00000000  c_w.l(_printf_percent.o)
    0x08000228   0x08000228   0x00000006   Code   RO         1702    .ARM.Collect$$_printf_percent$$00000003  c_w.l(_printf_f.o)
    0x0800022e   0x0800022e   0x00000004   Code   RO         1768    .ARM.Collect$$_printf_percent$$00000017  c_w.l(_printf_percent_end.o)
    0x08000232   0x08000232   0x00000002   Code   RO         1881    .ARM.Collect$$libinit$$00000000  c_w.l(libinit.o)
    0x08000234   0x08000234   0x00000004   Code   RO         1882    .ARM.Collect$$libinit$$00000001  c_w.l(libinit2.o)
    0x08000238   0x08000238   0x00000000   Code   RO         1885    .ARM.Collect$$libinit$$00000004  c_w.l(libinit2.o)
    0x08000238   0x08000238   0x00000000   Code   RO         1887    .ARM.Collect$$libinit$$00000006  c_w.l(libinit2.o)
    0x08000238   0x08000238   0x00000000   Code   RO         1890    .ARM.Collect$$libinit$$0000000C  c_w.l(libinit2.o)
    0x08000238   0x08000238   0x00000000   Code   RO         1892    .ARM.Collect$$libinit$$0000000E  c_w.l(libinit2.o)
    0x08000238   0x08000238   0x00000000   Code   RO         1894    .ARM.Collect$$libinit$$00000010  c_w.l(libinit2.o)
    0x08000238   0x08000238   0x00000006   Code   RO         1895    .ARM.Collect$$libinit$$00000011  c_w.l(libinit2.o)
    0x0800023e   0x0800023e   0x00000000   Code   RO         1897    .ARM.Collect$$libinit$$00000013  c_w.l(libinit2.o)
    0x0800023e   0x0800023e   0x00000000   Code   RO         1899    .ARM.Collect$$libinit$$00000015  c_w.l(libinit2.o)
    0x0800023e   0x0800023e   0x00000000   Code   RO         1901    .ARM.Collect$$libinit$$00000017  c_w.l(libinit2.o)
    0x0800023e   0x0800023e   0x0000000a   Code   RO         1902    .ARM.Collect$$libinit$$00000018  c_w.l(libinit2.o)
    0x08000248   0x08000248   0x00000000   Code   RO         1903    .ARM.Collect$$libinit$$00000019  c_w.l(libinit2.o)
    0x08000248   0x08000248   0x00000000   Code   RO         1905    .ARM.Collect$$libinit$$0000001B  c_w.l(libinit2.o)
    0x08000248   0x08000248   0x00000000   Code   RO         1907    .ARM.Collect$$libinit$$0000001D  c_w.l(libinit2.o)
    0x08000248   0x08000248   0x00000000   Code   RO         1909    .ARM.Collect$$libinit$$0000001F  c_w.l(libinit2.o)
    0x08000248   0x08000248   0x00000000   Code   RO         1911    .ARM.Collect$$libinit$$00000021  c_w.l(libinit2.o)
    0x08000248   0x08000248   0x00000000   Code   RO         1913    .ARM.Collect$$libinit$$00000023  c_w.l(libinit2.o)
    0x08000248   0x08000248   0x00000000   Code   RO         1915    .ARM.Collect$$libinit$$00000025  c_w.l(libinit2.o)
    0x08000248   0x08000248   0x00000000   Code   RO         1917    .ARM.Collect$$libinit$$00000027  c_w.l(libinit2.o)
    0x08000248   0x08000248   0x00000000   Code   RO         1921    .ARM.Collect$$libinit$$0000002E  c_w.l(libinit2.o)
    0x08000248   0x08000248   0x00000000   Code   RO         1923    .ARM.Collect$$libinit$$00000030  c_w.l(libinit2.o)
    0x08000248   0x08000248   0x00000000   Code   RO         1925    .ARM.Collect$$libinit$$00000032  c_w.l(libinit2.o)
    0x08000248   0x08000248   0x00000000   Code   RO         1927    .ARM.Collect$$libinit$$00000034  c_w.l(libinit2.o)
    0x08000248   0x08000248   0x00000002   Code   RO         1928    .ARM.Collect$$libinit$$00000035  c_w.l(libinit2.o)
    0x0800024a   0x0800024a   0x00000002   Code   RO         1983    .ARM.Collect$$libshutdown$$00000000  c_w.l(libshutdown.o)
    0x0800024c   0x0800024c   0x00000000   Code   RO         2001    .ARM.Collect$$libshutdown$$00000002  c_w.l(libshutdown2.o)
    0x0800024c   0x0800024c   0x00000000   Code   RO         2003    .ARM.Collect$$libshutdown$$00000004  c_w.l(libshutdown2.o)
    0x0800024c   0x0800024c   0x00000000   Code   RO         2006    .ARM.Collect$$libshutdown$$00000007  c_w.l(libshutdown2.o)
    0x0800024c   0x0800024c   0x00000000   Code   RO         2009    .ARM.Collect$$libshutdown$$0000000A  c_w.l(libshutdown2.o)
    0x0800024c   0x0800024c   0x00000000   Code   RO         2011    .ARM.Collect$$libshutdown$$0000000C  c_w.l(libshutdown2.o)
    0x0800024c   0x0800024c   0x00000000   Code   RO         2014    .ARM.Collect$$libshutdown$$0000000F  c_w.l(libshutdown2.o)
    0x0800024c   0x0800024c   0x00000002   Code   RO         2015    .ARM.Collect$$libshutdown$$00000010  c_w.l(libshutdown2.o)
    0x0800024e   0x0800024e   0x00000000   Code   RO         1750    .ARM.Collect$$rtentry$$00000000  c_w.l(__rtentry.o)
    0x0800024e   0x0800024e   0x00000000   Code   RO         1792    .ARM.Collect$$rtentry$$00000002  c_w.l(__rtentry2.o)
    0x0800024e   0x0800024e   0x00000006   Code   RO         1804    .ARM.Collect$$rtentry$$00000004  c_w.l(__rtentry4.o)
    0x08000254   0x08000254   0x00000000   Code   RO         1794    .ARM.Collect$$rtentry$$00000009  c_w.l(__rtentry2.o)
    0x08000254   0x08000254   0x00000004   Code   RO         1795    .ARM.Collect$$rtentry$$0000000A  c_w.l(__rtentry2.o)
    0x08000258   0x08000258   0x00000000   Code   RO         1797    .ARM.Collect$$rtentry$$0000000C  c_w.l(__rtentry2.o)
    0x08000258   0x08000258   0x00000008   Code   RO         1798    .ARM.Collect$$rtentry$$0000000D  c_w.l(__rtentry2.o)
    0x08000260   0x08000260   0x00000002   Code   RO         1929    .ARM.Collect$$rtexit$$00000000  c_w.l(rtexit.o)
    0x08000262   0x08000262   0x00000000   Code   RO         1948    .ARM.Collect$$rtexit$$00000002  c_w.l(rtexit2.o)
    0x08000262   0x08000262   0x00000004   Code   RO         1949    .ARM.Collect$$rtexit$$00000003  c_w.l(rtexit2.o)
    0x08000266   0x08000266   0x00000006   Code   RO         1950    .ARM.Collect$$rtexit$$00000004  c_w.l(rtexit2.o)
    0x0800026c   0x0800026c   0x00000040   Code   RO            4    .text               startup_stm32f407xx.o
    0x080002ac   0x080002ac   0x000000f0   Code   RO         1674    .text               c_w.l(lludivv7m.o)
    0x0800039c   0x0800039c   0x00000028   Code   RO         1678    .text               c_w.l(noretval__2sprintf.o)
    0x080003c4   0x080003c4   0x0000010e   Code   RO         1690    .text               c_w.l(__printf_wp.o)
    0x080004d2   0x080004d2   0x0000003e   Code   RO         1708    .text               c_w.l(strlen.o)
    0x08000510   0x08000510   0x0000008a   Code   RO         1710    .text               c_w.l(rt_memcpy_v6.o)
    0x0800059a   0x0800059a   0x00000010   Code   RO         1714    .text               c_w.l(aeabi_memset4.o)
    0x080005aa   0x080005aa   0x00000044   Code   RO         1716    .text               c_w.l(rt_memclr.o)
    0x080005ee   0x080005ee   0x0000004e   Code   RO         1718    .text               c_w.l(rt_memclr_w.o)
    0x0800063c   0x0800063c   0x00000006   Code   RO         1720    .text               c_w.l(heapauxi.o)
    0x08000642   0x08000642   0x0000041c   Code   RO         1760    .text               c_w.l(_printf_fp_dec.o)
    0x08000a5e   0x08000a5e   0x00000002   PAD
    0x08000a60   0x08000a60   0x00000030   Code   RO         1764    .text               c_w.l(_printf_char_common.o)
    0x08000a90   0x08000a90   0x0000000a   Code   RO         1766    .text               c_w.l(_sputc.o)
    0x08000a9a   0x08000a9a   0x00000064   Code   RO         1771    .text               c_w.l(rt_memcpy_w.o)
    0x08000afe   0x08000afe   0x00000002   PAD
    0x08000b00   0x08000b00   0x00000008   Code   RO         1788    .text               c_w.l(libspace.o)
    0x08000b08   0x08000b08   0x00000008   Code   RO         1813    .text               c_w.l(rt_locale_intlibspace.o)
    0x08000b10   0x08000b10   0x0000008a   Code   RO         1815    .text               c_w.l(lludiv10.o)
    0x08000b9a   0x08000b9a   0x00000002   PAD
    0x08000b9c   0x08000b9c   0x00000080   Code   RO         1817    .text               c_w.l(_printf_fp_infnan.o)
    0x08000c1c   0x08000c1c   0x000000e4   Code   RO         1823    .text               c_w.l(bigflt0.o)
    0x08000d00   0x08000d00   0x0000004a   Code   RO         1859    .text               c_w.l(sys_stackheap_outer.o)
    0x08000d4a   0x08000d4a   0x00000012   Code   RO         1868    .text               c_w.l(exit.o)
    0x08000d5c   0x08000d5c   0x00000004   PAD
    0x08000d60   0x08000d60   0x0000007c   Code   RO         1874    .text               c_w.l(strcmpv7em.o)
    0x08000ddc   0x08000ddc   0x0000000c   Code   RO         1943    .text               c_w.l(sys_exit.o)
    0x08000de8   0x08000de8   0x00000002   Code   RO         1970    .text               c_w.l(use_no_semi.o)
    0x08000dea   0x08000dea   0x00000000   Code   RO         1972    .text               c_w.l(indicate_semi.o)
    0x08000dea   0x08000dea   0x00000002   PAD
    0x08000dec   0x08000dec   0x0000002a   Code   RO          138    .text.ADC_IRQHandler  stm32f4xx_it.o
    0x08000e16   0x08000e16   0x00000002   PAD
    0x08000e18   0x08000e18   0x00000002   Code   RO          132    .text.BusFault_Handler  stm32f4xx_it.o
    0x08000e1a   0x08000e1a   0x00000002   PAD
    0x08000e1c   0x08000e1c   0x000001c6   Code   RO         1202    .text.DS18B20_Check  ds18b20.o
    0x08000fe2   0x08000fe2   0x00000006   PAD
    0x08000fe8   0x08000fe8   0x000000b4   Code   RO         1206    .text.DS18B20_GetTemperture  ds18b20.o
    0x0800109c   0x0800109c   0x0000018c   Code   RO         1198    .text.DS18B20_Read_Byte  ds18b20.o
    0x08001228   0x08001228   0x000000ee   Code   RO         1200    .text.DS18B20_Write_Byte  ds18b20.o
    0x08001316   0x08001316   0x00000002   PAD
    0x08001318   0x08001318   0x00000002   Code   RO          136    .text.DebugMon_Handler  stm32f4xx_it.o
    0x0800131a   0x0800131a   0x00000002   PAD
    0x0800131c   0x0800131c   0x00000006   Code   RO           23    .text.Error_Handler  main.o
    0x08001322   0x08001322   0x00000002   PAD
    0x08001324   0x08001324   0x00000002   Code   RO          255    .text.HAL_ADCEx_InjectedConvCpltCallback  stm32f4xx_hal_adc_ex.o
    0x08001326   0x08001326   0x00000002   PAD
    0x08001328   0x08001328   0x00000132   Code   RO          215    .text.HAL_ADC_ConfigChannel  stm32f4xx_hal_adc.o
    0x0800145a   0x0800145a   0x00000002   PAD
    0x0800145c   0x0800145c   0x00000002   Code   RO          195    .text.HAL_ADC_ConvCpltCallback  stm32f4xx_hal_adc.o
    0x0800145e   0x0800145e   0x00000002   PAD
    0x08001460   0x08001460   0x00000002   Code   RO          199    .text.HAL_ADC_ErrorCallback  stm32f4xx_hal_adc.o
    0x08001462   0x08001462   0x00000002   PAD
    0x08001464   0x08001464   0x00000006   Code   RO          211    .text.HAL_ADC_GetValue  stm32f4xx_hal_adc.o
    0x0800146a   0x0800146a   0x00000002   PAD
    0x0800146c   0x0800146c   0x00000134   Code   RO          193    .text.HAL_ADC_IRQHandler  stm32f4xx_hal_adc.o
    0x080015a0   0x080015a0   0x00000152   Code   RO          173    .text.HAL_ADC_Init  stm32f4xx_hal_adc.o
    0x080016f2   0x080016f2   0x00000002   PAD
    0x080016f4   0x080016f4   0x00000002   Code   RO          197    .text.HAL_ADC_LevelOutOfWindowCallback  stm32f4xx_hal_adc.o
    0x080016f6   0x080016f6   0x00000002   PAD
    0x080016f8   0x080016f8   0x000000fe   Code   RO           55    .text.HAL_ADC_MspInit  adc.o
    0x080017f6   0x080017f6   0x00000002   PAD
    0x080017f8   0x080017f8   0x0000012c   Code   RO          181    .text.HAL_ADC_Start  stm32f4xx_hal_adc.o
    0x08001924   0x08001924   0x00000080   Code   RO          426    .text.HAL_DMA_Abort  stm32f4xx_hal_dma.o
    0x080019a4   0x080019a4   0x00000024   Code   RO          428    .text.HAL_DMA_Abort_IT  stm32f4xx_hal_dma.o
    0x080019c8   0x080019c8   0x00000194   Code   RO          380    .text.HAL_GPIO_Init  stm32f4xx_hal_gpio.o
    0x08001b5c   0x08001b5c   0x0000000a   Code   RO          384    .text.HAL_GPIO_ReadPin  stm32f4xx_hal_gpio.o
    0x08001b66   0x08001b66   0x00000002   PAD
    0x08001b68   0x08001b68   0x0000000a   Code   RO          386    .text.HAL_GPIO_WritePin  stm32f4xx_hal_gpio.o
    0x08001b72   0x08001b72   0x00000002   PAD
    0x08001b74   0x08001b74   0x0000000c   Code   RO          577    .text.HAL_GetTick   stm32f4xx_hal.o
    0x08001b80   0x08001b80   0x00000036   Code   RO          565    .text.HAL_Init      stm32f4xx_hal.o
    0x08001bb6   0x08001bb6   0x00000002   PAD
    0x08001bb8   0x08001bb8   0x00000050   Code   RO          567    .text.HAL_InitTick  stm32f4xx_hal.o
    0x08001c08   0x08001c08   0x00000038   Code   RO          165    .text.HAL_MspInit   stm32f4xx_hal_msp.o
    0x08001c40   0x08001c40   0x00000022   Code   RO          517    .text.HAL_NVIC_EnableIRQ  stm32f4xx_hal_cortex.o
    0x08001c62   0x08001c62   0x00000002   PAD
    0x08001c64   0x08001c64   0x00000056   Code   RO          515    .text.HAL_NVIC_SetPriority  stm32f4xx_hal_cortex.o
    0x08001cba   0x08001cba   0x00000002   PAD
    0x08001cbc   0x08001cbc   0x00000020   Code   RO          513    .text.HAL_NVIC_SetPriorityGrouping  stm32f4xx_hal_cortex.o
    0x08001cdc   0x08001cdc   0x00000160   Code   RO          274    .text.HAL_RCC_ClockConfig  stm32f4xx_hal_rcc.o
    0x08001e3c   0x08001e3c   0x00000026   Code   RO          286    .text.HAL_RCC_GetPCLK1Freq  stm32f4xx_hal_rcc.o
    0x08001e62   0x08001e62   0x00000002   PAD
    0x08001e64   0x08001e64   0x00000026   Code   RO          288    .text.HAL_RCC_GetPCLK2Freq  stm32f4xx_hal_rcc.o
    0x08001e8a   0x08001e8a   0x00000002   PAD
    0x08001e8c   0x08001e8c   0x0000006a   Code   RO          276    .text.HAL_RCC_GetSysClockFreq  stm32f4xx_hal_rcc.o
    0x08001ef6   0x08001ef6   0x00000002   PAD
    0x08001ef8   0x08001ef8   0x0000035c   Code   RO          272    .text.HAL_RCC_OscConfig  stm32f4xx_hal_rcc.o
    0x08002254   0x08002254   0x0000002c   Code   RO          525    .text.HAL_SYSTICK_Config  stm32f4xx_hal_cortex.o
    0x08002280   0x08002280   0x00000002   Code   RO          961    .text.HAL_TIMEx_BreakCallback  stm32f4xx_hal_tim_ex.o
    0x08002282   0x08002282   0x00000002   PAD
    0x08002284   0x08002284   0x00000002   Code   RO          957    .text.HAL_TIMEx_CommutCallback  stm32f4xx_hal_tim_ex.o
    0x08002286   0x08002286   0x00000002   PAD
    0x08002288   0x08002288   0x0000004c   Code   RO          953    .text.HAL_TIMEx_ConfigBreakDeadTime  stm32f4xx_hal_tim_ex.o
    0x080022d4   0x080022d4   0x000000bc   Code   RO          951    .text.HAL_TIMEx_MasterConfigSynchronization  stm32f4xx_hal_tim_ex.o
    0x08002390   0x08002390   0x0000005a   Code   RO          656    .text.HAL_TIM_Base_Init  stm32f4xx_hal_tim.o
    0x080023ea   0x080023ea   0x00000002   PAD
    0x080023ec   0x080023ec   0x00000184   Code   RO           86    .text.HAL_TIM_Base_MspInit  tim.o
    0x08002570   0x08002570   0x000000a0   Code   RO          666    .text.HAL_TIM_Base_Start  stm32f4xx_hal_tim.o
    0x08002610   0x08002610   0x000000a8   Code   RO          670    .text.HAL_TIM_Base_Start_IT  stm32f4xx_hal_tim.o
    0x080026b8   0x080026b8   0x0000002a   Code   RO          668    .text.HAL_TIM_Base_Stop  stm32f4xx_hal_tim.o
    0x080026e2   0x080026e2   0x00000002   PAD
    0x080026e4   0x080026e4   0x000001a0   Code   RO          836    .text.HAL_TIM_ConfigClockSource  stm32f4xx_hal_tim.o
    0x08002884   0x08002884   0x00000002   Code   RO          792    .text.HAL_TIM_IC_CaptureCallback  stm32f4xx_hal_tim.o
    0x08002886   0x08002886   0x00000002   PAD
    0x08002888   0x08002888   0x0000014a   Code   RO          790    .text.HAL_TIM_IRQHandler  stm32f4xx_hal_tim.o
    0x080029d2   0x080029d2   0x00000002   PAD
    0x080029d4   0x080029d4   0x0000012a   Code   RO           72    .text.HAL_TIM_MspPostInit  tim.o
    0x08002afe   0x08002afe   0x00000002   PAD
    0x08002b00   0x08002b00   0x00000002   Code   RO          794    .text.HAL_TIM_OC_DelayElapsedCallback  stm32f4xx_hal_tim.o
    0x08002b02   0x08002b02   0x00000002   PAD
    0x08002b04   0x08002b04   0x00000216   Code   RO          810    .text.HAL_TIM_PWM_ConfigChannel  stm32f4xx_hal_tim.o
    0x08002d1a   0x08002d1a   0x00000002   PAD
    0x08002d1c   0x08002d1c   0x0000005a   Code   RO          710    .text.HAL_TIM_PWM_Init  stm32f4xx_hal_tim.o
    0x08002d76   0x08002d76   0x00000002   PAD
    0x08002d78   0x08002d78   0x00000002   Code   RO          712    .text.HAL_TIM_PWM_MspInit  stm32f4xx_hal_tim.o
    0x08002d7a   0x08002d7a   0x00000002   PAD
    0x08002d7c   0x08002d7c   0x00000002   Code   RO          796    .text.HAL_TIM_PWM_PulseFinishedCallback  stm32f4xx_hal_tim.o
    0x08002d7e   0x08002d7e   0x00000002   PAD
    0x08002d80   0x08002d80   0x0000011c   Code   RO          718    .text.HAL_TIM_PWM_Start  stm32f4xx_hal_tim.o
    0x08002e9c   0x08002e9c   0x00000004   PAD
    0x08002ea0   0x08002ea0   0x00000224   Code   RO         1171    .text.HAL_TIM_PeriodElapsedCallback  sensor.o
    0x080030c4   0x080030c4   0x00000002   Code   RO          800    .text.HAL_TIM_TriggerCallback  stm32f4xx_hal_tim.o
    0x080030c6   0x080030c6   0x00000002   PAD
    0x080030c8   0x080030c8   0x00000002   Code   RO         1061    .text.HAL_UARTEx_RxEventCallback  stm32f4xx_hal_uart.o
    0x080030ca   0x080030ca   0x00000002   PAD
    0x080030cc   0x080030cc   0x00000002   Code   RO         1059    .text.HAL_UART_ErrorCallback  stm32f4xx_hal_uart.o
    0x080030ce   0x080030ce   0x00000002   PAD
    0x080030d0   0x080030d0   0x00000016   Code   RO         1234    .text.HAL_UART_INTERRUPT  4gdtu.o
    0x080030e6   0x080030e6   0x00000002   PAD
    0x080030e8   0x080030e8   0x00000302   Code   RO         1053    .text.HAL_UART_IRQHandler  stm32f4xx_hal_uart.o
    0x080033ea   0x080033ea   0x00000002   PAD
    0x080033ec   0x080033ec   0x00000060   Code   RO          975    .text.HAL_UART_Init  stm32f4xx_hal_uart.o
    0x0800344c   0x0800344c   0x00000128   Code   RO          111    .text.HAL_UART_MspInit  usart.o
    0x08003574   0x08003574   0x00000054   Code   RO          997    .text.HAL_UART_Receive_IT  stm32f4xx_hal_uart.o
    0x080035c8   0x080035c8   0x0000005a   Code   RO         1232    .text.HAL_UART_RxCpltCallback  4gdtu.o
    0x08003622   0x08003622   0x00000002   PAD
    0x08003624   0x08003624   0x000000f4   Code   RO          991    .text.HAL_UART_Transmit  stm32f4xx_hal_uart.o
    0x08003718   0x08003718   0x00000002   Code   RO         1063    .text.HAL_UART_TxCpltCallback  stm32f4xx_hal_uart.o
    0x0800371a   0x0800371a   0x00000002   PAD
    0x0800371c   0x0800371c   0x00000002   Code   RO          128    .text.HardFault_Handler  stm32f4xx_it.o
    0x0800371e   0x0800371e   0x00000002   PAD
    0x08003720   0x08003720   0x00000070   Code   RO           49    .text.MX_ADC1_Init  adc.o
    0x08003790   0x08003790   0x00000072   Code   RO           51    .text.MX_ADC2_Init  adc.o
    0x08003802   0x08003802   0x00000002   PAD
    0x08003804   0x08003804   0x00000072   Code   RO           53    .text.MX_ADC3_Init  adc.o
    0x08003876   0x08003876   0x00000002   PAD
    0x08003878   0x08003878   0x000000aa   Code   RO           40    .text.MX_GPIO_Init  gpio.o
    0x08003922   0x08003922   0x00000002   PAD
    0x08003924   0x08003924   0x00000036   Code   RO           78    .text.MX_TIM10_Init  tim.o
    0x0800395a   0x0800395a   0x00000002   PAD
    0x0800395c   0x0800395c   0x000000c8   Code   RO           80    .text.MX_TIM12_Init  tim.o
    0x08003a24   0x08003a24   0x0000008c   Code   RO           82    .text.MX_TIM13_Init  tim.o
    0x08003ab0   0x08003ab0   0x0000008c   Code   RO           84    .text.MX_TIM14_Init  tim.o
    0x08003b3c   0x08003b3c   0x000000e4   Code   RO           70    .text.MX_TIM3_Init  tim.o
    0x08003c20   0x08003c20   0x00000052   Code   RO           74    .text.MX_TIM6_Init  tim.o
    0x08003c72   0x08003c72   0x00000002   PAD
    0x08003c74   0x08003c74   0x00000126   Code   RO           76    .text.MX_TIM8_Init  tim.o
    0x08003d9a   0x08003d9a   0x00000002   PAD
    0x08003d9c   0x08003d9c   0x0000003c   Code   RO          105    .text.MX_USART1_UART_Init  usart.o
    0x08003dd8   0x08003dd8   0x0000003c   Code   RO          107    .text.MX_USART3_UART_Init  usart.o
    0x08003e14   0x08003e14   0x0000003c   Code   RO          109    .text.MX_USART6_UART_Init  usart.o
    0x08003e50   0x08003e50   0x00000002   Code   RO          130    .text.MemManage_Handler  stm32f4xx_it.o
    0x08003e52   0x08003e52   0x00000002   PAD
    0x08003e54   0x08003e54   0x00000002   Code   RO          126    .text.NMI_Handler   stm32f4xx_it.o
    0x08003e56   0x08003e56   0x0000000a   PAD
    0x08003e60   0x08003e60   0x00000064   Code   RO         1610    .text.PendSV_Handler  port.o
    0x08003ec4   0x08003ec4   0x0000006a   Code   RO         1138    .text.Pwm_Init      motor.o
    0x08003f2e   0x08003f2e   0x00000002   PAD
    0x08003f30   0x08003f30   0x00000024   Code   RO         1594    .text.SVC_Handler   port.o
    0x08003f54   0x08003f54   0x0000002e   Code   RO         1612    .text.SysTick_Handler  port.o
    0x08003f82   0x08003f82   0x00000002   PAD
    0x08003f84   0x08003f84   0x000000a6   Code   RO           21    .text.SystemClock_Config  main.o
    0x0800402a   0x0800402a   0x00000002   PAD
    0x0800402c   0x0800402c   0x00000012   Code   RO         1109    .text.SystemInit    system_stm32f4xx.o
    0x0800403e   0x0800403e   0x00000002   PAD
    0x08004040   0x08004040   0x0000000c   Code   RO          140    .text.TIM1_UP_TIM10_IRQHandler  stm32f4xx_it.o
    0x0800404c   0x0800404c   0x0000000c   Code   RO          142    .text.TIM3_IRQHandler  stm32f4xx_it.o
    0x08004058   0x08004058   0x0000000c   Code   RO          154    .text.TIM6_DAC_IRQHandler  stm32f4xx_it.o
    0x08004064   0x08004064   0x0000001e   Code   RO          148    .text.TIM8_BRK_TIM12_IRQHandler  stm32f4xx_it.o
    0x08004082   0x08004082   0x00000002   PAD
    0x08004084   0x08004084   0x0000001e   Code   RO          152    .text.TIM8_TRG_COM_TIM14_IRQHandler  stm32f4xx_it.o
    0x080040a2   0x080040a2   0x00000002   PAD
    0x080040a4   0x080040a4   0x0000001e   Code   RO          150    .text.TIM8_UP_TIM13_IRQHandler  stm32f4xx_it.o
    0x080040c2   0x080040c2   0x00000002   PAD
    0x080040c4   0x080040c4   0x00000134   Code   RO          660    .text.TIM_Base_SetConfig  stm32f4xx_hal_tim.o
    0x080041f8   0x080041f8   0x0000000c   Code   RO         1057    .text.UART_DMAAbortOnError  stm32f4xx_hal_uart.o
    0x08004204   0x08004204   0x000000c0   Code   RO         1055    .text.UART_Receive_IT  stm32f4xx_hal_uart.o
    0x080042c4   0x080042c4   0x000000de   Code   RO          979    .text.UART_SetConfig  stm32f4xx_hal_uart.o
    0x080043a2   0x080043a2   0x00000002   PAD
    0x080043a4   0x080043a4   0x0000000c   Code   RO          144    .text.USART1_IRQHandler  stm32f4xx_it.o
    0x080043b0   0x080043b0   0x0000000c   Code   RO          146    .text.USART3_IRQHandler  stm32f4xx_it.o
    0x080043bc   0x080043bc   0x0000000c   Code   RO          156    .text.USART6_IRQHandler  stm32f4xx_it.o
    0x080043c8   0x080043c8   0x00000002   Code   RO          134    .text.UsageFault_Handler  stm32f4xx_it.o
    0x080043ca   0x080043ca   0x00000002   PAD
    0x080043cc   0x080043cc   0x00000044   Code   RO         1219    .text.delay_us      delay.o
    0x08004410   0x08004410   0x00000160   Code   RO           19    .text.main          main.o
    0x08004570   0x08004570   0x000000c0   Code   RO         1386    .text.prvAddCurrentTaskToDelayedList  tasks.o
    0x08004630   0x08004630   0x00000070   Code   RO         1512    .text.prvCheckForValidListAndQueue  timers.o
    0x080046a0   0x080046a0   0x0000007a   Code   RO         1410    .text.prvIdleTask   tasks.o
    0x0800471a   0x0800471a   0x00000002   PAD
    0x0800471c   0x0800471c   0x00000028   Code   RO         1602    .text.prvPortStartFirstTask  port.o
    0x08004744   0x08004744   0x0000007c   Code   RO         1544    .text.prvProcessExpiredTimer  timers.o
    0x080047c0   0x080047c0   0x00000032   Code   RO         1592    .text.prvTaskExitError  port.o
    0x080047f2   0x080047f2   0x00000002   PAD
    0x080047f4   0x080047f4   0x0000022e   Code   RO         1514    .text.prvTimerTask  timers.o
    0x08004a22   0x08004a22   0x00000002   PAD
    0x08004a24   0x08004a24   0x00000074   Code   RO         1329    .text.prvUnlockQueue  queue.o
    0x08004a98   0x08004a98   0x0000018a   Code   RO         1561    .text.pvPortMalloc  heap_4.o
    0x08004c22   0x08004c22   0x00000002   PAD
    0x08004c24   0x08004c24   0x00000024   Code   RO         1590    .text.pxPortInitialiseStack  port.o
    0x08004c48   0x08004c48   0x00000024   Code   RO         1303    .text.uxListRemove  list.o
    0x08004c6c   0x08004c6c   0x00000002   Code   RO           11    .text.vApplicationIdleHook  main.o
    0x08004c6e   0x08004c6e   0x00000002   PAD
    0x08004c70   0x08004c70   0x00000002   Code   RO           17    .text.vApplicationMallocFailedHook  main.o
    0x08004c72   0x08004c72   0x00000002   PAD
    0x08004c74   0x08004c74   0x00000002   Code   RO           15    .text.vApplicationStackOverflowHook  main.o
    0x08004c76   0x08004c76   0x00000002   PAD
    0x08004c78   0x08004c78   0x00000002   Code   RO           13    .text.vApplicationTickHook  main.o
    0x08004c7a   0x08004c7a   0x00000002   PAD
    0x08004c7c   0x08004c7c   0x00000016   Code   RO         1295    .text.vListInitialise  list.o
    0x08004c92   0x08004c92   0x00000002   PAD
    0x08004c94   0x08004c94   0x00000006   Code   RO         1297    .text.vListInitialiseItem  list.o
    0x08004c9a   0x08004c9a   0x00000002   PAD
    0x08004c9c   0x08004c9c   0x0000003a   Code   RO         1301    .text.vListInsert   list.o
    0x08004cd6   0x08004cd6   0x00000002   PAD
    0x08004cd8   0x08004cd8   0x00000014   Code   RO         1600    .text.vPortEnableVFP  port.o
    0x08004cec   0x08004cec   0x00000046   Code   RO         1606    .text.vPortEnterCritical  port.o
    0x08004d32   0x08004d32   0x00000002   PAD
    0x08004d34   0x08004d34   0x0000002e   Code   RO         1608    .text.vPortExitCritical  port.o
    0x08004d62   0x08004d62   0x00000002   PAD
    0x08004d64   0x08004d64   0x000000c2   Code   RO         1563    .text.vPortFree     heap_4.o
    0x08004e26   0x08004e26   0x00000002   PAD
    0x08004e28   0x08004e28   0x0000001e   Code   RO         1598    .text.vPortSetupTimerInterrupt  port.o
    0x08004e46   0x08004e46   0x00000002   PAD
    0x08004e48   0x08004e48   0x0000005a   Code   RO         1363    .text.vQueueAddToRegistry  queue.o
    0x08004ea2   0x08004ea2   0x00000002   PAD
    0x08004ea4   0x08004ea4   0x00000046   Code   RO         1367    .text.vQueueWaitForMessageRestricted  queue.o
    0x08004eea   0x08004eea   0x00000002   PAD
    0x08004eec   0x08004eec   0x00000058   Code   RO         1208    .text.vTaskDS18B20Print  ds18b20.o
    0x08004f44   0x08004f44   0x000000c4   Code   RO         1390    .text.vTaskDelay    tasks.o
    0x08005008   0x08005008   0x0000001a   Code   RO         1440    .text.vTaskInternalSetTimeOutState  tasks.o
    0x08005022   0x08005022   0x00000002   PAD
    0x08005024   0x08005024   0x0000000e   Code   RO         1444    .text.vTaskMissedYield  tasks.o
    0x08005032   0x08005032   0x00000002   PAD
    0x08005034   0x08005034   0x00000036   Code   RO         1428    .text.vTaskPlaceOnEventList  tasks.o
    0x0800506a   0x0800506a   0x00000002   PAD
    0x0800506c   0x0800506c   0x00000072   Code   RO         1432    .text.vTaskPlaceOnEventListRestricted  tasks.o
    0x080050de   0x080050de   0x00000002   PAD
    0x080050e0   0x080050e0   0x0000009c   Code   RO         1408    .text.vTaskStartScheduler  tasks.o
    0x0800517c   0x0800517c   0x00000010   Code   RO         1384    .text.vTaskSuspendAll  tasks.o
    0x0800518c   0x0800518c   0x000000b6   Code   RO         1402    .text.vTaskSwitchContext  tasks.o
    0x08005242   0x08005242   0x00000002   PAD
    0x08005244   0x08005244   0x00000054   Code   RO         1177    .text.vTaskTDS      sensor.o
    0x08005298   0x08005298   0x00000058   Code   RO         1173    .text.vTaskTur      sensor.o
    0x080052f0   0x080052f0   0x00000054   Code   RO         1175    .text.vTaskpH       sensor.o
    0x08005344   0x08005344   0x0000012e   Code   RO         1596    .text.xPortStartScheduler  port.o
    0x08005472   0x08005472   0x00000002   PAD
    0x08005474   0x08005474   0x00000092   Code   RO         1315    .text.xQueueGenericCreate  queue.o
    0x08005506   0x08005506   0x00000002   PAD
    0x08005508   0x08005508   0x000001a8   Code   RO         1335    .text.xQueueReceive  queue.o
    0x080056b0   0x080056b0   0x0000008c   Code   RO         1442    .text.xTaskCheckForTimeOut  tasks.o
    0x0800573c   0x0800573c   0x000001f8   Code   RO         1378    .text.xTaskCreate   tasks.o
    0x08005934   0x08005934   0x00000026   Code   RO         1454    .text.xTaskGetSchedulerState  tasks.o
    0x0800595a   0x0800595a   0x00000002   PAD
    0x0800595c   0x0800595c   0x0000000c   Code   RO         1416    .text.xTaskGetTickCount  tasks.o
    0x08005968   0x08005968   0x000001d8   Code   RO         1414    .text.xTaskIncrementTick  tasks.o
    0x08005b40   0x08005b40   0x000000e8   Code   RO         1434    .text.xTaskRemoveFromEventList  tasks.o
    0x08005c28   0x08005c28   0x00000180   Code   RO         1388    .text.xTaskResumeAll  tasks.o
    0x08005da8   0x08005da8   0x00000060   Code   RO         1510    .text.xTimerCreateTimerTask  timers.o
    0x08005e08   0x08005e08   0x0000003e   Code   RO         1826    CL$$btod_d2e        c_w.l(btod.o)
    0x08005e46   0x08005e46   0x00000046   Code   RO         1828    CL$$btod_d2e_denorm_low  c_w.l(btod.o)
    0x08005e8c   0x08005e8c   0x00000060   Code   RO         1827    CL$$btod_d2e_norm_op1  c_w.l(btod.o)
    0x08005eec   0x08005eec   0x00000338   Code   RO         1836    CL$$btod_div_common  c_w.l(btod.o)
    0x08006224   0x08006224   0x000000dc   Code   RO         1833    CL$$btod_e2e        c_w.l(btod.o)
    0x08006300   0x08006300   0x0000002a   Code   RO         1830    CL$$btod_ediv       c_w.l(btod.o)
    0x0800632a   0x0800632a   0x0000002a   Code   RO         1829    CL$$btod_emul       c_w.l(btod.o)
    0x08006354   0x08006354   0x00000244   Code   RO         1835    CL$$btod_mult_common  c_w.l(btod.o)
    0x08006598   0x08006598   0x00000030   Code   RO         1857    i.__ARM_fpclassify  m_wm.l(fpclassify.o)
    0x080065c8   0x080065c8   0x0000000e   Code   RO         1692    i._is_digit         c_w.l(__printf_wp.o)
    0x080065d6   0x080065d6   0x00000002   PAD
    0x080065d8   0x080065d8   0x0000002c   Code   RO         1851    locale$$code        c_w.l(lc_numeric_c.o)
    0x08006604   0x08006604   0x00000062   Code   RO         1724    x$fpl$d2f           fz_wm.l(d2f.o)
    0x08006666   0x08006666   0x00000002   PAD
    0x08006668   0x08006668   0x00000150   Code   RO         1726    x$fpl$dadd          fz_wm.l(daddsub_clz.o)
    0x080067b8   0x080067b8   0x00000018   Code   RO         1853    x$fpl$dcmpinf       fz_wm.l(dcmpi.o)
    0x080067d0   0x080067d0   0x000002b8   Code   RO         1735    x$fpl$ddiv          fz_wm.l(ddiv.o)
    0x08006a88   0x08006a88   0x00000078   Code   RO         1773    x$fpl$deqf          fz_wm.l(deqf.o)
    0x08006b00   0x08006b00   0x00000026   Code   RO         1738    x$fpl$dfltu         fz_wm.l(dflt_clz.o)
    0x08006b26   0x08006b26   0x00000002   PAD
    0x08006b28   0x08006b28   0x00000078   Code   RO         1775    x$fpl$dgeqf         fz_wm.l(dgeqf.o)
    0x08006ba0   0x08006ba0   0x00000078   Code   RO         1777    x$fpl$dleqf         fz_wm.l(dleqf.o)
    0x08006c18   0x08006c18   0x00000154   Code   RO         1744    x$fpl$dmul          fz_wm.l(dmul.o)
    0x08006d6c   0x08006d6c   0x0000009c   Code   RO         1779    x$fpl$dnaninf       fz_wm.l(dnaninf.o)
    0x08006e08   0x08006e08   0x0000000c   Code   RO         1781    x$fpl$dretinf       fz_wm.l(dretinf.o)
    0x08006e14   0x08006e14   0x000001dc   Code   RO         1728    x$fpl$dsub          fz_wm.l(daddsub_clz.o)
    0x08006ff0   0x08006ff0   0x00000056   Code   RO         1746    x$fpl$f2d           fz_wm.l(f2d.o)
    0x08007046   0x08007046   0x00000054   Code   RO         1732    x$fpl$fcmp          fz_wm.l(dcmp.o)
    0x0800709a   0x0800709a   0x0000008c   Code   RO         1783    x$fpl$fnaninf       fz_wm.l(fnaninf.o)
    0x08007126   0x08007126   0x0000001a   Code   RO         1941    x$fpl$fpinit        fz_wm.l(fpinit.o)
    0x08007140   0x08007140   0x0000000a   Code   RO         1785    x$fpl$fretinf       fz_wm.l(fretinf.o)
    0x0800714a   0x0800714a   0x00000004   Code   RO         1748    x$fpl$printf1       fz_wm.l(printf1.o)
    0x0800714e   0x0800714e   0x00000000   Code   RO         1787    x$fpl$usenofp       fz_wm.l(usenofp.o)
    0x0800714e   0x0800714e   0x00000002   PAD
    0x08007150   0x08007150   0x00000094   Data   RO         1824    .constdata          c_w.l(bigflt0.o)
    0x080071e4   0x080071e4   0x00000010   Data   RO         1114    .rodata.AHBPrescTable  system_stm32f4xx.o
    0x080071f4   0x080071f4   0x00000008   Data   RO         1115    .rodata.APBPrescTable  system_stm32f4xx.o
    0x080071fc   0x080071fc   0x00000004   Data   RO         1481    .rodata.uxTopUsedPriority  tasks.o
    0x08007200   0x08007200   0x00000020   Data   RO         2017    Region$$Table       anon$$obj.o
    0x08007220   0x08007220   0x0000001c   Data   RO         1850    locale$$data        c_w.l(lc_numeric_c.o)


    Execution Region RW_IRAM1 (Exec base: 0x20000000, Load base: 0x08007240, Size: 0x00013a48, Max: 0x0001c000, ABSOLUTE)

    Exec Addr    Load Addr    Size         Type   Attr      Idx    E Section Name        Object

    0x20000000   0x08007240   0x00000004   Data   RW         1113    .data.SystemCoreClock  system_stm32f4xx.o
    0x20000004   0x08007244   0x00000001   Data   RW          620    .data.uwTickFreq    stm32f4xx_hal.o
    0x20000005   0x08007245   0x00000003   PAD
    0x20000008   0x08007248   0x00000004   Data   RW          619    .data.uwTickPrio    stm32f4xx_hal.o
    0x2000000c   0x0800724c   0x00000004   Data   RW         1618    .data.uxCriticalNesting  port.o
    0x20000010        -       0x00000060   Zero   RW         1789    .bss                c_w.l(libspace.o)
    0x20000070        -       0x00000008   Zero   RW         1182    .bss.ADC_ConvertedValueLocal  sensor.o
    0x20000078        -       0x0000001e   Zero   RW         1184    .bss.Sensor_Tx      sensor.o
    0x20000096   0x08007250   0x00000002   PAD
    0x20000098        -       0x00000004   Zero   RW           26    .bss.TaskDS18B20_Handle  main.o
    0x2000009c        -       0x00000004   Zero   RW           29    .bss.TaskTDS_Handle  main.o
    0x200000a0        -       0x00000004   Zero   RW           27    .bss.TaskTur_Handle  main.o
    0x200000a4        -       0x00000004   Zero   RW           28    .bss.TaskpH_Handle  main.o
    0x200000a8        -       0x00000014   Zero   RW           25    .bss.Tx             main.o
    0x200000bc        -       0x00000004   Zero   RW         1179    .bss.adc_raw_value  sensor.o
    0x200000c0        -       0x00000096   Zero   RW         1210    .bss.ds18b20_tx     ds18b20.o
    0x20000156   0x08007250   0x00000002   PAD
    0x20000158        -       0x00000048   Zero   RW           59    .bss.hadc1          adc.o
    0x200001a0        -       0x00000048   Zero   RW           60    .bss.hadc2          adc.o
    0x200001e8        -       0x00000048   Zero   RW           61    .bss.hadc3          adc.o
    0x20000230        -       0x00000048   Zero   RW           93    .bss.htim10         tim.o
    0x20000278        -       0x00000048   Zero   RW           94    .bss.htim12         tim.o
    0x200002c0        -       0x00000048   Zero   RW           95    .bss.htim13         tim.o
    0x20000308        -       0x00000048   Zero   RW           96    .bss.htim14         tim.o
    0x20000350        -       0x00000048   Zero   RW           90    .bss.htim3          tim.o
    0x20000398        -       0x00000048   Zero   RW           91    .bss.htim6          tim.o
    0x200003e0        -       0x00000048   Zero   RW           92    .bss.htim8          tim.o
    0x20000428        -       0x00000048   Zero   RW          115    .bss.huart1         usart.o
    0x20000470        -       0x00000048   Zero   RW          116    .bss.huart3         usart.o
    0x200004b8        -       0x00000048   Zero   RW          117    .bss.huart6         usart.o
    0x20000500        -       0x00000001   Zero   RW         1237    .bss.i              4gdtu.o
    0x20000501   0x08007250   0x00000007   PAD
    0x20000508        -       0x00000010   Zero   RW         1180    .bss.pH             sensor.o
    0x20000518        -       0x00000004   Zero   RW         1550    .bss.prvSampleTimeNow.xLastTime  timers.o
    0x2000051c        -       0x00000004   Zero   RW         1480    .bss.pxCurrentTCB   tasks.o
    0x20000520        -       0x00000004   Zero   RW         1548    .bss.pxCurrentTimerList  timers.o
    0x20000524        -       0x00000004   Zero   RW         1491    .bss.pxDelayedTaskList  tasks.o
    0x20000528        -       0x00000004   Zero   RW         1575    .bss.pxEnd          heap_4.o
    0x2000052c        -       0x00000004   Zero   RW         1492    .bss.pxOverflowDelayedTaskList  tasks.o
    0x20000530        -       0x00000004   Zero   RW         1549    .bss.pxOverflowTimerList  timers.o
    0x20000534        -       0x00000064   Zero   RW         1482    .bss.pxReadyTasksLists  tasks.o
    0x20000598        -       0x00000001   Zero   RW         1245    .bss.receivedData   4gdtu.o
    0x20000599        -       0x0000015e   Zero   RW         1241    .bss.receivedString  4gdtu.o
    0x200006f7   0x08007250   0x00000001   PAD
    0x200006f8        -       0x00000010   Zero   RW         1183    .bss.tds            sensor.o
    0x20000708        -       0x00000010   Zero   RW         1181    .bss.tur            sensor.o
    0x20000718        -       0x00000004   Zero   RW         1243    .bss.uartQueue      4gdtu.o
    0x2000071c        -       0x00012c00   Zero   RW         1581    .bss.ucHeap         heap_4.o
    0x2001331c        -       0x00000001   Zero   RW         1616    .bss.ucMaxSysCallPriority  port.o
    0x2001331d   0x08007250   0x00000003   PAD
    0x20013320        -       0x00000004   Zero   RW         1617    .bss.ulMaxPRIGROUPValue  port.o
    0x20013324        -       0x00000004   Zero   RW          621    .bss.uwTick         stm32f4xx_hal.o
    0x20013328        -       0x00000004   Zero   RW         1487    .bss.uxCurrentNumberOfTasks  tasks.o
    0x2001332c        -       0x00000004   Zero   RW         1486    .bss.uxDeletedTasksWaitingCleanUp  tasks.o
    0x20013330        -       0x00000004   Zero   RW         1489    .bss.uxSchedulerSuspended  tasks.o
    0x20013334        -       0x00000004   Zero   RW         1484    .bss.uxTaskNumber   tasks.o
    0x20013338        -       0x00000004   Zero   RW         1483    .bss.uxTopReadyPriority  tasks.o
    0x2001333c        -       0x00000014   Zero   RW         1551    .bss.xActiveTimerList1  timers.o
    0x20013350        -       0x00000014   Zero   RW         1552    .bss.xActiveTimerList2  timers.o
    0x20013364        -       0x00000014   Zero   RW         1500    .bss.xDelayedTaskList1  tasks.o
    0x20013378        -       0x00000014   Zero   RW         1501    .bss.xDelayedTaskList2  tasks.o
    0x2001338c        -       0x00000004   Zero   RW         1576    .bss.xFreeBytesRemaining  heap_4.o
    0x20013390        -       0x00000004   Zero   RW         1496    .bss.xIdleTaskHandle  tasks.o
    0x20013394        -       0x00000004   Zero   RW         1578    .bss.xMinimumEverFreeBytesRemaining  heap_4.o
    0x20013398        -       0x00000004   Zero   RW         1497    .bss.xNextTaskUnblockTime  tasks.o
    0x2001339c        -       0x00000004   Zero   RW         1499    .bss.xNumOfOverflows  tasks.o
    0x200133a0        -       0x00000004   Zero   RW         1579    .bss.xNumberOfSuccessfulAllocations  heap_4.o
    0x200133a4        -       0x00000004   Zero   RW         1580    .bss.xNumberOfSuccessfulFrees  heap_4.o
    0x200133a8        -       0x00000004   Zero   RW         1498    .bss.xPendedTicks   tasks.o
    0x200133ac        -       0x00000014   Zero   RW         1495    .bss.xPendingReadyList  tasks.o
    0x200133c0        -       0x00000040   Zero   RW         1369    .bss.xQueueRegistry  queue.o
    0x20013400        -       0x00000004   Zero   RW         1488    .bss.xSchedulerRunning  tasks.o
    0x20013404        -       0x00000008   Zero   RW         1577    .bss.xStart         heap_4.o
    0x2001340c        -       0x00000014   Zero   RW         1493    .bss.xSuspendedTaskList  tasks.o
    0x20013420        -       0x00000014   Zero   RW         1485    .bss.xTasksWaitingTermination  tasks.o
    0x20013434        -       0x00000004   Zero   RW         1490    .bss.xTickCount     tasks.o
    0x20013438        -       0x00000004   Zero   RW         1546    .bss.xTimerQueue    timers.o
    0x2001343c        -       0x00000004   Zero   RW         1547    .bss.xTimerTaskHandle  timers.o
    0x20013440        -       0x00000004   Zero   RW         1494    .bss.xYieldPending  tasks.o
    0x20013444   0x08007250   0x00000004   PAD
    0x20013448        -       0x00000200   Zero   RW            2    HEAP                startup_stm32f407xx.o
    0x20013648        -       0x00000400   Zero   RW            1    STACK               startup_stm32f407xx.o


    Execution Region RW_IRAM2 (Exec base: 0x2001c000, Load base: 0x08007250, Size: 0x00000000, Max: 0x00004000, ABSOLUTE)

    **** No section assigned to this execution region ****


==============================================================================

Image component sizes


      Code (inc. data)   RO Data    RW Data    ZI Data      Debug   Object Name

       112          0          0          0        356       5216   4gdtu.o
       594          0          0          0        216       7859   adc.o
        68          0          0          0          0       4110   delay.o
      1356         32          0          0        150       6303   ds18b20.o
       170          0          0          0          0       2370   gpio.o
       588          0          0          0      76828       5491   heap_4.o
       122          0          0          0          0       2291   list.o
       532         40          0          0         36       5219   main.o
       106          0          0          0          0       4553   motor.o
       776         16          0          4          5       4277   port.o
       846          0          0          0         64      23145   queue.o
       804        104          0          0         90       8167   sensor.o
        64         26        392          0       1536        928   startup_stm32f407xx.o
       146          0          0          5          4       7530   stm32f4xx_hal.o
      1264          0          0          0          0      11777   stm32f4xx_hal_adc.o
         2          0          0          0          0       9576   stm32f4xx_hal_adc_ex.o
       196          0          0          0          0      10952   stm32f4xx_hal_cortex.o
       164          0          0          0          0       9928   stm32f4xx_hal_dma.o
       424          0          0          0          0       5291   stm32f4xx_hal_gpio.o
        56          0          0          0          0       1598   stm32f4xx_hal_msp.o
      1394          4          0          0          0       7666   stm32f4xx_hal_rcc.o
      2432          4          0          0          0      58167   stm32f4xx_hal_tim.o
       268          0          0          0          0      22432   stm32f4xx_hal_tim_ex.o
      1626          0          0          0          0      27845   stm32f4xx_hal_uart.o
       216          0          0          0          0       7507   stm32f4xx_it.o
        18          0         24          4          0       2893   system_stm32f4xx.o
      2854          8          4          0        260      38120   tasks.o
      1824          0          0          0        504      11330   tim.o
       890         26          0          0         60      12143   timers.o
       476          0          0          0        216       7978   usart.o

    ----------------------------------------------------------------------
     20572        260        452         16      80344     332662   Object Totals
         0          0         32          0          0          0   (incl. Generated)
       184          0          0          3         19          0   (incl. Padding)

    ----------------------------------------------------------------------

      Code (inc. data)   RO Data    RW Data    ZI Data      Debug   Library Member Name

         8          0          0          0          0         68   __main.o
       284          0          0          0          0        156   __printf_wp.o
         0          0          0          0          0          0   __rtentry.o
        12          0          0          0          0          0   __rtentry2.o
         6          0          0          0          0          0   __rtentry4.o
        94          8          0          0          0          0   __scatter.o
        26          0          0          0          0          0   __scatter_copy.o
        28          0          0          0          0          0   __scatter_zi.o
        48          6          0          0          0         96   _printf_char_common.o
         6          0          0          0          0          0   _printf_f.o
      1052          0          0          0          0        148   _printf_fp_dec.o
       128         16          0          0          0         84   _printf_fp_infnan.o
         0          0          0          0          0          0   _printf_percent.o
         4          0          0          0          0          0   _printf_percent_end.o
        10          0          0          0          0         68   _sputc.o
        16          0          0          0          0         68   aeabi_memset4.o
       228          4        148          0          0         96   bigflt0.o
      1936        128          0          0          0        668   btod.o
        18          0          0          0          0         80   exit.o
         6          0          0          0          0        152   heapauxi.o
         0          0          0          0          0          0   indicate_semi.o
        44         10         28          0          0         76   lc_numeric_c.o
         2          0          0          0          0          0   libinit.o
        22          0          0          0          0          0   libinit2.o
         2          0          0          0          0          0   libshutdown.o
         2          0          0          0          0          0   libshutdown2.o
         8          4          0          0         96         68   libspace.o
       138          0          0          0          0         80   lludiv10.o
       240          0          0          0          0        100   lludivv7m.o
        40          6          0          0          0         84   noretval__2sprintf.o
         8          4          0          0          0         68   rt_locale_intlibspace.o
        68          0          0          0          0         68   rt_memclr.o
        78          0          0          0          0         80   rt_memclr_w.o
       138          0          0          0          0         68   rt_memcpy_v6.o
       100          0          0          0          0         80   rt_memcpy_w.o
         2          0          0          0          0          0   rtexit.o
        10          0          0          0          0          0   rtexit2.o
       124          0          0          0          0         88   strcmpv7em.o
        62          0          0          0          0         76   strlen.o
        12          4          0          0          0         68   sys_exit.o
        74          0          0          0          0         80   sys_stackheap_outer.o
         2          0          0          0          0         68   use_no_semi.o
        98          4          0          0          0        140   d2f.o
       812         16          0          0          0        392   daddsub_clz.o
        84          0          0          0          0        244   dcmp.o
        24          0          0          0          0        116   dcmpi.o
       696        140          0          0          0        264   ddiv.o
       120          4          0          0          0        140   deqf.o
        38          0          0          0          0        116   dflt_clz.o
       120          4          0          0          0        140   dgeqf.o
       120          4          0          0          0        140   dleqf.o
       340         12          0          0          0        152   dmul.o
       156          4          0          0          0        140   dnaninf.o
        12          0          0          0          0        116   dretinf.o
        86          4          0          0          0        132   f2d.o
       140          4          0          0          0        132   fnaninf.o
        26          0          0          0          0        116   fpinit.o
        10          0          0          0          0        116   fretinf.o
         4          0          0          0          0        116   printf1.o
         0          0          0          0          0          0   usenofp.o
        48          0          0          0          0        124   fpclassify.o

    ----------------------------------------------------------------------
      8044        386        176          0         96       5672   Library Totals
        24          0          0          0          0          0   (incl. Padding)

    ----------------------------------------------------------------------

      Code (inc. data)   RO Data    RW Data    ZI Data      Debug   Library Name

      5086        190        176          0         96       2836   c_w.l
      2886        196          0          0          0       2712   fz_wm.l
        48          0          0          0          0        124   m_wm.l

    ----------------------------------------------------------------------
      8044        386        176          0         96       5672   Library Totals

    ----------------------------------------------------------------------

==============================================================================


      Code (inc. data)   RO Data    RW Data    ZI Data      Debug   

     28616        646        628         16      80440     334582   Grand Totals
     28616        646        628         16      80440     334582   ELF Image Totals
     28616        646        628         16          0          0   ROM Totals

==============================================================================

    Total RO  Size (Code + RO Data)                29244 (  28.56kB)
    Total RW  Size (RW Data + ZI Data)             80456 (  78.57kB)
    Total ROM Size (Code + RO Data + RW Data)      29260 (  28.57kB)

==============================================================================

